Component: ARM Compiler 5.06 update 6 (build 750) Tool: armlink [4d35ed]

==============================================================================

Section Cross References

    startup_stm32g431xx.o(RESET) refers to startup_stm32g431xx.o(STACK) for __initial_sp
    startup_stm32g431xx.o(RESET) refers to startup_stm32g431xx.o(.text) for Reset_Handler
    startup_stm32g431xx.o(RESET) refers to stm32g4xx_it.o(i.NMI_Handler) for NMI_Handler
    startup_stm32g431xx.o(RESET) refers to stm32g4xx_it.o(i.HardFault_Handler) for HardFault_Handler
    startup_stm32g431xx.o(RESET) refers to stm32g4xx_it.o(i.MemManage_Handler) for MemManage_Handler
    startup_stm32g431xx.o(RESET) refers to stm32g4xx_it.o(i.BusFault_Handler) for BusFault_Handler
    startup_stm32g431xx.o(RESET) refers to stm32g4xx_it.o(i.UsageFault_Handler) for UsageFault_Handler
    startup_stm32g431xx.o(RESET) refers to stm32g4xx_it.o(i.SVC_Handler) for SVC_Handler
    startup_stm32g431xx.o(RESET) refers to stm32g4xx_it.o(i.DebugMon_Handler) for DebugMon_Handler
    startup_stm32g431xx.o(RESET) refers to stm32g4xx_it.o(i.PendSV_Handler) for PendSV_Handler
    startup_stm32g431xx.o(RESET) refers to stm32g4xx_it.o(i.SysTick_Handler) for SysTick_Handler
    startup_stm32g431xx.o(RESET) refers to stm32g4xx_it.o(i.ADC1_2_IRQHandler) for ADC1_2_IRQHandler
    startup_stm32g431xx.o(.text) refers to system_stm32g4xx.o(i.SystemInit) for SystemInit
    startup_stm32g431xx.o(.text) refers to entry.o(.ARM.Collect$$$$00000000) for __main
    main.o(i.SystemClock_Config) refers to memseta.o(.text) for __aeabi_memclr4
    main.o(i.SystemClock_Config) refers to stm32g4xx_hal_pwr_ex.o(i.HAL_PWREx_ControlVoltageScaling) for HAL_PWREx_ControlVoltageScaling
    main.o(i.SystemClock_Config) refers to stm32g4xx_hal_rcc.o(i.HAL_RCC_OscConfig) for HAL_RCC_OscConfig
    main.o(i.SystemClock_Config) refers to main.o(i.Error_Handler) for Error_Handler
    main.o(i.SystemClock_Config) refers to stm32g4xx_hal_rcc.o(i.HAL_RCC_ClockConfig) for HAL_RCC_ClockConfig
    main.o(i.main) refers to stm32g4xx_hal.o(i.HAL_Init) for HAL_Init
    main.o(i.main) refers to main.o(i.SystemClock_Config) for SystemClock_Config
    main.o(i.main) refers to gpio.o(i.MX_GPIO_Init) for MX_GPIO_Init
    main.o(i.main) refers to cordic.o(i.MX_CORDIC_Init) for MX_CORDIC_Init
    main.o(i.main) refers to adc.o(i.MX_ADC1_Init) for MX_ADC1_Init
    main.o(i.main) refers to tim.o(i.MX_TIM1_Init) for MX_TIM1_Init
    main.o(i.main) refers to spi.o(i.MX_SPI1_Init) for MX_SPI1_Init
    main.o(i.main) refers to usart.o(i.MX_USART1_UART_Init) for MX_USART1_UART_Init
    main.o(i.main) refers to start_init.o(i.Start_Init) for Start_Init
    main.o(i.main) refers to motorid.o(i.generate_bode_frequencies) for generate_bode_frequencies
    main.o(i.main) refers to motorid.o(i.ScanFrequence_PrintBuff) for ScanFrequence_PrintBuff
    main.o(i.main) refers to main.o(.bss) for freq_array
    main.o(i.main) refers to main.o(.data) for fre_cnt
    gpio.o(i.MX_GPIO_Init) refers to memseta.o(.text) for __aeabi_memclr4
    gpio.o(i.MX_GPIO_Init) refers to stm32g4xx_hal_gpio.o(i.HAL_GPIO_WritePin) for HAL_GPIO_WritePin
    gpio.o(i.MX_GPIO_Init) refers to stm32g4xx_hal_gpio.o(i.HAL_GPIO_Init) for HAL_GPIO_Init
    adc.o(i.HAL_ADC_MspDeInit) refers to stm32g4xx_hal_gpio.o(i.HAL_GPIO_DeInit) for HAL_GPIO_DeInit
    adc.o(i.HAL_ADC_MspDeInit) refers to stm32g4xx_hal_cortex.o(i.HAL_NVIC_DisableIRQ) for HAL_NVIC_DisableIRQ
    adc.o(i.HAL_ADC_MspInit) refers to memseta.o(.text) for __aeabi_memclr4
    adc.o(i.HAL_ADC_MspInit) refers to stm32g4xx_hal_rcc_ex.o(i.HAL_RCCEx_PeriphCLKConfig) for HAL_RCCEx_PeriphCLKConfig
    adc.o(i.HAL_ADC_MspInit) refers to main.o(i.Error_Handler) for Error_Handler
    adc.o(i.HAL_ADC_MspInit) refers to stm32g4xx_hal_gpio.o(i.HAL_GPIO_Init) for HAL_GPIO_Init
    adc.o(i.HAL_ADC_MspInit) refers to stm32g4xx_hal_cortex.o(i.HAL_NVIC_SetPriority) for HAL_NVIC_SetPriority
    adc.o(i.HAL_ADC_MspInit) refers to stm32g4xx_hal_cortex.o(i.HAL_NVIC_EnableIRQ) for HAL_NVIC_EnableIRQ
    adc.o(i.MX_ADC1_Init) refers to memseta.o(.text) for __aeabi_memclr4
    adc.o(i.MX_ADC1_Init) refers to stm32g4xx_hal_adc.o(i.HAL_ADC_Init) for HAL_ADC_Init
    adc.o(i.MX_ADC1_Init) refers to main.o(i.Error_Handler) for Error_Handler
    adc.o(i.MX_ADC1_Init) refers to stm32g4xx_hal_adc_ex.o(i.HAL_ADCEx_MultiModeConfigChannel) for HAL_ADCEx_MultiModeConfigChannel
    adc.o(i.MX_ADC1_Init) refers to stm32g4xx_hal_adc_ex.o(i.HAL_ADCEx_InjectedConfigChannel) for HAL_ADCEx_InjectedConfigChannel
    adc.o(i.MX_ADC1_Init) refers to adc.o(.bss) for hadc1
    cordic.o(i.MX_CORDIC_Init) refers to stm32g4xx_hal_cordic.o(i.HAL_CORDIC_Init) for HAL_CORDIC_Init
    cordic.o(i.MX_CORDIC_Init) refers to main.o(i.Error_Handler) for Error_Handler
    cordic.o(i.MX_CORDIC_Init) refers to cordic.o(.bss) for hcordic
    spi.o(i.HAL_SPI_MspDeInit) refers to stm32g4xx_hal_gpio.o(i.HAL_GPIO_DeInit) for HAL_GPIO_DeInit
[...]
    i.HAL_SPI_TransmitReceive                0x0800382c   Section        0  stm32g4xx_hal_spi.o(i.HAL_SPI_TransmitReceive)
    i.HAL_SYSTICK_Config                     0x08003afe   Section        0  stm32g4xx_hal_cortex.o(i.HAL_SYSTICK_Config)
    i.HAL_TIMEx_ConfigBreakDeadTime          0x08003b34   Section        0  stm32g4xx_hal_tim_ex.o(i.HAL_TIMEx_ConfigBreakDeadTime)
    i.HAL_TIMEx_MasterConfigSynchronization  0x08003bfc   Section        0  stm32g4xx_hal_tim_ex.o(i.HAL_TIMEx_MasterConfigSynchronization)
    i.HAL_TIMEx_PWMN_Start                   0x08003cb4   Section        0  stm32g4xx_hal_tim_ex.o(i.HAL_TIMEx_PWMN_Start)
    i.HAL_TIM_Base_Init                      0x08003d9c   Section        0  stm32g4xx_hal_tim.o(i.HAL_TIM_Base_Init)
    i.HAL_TIM_Base_MspInit                   0x08003e0c   Section        0  tim.o(i.HAL_TIM_Base_MspInit)
    i.HAL_TIM_Base_Start                     0x08003e3c   Section        0  stm32g4xx_hal_tim.o(i.HAL_TIM_Base_Start)
    i.HAL_TIM_ConfigClockSource              0x08003ecc   Section        0  stm32g4xx_hal_tim.o(i.HAL_TIM_ConfigClockSource)
    i.HAL_TIM_MspPostInit                    0x08004000   Section        0  tim.o(i.HAL_TIM_MspPostInit)
    i.HAL_TIM_PWM_ConfigChannel              0x080040b4   Section        0  stm32g4xx_hal_tim.o(i.HAL_TIM_PWM_ConfigChannel)
    i.HAL_TIM_PWM_Init                       0x08004224   Section        0  stm32g4xx_hal_tim.o(i.HAL_TIM_PWM_Init)
    i.HAL_TIM_PWM_MspInit                    0x08004292   Section        0  stm32g4xx_hal_tim.o(i.HAL_TIM_PWM_MspInit)
    i.HAL_TIM_PWM_Start                      0x08004294   Section        0  stm32g4xx_hal_tim.o(i.HAL_TIM_PWM_Start)
    i.HAL_UARTEx_DisableFifoMode             0x080043e0   Section        0  stm32g4xx_hal_uart_ex.o(i.HAL_UARTEx_DisableFifoMode)
    i.HAL_UARTEx_SetRxFifoThreshold          0x0800442e   Section        0  stm32g4xx_hal_uart_ex.o(i.HAL_UARTEx_SetRxFifoThreshold)
    i.HAL_UARTEx_SetTxFifoThreshold          0x0800448c   Section        0  stm32g4xx_hal_uart_ex.o(i.HAL_UARTEx_SetTxFifoThreshold)
    i.HAL_UART_Init                          0x080044ea   Section        0  stm32g4xx_hal_uart.o(i.HAL_UART_Init)
    i.HAL_UART_MspInit                       0x08004564   Section        0  usart.o(i.HAL_UART_MspInit)
    i.HAL_UART_Transmit                      0x080045f8   Section        0  stm32g4xx_hal_uart.o(i.HAL_UART_Transmit)
    i.HardFault_Handler                      0x080046ba   Section        0  stm32g4xx_it.o(i.HardFault_Handler)
    i.LL_ADC_Enable                          0x080046c0   Section        0  stm32g4xx_hal_adc.o(i.LL_ADC_Enable)
    LL_ADC_Enable                            0x080046c1   Thumb Code    12  stm32g4xx_hal_adc.o(i.LL_ADC_Enable)
    i.LL_ADC_GetMultimode                    0x080046d0   Section        0  stm32g4xx_hal_adc.o(i.LL_ADC_GetMultimode)
    LL_ADC_GetMultimode                      0x080046d1   Thumb Code    10  stm32g4xx_hal_adc.o(i.LL_ADC_GetMultimode)
    i.LL_ADC_GetOffsetChannel                0x080046da   Section        0  stm32g4xx_hal_adc_ex.o(i.LL_ADC_GetOffsetChannel)
    LL_ADC_GetOffsetChannel                  0x080046db   Thumb Code    18  stm32g4xx_hal_adc_ex.o(i.LL_ADC_GetOffsetChannel)
    i.LL_ADC_INJ_GetTrigAuto                 0x080046ec   Section        0  stm32g4xx_hal_adc_ex.o(i.LL_ADC_INJ_GetTrigAuto)
    LL_ADC_INJ_GetTrigAuto                   0x080046ed   Thumb Code    10  stm32g4xx_hal_adc_ex.o(i.LL_ADC_INJ_GetTrigAuto)
    i.LL_ADC_INJ_IsConversionOngoing         0x080046f6   Section        0  stm32g4xx_hal_adc.o(i.LL_ADC_INJ_IsConversionOngoing)
    LL_ADC_INJ_IsConversionOngoing           0x080046f7   Thumb Code    10  stm32g4xx_hal_adc.o(i.LL_ADC_INJ_IsConversionOngoing)
    i.LL_ADC_INJ_IsConversionOngoing         0x08004700   Section        0  stm32g4xx_hal_adc_ex.o(i.LL_ADC_INJ_IsConversionOngoing)
    LL_ADC_INJ_IsConversionOngoing           0x08004701   Thumb Code    10  stm32g4xx_hal_adc_ex.o(i.LL_ADC_INJ_IsConversionOngoing)
    i.LL_ADC_INJ_StartConversion             0x0800470c   Section        0  stm32g4xx_hal_adc_ex.o(i.LL_ADC_INJ_StartConversion)
    LL_ADC_INJ_StartConversion               0x0800470d   Thumb Code    14  stm32g4xx_hal_adc_ex.o(i.LL_ADC_INJ_StartConversion)
    i.LL_ADC_IsDisableOngoing                0x08004720   Section        0  stm32g4xx_hal_adc.o(i.LL_ADC_IsDisableOngoing)
    LL_ADC_IsDisableOngoing                  0x08004721   Thumb Code    10  stm32g4xx_hal_adc.o(i.LL_ADC_IsDisableOngoing)
    i.LL_ADC_IsEnabled                       0x0800472a   Section        0  stm32g4xx_hal_adc.o(i.LL_ADC_IsEnabled)
    LL_ADC_IsEnabled                         0x0800472b   Thumb Code    10  stm32g4xx_hal_adc.o(i.LL_ADC_IsEnabled)
    i.LL_ADC_IsEnabled                       0x08004734   Section        0  stm32g4xx_hal_adc_ex.o(i.LL_ADC_IsEnabled)
    LL_ADC_IsEnabled                         0x08004735   Thumb Code    10  stm32g4xx_hal_adc_ex.o(i.LL_ADC_IsEnabled)
    i.LL_ADC_IsInternalRegulatorEnabled      0x0800473e   Section        0  stm32g4xx_hal_adc.o(i.LL_ADC_IsInternalRegulatorEnabled)
    LL_ADC_IsInternalRegulatorEnabled        0x0800473f   Thumb Code    10  stm32g4xx_hal_adc.o(i.LL_ADC_IsInternalRegulatorEnabled)
    i.LL_ADC_REG_IsConversionOngoing         0x08004748   Section        0  stm32g4xx_hal_adc.o(i.LL_ADC_REG_IsConversionOngoing)
    LL_ADC_REG_IsConversionOngoing           0x08004749   Thumb Code    10  stm32g4xx_hal_adc.o(i.LL_ADC_REG_IsConversionOngoing)
    i.LL_ADC_REG_IsConversionOngoing         0x08004752   Section        0  stm32g4xx_hal_adc_ex.o(i.LL_ADC_REG_IsConversionOngoing)
    LL_ADC_REG_IsConversionOngoing           0x08004753   Thumb Code    10  stm32g4xx_hal_adc_ex.o(i.LL_ADC_REG_IsConversionOngoing)
    i.LL_ADC_REG_IsTriggerSourceSWStart      0x0800475c   Section        0  stm32g4xx_hal_adc.o(i.LL_ADC_REG_IsTriggerSourceSWStart)
    LL_ADC_REG_IsTriggerSourceSWStart        0x0800475d   Thumb Code    18  stm32g4xx_hal_adc.o(i.LL_ADC_REG_IsTriggerSourceSWStart)
    i.LL_ADC_SetChannelSamplingTime          0x0800476e   Section        0  stm32g4xx_hal_adc_ex.o(i.LL_ADC_SetChannelSamplingTime)
    LL_ADC_SetChannelSamplingTime            0x0800476f   Thumb Code    40  stm32g4xx_hal_adc_ex.o(i.LL_ADC_SetChannelSamplingTime)
    i.LL_ADC_SetCommonPathInternalCh         0x08004796   Section        0  stm32g4xx_hal_adc_ex.o(i.LL_ADC_SetCommonPathInternalCh)
    LL_ADC_SetCommonPathInternalCh           0x08004797   Thumb Code    12  stm32g4xx_hal_adc_ex.o(i.LL_ADC_SetCommonPathInternalCh)
    i.LL_ADC_SetOffsetState                  0x080047a2   Section        0  stm32g4xx_hal_adc_ex.o(i.LL_ADC_SetOffsetState)
    LL_ADC_SetOffsetState                    0x080047a3   Thumb Code    22  stm32g4xx_hal_adc_ex.o(i.LL_ADC_SetOffsetState)
    i.LL_ADC_SetSamplingTimeCommonConfig     0x080047b8   Section        0  stm32g4xx_hal_adc_ex.o(i.LL_ADC_SetSamplingTimeCommonConfig)
    LL_ADC_SetSamplingTimeCommonConfig       0x080047b9   Thumb Code    12  stm32g4xx_hal_adc_ex.o(i.LL_ADC_SetSamplingTimeCommonConfig)
    i.LdqID_Init                             0x080047c4   Section        0  motorid.o(i.LdqID_Init)
    LdqID_Init                               0x080047c5   Thumb Code   102  motorid.o(i.LdqID_Init)
    i.LdqID_Task                             0x08004840   Section        0  motorid.o(i.LdqID_Task)
    i.MT6701_Read                            0x08004a54   Section        0  mt6701.o(i.MT6701_Read)
    MT6701_Read                              0x08004a55   Thumb Code    46  mt6701.o(i.MT6701_Read)
    i.MT6701_ReadRaw                         0x08004a8c   Section        0  mt6701.o(i.MT6701_ReadRaw)
    i.MX_ADC1_Init                           0x08004aa8   Section        0  adc.o(i.MX_ADC1_Init)
    i.MX_CORDIC_Init                         0x08004bbc   Section        0  cordic.o(i.MX_CORDIC_Init)
    i.MX_GPIO_Init                           0x08004bdc   Section        0  gpio.o(i.MX_GPIO_Init)
    i.MX_SPI1_Init                           0x08004ca8   Section        0  spi.o(i.MX_SPI1_Init)
    i.MX_TIM1_Init                           0x08004cf8   Section        0  tim.o(i.MX_TIM1_Init)
    i.MX_USART1_UART_Init                    0x08004e2c   Section        0  usart.o(i.MX_USART1_UART_Init)
    i.MemManage_Handler                      0x08004e98   Section        0  stm32g4xx_it.o(i.MemManage_Handler)
    i.Mode_Task                              0x08004e9c   Section        0  usermain.o(i.Mode_Task)
    i.NMI_Handler                            0x08005010   Section        0  stm32g4xx_it.o(i.NMI_Handler)
    i.PID_I_Control                          0x08005014   Section        0  pid.o(i.PID_I_Control)
    i.PendSV_Handler                         0x08005286   Section        0  stm32g4xx_it.o(i.PendSV_Handler)
    i.RCC_GetSysClockFreqFromPLLSource       0x08005288   Section        0  stm32g4xx_hal_rcc.o(i.RCC_GetSysClockFreqFromPLLSource)
    RCC_GetSysClockFreqFromPLLSource         0x08005289   Thumb Code    90  stm32g4xx_hal_rcc.o(i.RCC_GetSysClockFreqFromPLLSource)
    i.RsID_Init                              0x080052f0   Section        0  motorid.o(i.RsID_Init)
    RsID_Init                                0x080052f1   Thumb Code    46  motorid.o(i.RsID_Init)
    i.RsID_Task                              0x08005328   Section        0  motorid.o(i.RsID_Task)
    i.SPI_EndRxTxTransaction                 0x080054e8   Section        0  stm32g4xx_hal_spi.o(i.SPI_EndRxTxTransaction)
    SPI_EndRxTxTransaction                   0x080054e9   Thumb Code   100  stm32g4xx_hal_spi.o(i.SPI_EndRxTxTransaction)
    i.SPI_WaitFifoStateUntilTimeout          0x0800554c   Section        0  stm32g4xx_hal_spi.o(i.SPI_WaitFifoStateUntilTimeout)
    SPI_WaitFifoStateUntilTimeout            0x0800554d   Thumb Code   242  stm32g4xx_hal_spi.o(i.SPI_WaitFifoStateUntilTimeout)
    i.SPI_WaitFlagStateUntilTimeout          0x08005644   Section        0  stm32g4xx_hal_spi.o(i.SPI_WaitFlagStateUntilTimeout)
    SPI_WaitFlagStateUntilTimeout            0x08005645   Thumb Code   210  stm32g4xx_hal_spi.o(i.SPI_WaitFlagStateUntilTimeout)
    i.SVC_Handler                            0x0800571c   Section        0  stm32g4xx_it.o(i.SVC_Handler)
    i.ScanFrequence_CntCal                   0x08005720   Section        0  motorid.o(i.ScanFrequence_CntCal)
    ScanFrequence_CntCal                     0x08005721   Thumb Code    28  motorid.o(i.ScanFrequence_CntCal)
    i.ScanFrequence_Init                     0x08005740   Section        0  motorid.o(i.ScanFrequence_Init)
    i.ScanFrequence_PrintBuff                0x080057a8   Section        0  motorid.o(i.ScanFrequence_PrintBuff)
    i.ScanFrequence_Start                    0x0800584c   Section        0  motorid.o(i.ScanFrequence_Start)
    i.ScanFrequence_Task                     0x080058e0   Section        0  motorid.o(i.ScanFrequence_Task)
    i.Set_SPWM                               0x08005ae0   Section        0  foc.o(i.Set_SPWM)
    i.Set_Svpwm                              0x08005c08   Section        0  foc.o(i.Set_Svpwm)
    i.Start_Init                             0x08006028   Section        0  start_init.o(i.Start_Init)
    i.SysTick_Handler                        0x080060ac   Section        0  stm32g4xx_it.o(i.SysTick_Handler)
    i.SystemClock_Config                     0x080060b4   Section        0  main.o(i.SystemClock_Config)
    i.SystemInit                             0x0800611c   Section        0  system_stm32g4xx.o(i.SystemInit)
    i.TIM_Base_SetConfig                     0x08006130   Section        0  stm32g4xx_hal_tim.o(i.TIM_Base_SetConfig)
    i.TIM_CCxChannelCmd                      0x080061fc   Section        0  stm32g4xx_hal_tim.o(i.TIM_CCxChannelCmd)
    i.TIM_CCxNChannelCmd                     0x0800621e   Section        0  stm32g4xx_hal_tim_ex.o(i.TIM_CCxNChannelCmd)
    TIM_CCxNChannelCmd                       0x0800621f   Thumb Code    34  stm32g4xx_hal_tim_ex.o(i.TIM_CCxNChannelCmd)
    i.TIM_ETR_SetConfig                      0x08006240   Section        0  stm32g4xx_hal_tim.o(i.TIM_ETR_SetConfig)
    i.TIM_ITRx_SetConfig                     0x08006258   Section        0  stm32g4xx_hal_tim.o(i.TIM_ITRx_SetConfig)
    TIM_ITRx_SetConfig                       0x08006259   Thumb Code    18  stm32g4xx_hal_tim.o(i.TIM_ITRx_SetConfig)
    i.TIM_OC1_SetConfig                      0x08006270   Section        0  stm32g4xx_hal_tim.o(i.TIM_OC1_SetConfig)
    TIM_OC1_SetConfig                        0x08006271   Thumb Code   146  stm32g4xx_hal_tim.o(i.TIM_OC1_SetConfig)
    i.TIM_OC2_SetConfig                      0x0800631c   Section        0  stm32g4xx_hal_tim.o(i.TIM_OC2_SetConfig)
    i.TIM_OC3_SetConfig                      0x080063d0   Section        0  stm32g4xx_hal_tim.o(i.TIM_OC3_SetConfig)
    TIM_OC3_SetConfig                        0x080063d1   Thumb Code   154  stm32g4xx_hal_tim.o(i.TIM_OC3_SetConfig)
    i.TIM_OC4_SetConfig                      0x08006484   Section        0  stm32g4xx_hal_tim.o(i.TIM_OC4_SetConfig)
    TIM_OC4_SetConfig                        0x08006485   Thumb Code   156  stm32g4xx_hal_tim.o(i.TIM_OC4_SetConfig)
    i.TIM_OC5_SetConfig                      0x08006538   Section        0  stm32g4xx_hal_tim.o(i.TIM_OC5_SetConfig)
    TIM_OC5_SetConfig                        0x08006539   Thumb Code    86  stm32g4xx_hal_tim.o(i.TIM_OC5_SetConfig)
    i.TIM_OC6_SetConfig                      0x080065a8   Section        0  stm32g4xx_hal_tim.o(i.TIM_OC6_SetConfig)
    TIM_OC6_SetConfig                        0x080065a9   Thumb Code    88  stm32g4xx_hal_tim.o(i.TIM_OC6_SetConfig)
    i.TIM_TI1_ConfigInputStage               0x08006618   Section        0  stm32g4xx_hal_tim.o(i.TIM_TI1_ConfigInputStage)
    TIM_TI1_ConfigInputStage                 0x08006619   Thumb Code    38  stm32g4xx_hal_tim.o(i.TIM_TI1_ConfigInputStage)
    i.TIM_TI2_ConfigInputStage               0x0800663e   Section        0  stm32g4xx_hal_tim.o(i.TIM_TI2_ConfigInputStage)
    TIM_TI2_ConfigInputStage                 0x0800663f   Thumb Code    40  stm32g4xx_hal_tim.o(i.TIM_TI2_ConfigInputStage)
    i.UARTEx_SetNbDataToProcess              0x08006668   Section        0  stm32g4xx_hal_uart_ex.o(i.UARTEx_SetNbDataToProcess)
    UARTEx_SetNbDataToProcess                0x08006669   Thumb Code    78  stm32g4xx_hal_uart_ex.o(i.UARTEx_SetNbDataToProcess)
    i.UART_AdvFeatureConfig                  0x080066c0   Section        0  stm32g4xx_hal_uart.o(i.UART_AdvFeatureConfig)
    i.UART_CheckIdleState                    0x080067b8   Section        0  stm32g4xx_hal_uart.o(i.UART_CheckIdleState)
    i.UART_EndRxTransfer                     0x080068a4   Section        0  stm32g4xx_hal_uart.o(i.UART_EndRxTransfer)
    UART_EndRxTransfer                       0x080068a5   Thumb Code   104  stm32g4xx_hal_uart.o(i.UART_EndRxTransfer)
    i.UART_SetConfig                         0x08006910   Section        0  stm32g4xx_hal_uart.o(i.UART_SetConfig)
    i.UART_WaitOnFlagUntilTimeout            0x08006c94   Section        0  stm32g4xx_hal_uart.o(i.UART_WaitOnFlagUntilTimeout)
    i.UsageFault_Handler                     0x08006d40   Section        0  stm32g4xx_it.o(i.UsageFault_Handler)
    i.__0fprintf                             0x08006d44   Section        0  printfa.o(i.__0fprintf)
    i.__0printf                              0x08006d60   Section        0  printfa.o(i.__0printf)
    i.__ARM_fpclassify                       0x08006d80   Section        0  fpclassify.o(i.__ARM_fpclassify)
    i.__NVIC_GetPriorityGrouping             0x08006db0   Section        0  stm32g4xx_hal_cortex.o(i.__NVIC_GetPriorityGrouping)
    __NVIC_GetPriorityGrouping               0x08006db1   Thumb Code    10  stm32g4xx_hal_cortex.o(i.__NVIC_GetPriorityGrouping)
    i.__NVIC_SetPriority                     0x08006dc0   Section        0  stm32g4xx_hal_cortex.o(i.__NVIC_SetPriority)
    __NVIC_SetPriority                       0x08006dc1   Thumb Code    32  stm32g4xx_hal_cortex.o(i.__NVIC_SetPriority)
    i.__hardfp_ceil                          0x08006de8   Section        0  ceil.o(i.__hardfp_ceil)
    i.__hardfp_fabs                          0x08006f00   Section        0  fabs.o(i.__hardfp_fabs)
    i.__hardfp_floorf                        0x08006f14   Section        0  floorf.o(i.__hardfp_floorf)
    i.__hardfp_log                           0x08006f88   Section        0  log.o(i.__hardfp_log)
    i.__hardfp_log10                         0x08007350   Section        0  log10.o(i.__hardfp_log10)
    i.__hardfp_pow                           0x08007480   Section        0  pow.o(i.__hardfp_pow)
    i.__hardfp_sqrtf                         0x080080d0   Section        0  sqrtf.o(i.__hardfp_sqrtf)
    i.__kernel_poly                          0x0800810a   Section        0  poly.o(i.__kernel_poly)
    i.__mathlib_dbl_divzero                  0x08008208   Section        0  dunder.o(i.__mathlib_dbl_divzero)
    i.__mathlib_dbl_infnan                   0x08008238   Section        0  dunder.o(i.__mathlib_dbl_infnan)
    i.__mathlib_dbl_infnan2                  0x0800824c   Section        0  dunder.o(i.__mathlib_dbl_infnan2)
    i.__mathlib_dbl_invalid                  0x08008260   Section        0  dunder.o(i.__mathlib_dbl_invalid)
    i.__mathlib_dbl_overflow                 0x08008280   Section        0  dunder.o(i.__mathlib_dbl_overflow)
    i.__mathlib_dbl_underflow                0x080082a0   Section        0  dunder.o(i.__mathlib_dbl_underflow)
    i.__scatterload_copy                     0x080082c0   Section       14  handlers.o(i.__scatterload_copy)
    i.__scatterload_null                     0x080082ce   Section        2  handlers.o(i.__scatterload_null)
    i.__scatterload_zeroinit                 0x080082d0   Section       14  handlers.o(i.__scatterload_zeroinit)
    i.__set_errno                            0x080082e0   Section        0  errno.o(i.__set_errno)
    i._fp_digits                             0x080082ec   Section        0  printfa.o(i._fp_digits)
    _fp_digits                               0x080082ed   Thumb Code   366  printfa.o(i._fp_digits)
    i._printf_core                           0x08008470   Section        0  printfa.o(i._printf_core)
    _printf_core                             0x08008471   Thumb Code  1744  printfa.o(i._printf_core)
    i._printf_post_padding                   0x08008b4c   Section        0  printfa.o(i._printf_post_padding)
    _printf_post_padding                     0x08008b4d   Thumb Code    36  printfa.o(i._printf_post_padding)
    i._printf_pre_padding                    0x08008b70   Section        0  printfa.o(i._printf_pre_padding)
    _printf_pre_padding                      0x08008b71   Thumb Code    46  printfa.o(i._printf_pre_padding)
    i.fabs                                   0x08008b9e   Section        0  fabs.o(i.fabs)
    i.fputc                                  0x08008bb8   Section        0  usart.o(i.fputc)
    i.generate_bode_frequencies              0x08008bd4   Section        0  motorid.o(i.generate_bode_frequencies)
    i.log                                    0x08008d00   Section        0  log.o(i.log)
    i.main                                   0x08008d10   Section        0  main.o(i.main)
    i.sqrt                                   0x08008d9c   Section        0  sqrt.o(i.sqrt)
    i.usermain                               0x08008e0c   Section        0  usermain.o(i.usermain)
    .constdata                               0x08008ee0   Section        2  mt6701.o(.constdata)
    tx_buff                                  0x08008ee0   Data           2  mt6701.o(.constdata)
    .constdata                               0x08008ee2   Section       24  stm32g4xx_hal_uart.o(.constdata)
    .constdata                               0x08008efa   Section       16  stm32g4xx_hal_uart_ex.o(.constdata)
    numerator                                0x08008efa   Data           8  stm32g4xx_hal_uart_ex.o(.constdata)
    denominator                              0x08008f02   Data           8  stm32g4xx_hal_uart_ex.o(.constdata)
    .constdata                               0x08008f0a   Section       24  system_stm32g4xx.o(.constdata)
    .constdata                               0x08008f28   Section      136  pow.o(.constdata)
    bp                                       0x08008f28   Data          16  pow.o(.constdata)
    dp_h                                     0x08008f38   Data          16  pow.o(.constdata)
    dp_l                                     0x08008f48   Data          16  pow.o(.constdata)
    L                                        0x08008f58   Data          48  pow.o(.constdata)
    P                                        0x08008f88   Data          40  pow.o(.constdata)
    .constdata                               0x08008fb0   Section       56  log.o(.constdata)
    Lg2                                      0x08008fb0   Data          24  log.o(.constdata)
    Lg                                       0x08008fc8   Data          32  log.o(.constdata)
    .constdata                               0x08008fe8   Section        8  qnan.o(.constdata)
    .data                                    0x20000000   Section       26  main.o(.data)
    .data                                    0x2000001a   Section        9  usermain.o(.data)
    .data                                    0x20000024   Section       12  stm32g4xx_hal.o(.data)
    .data                                    0x20000030   Section        4  system_stm32g4xx.o(.data)
    .data                                    0x20000034   Section        4  stderr.o(.data)
    .data                                    0x20000038   Section        4  stdout.o(.data)
    .data                                    0x2000003c   Section        4  errno.o(.data)
    _errno                                   0x2000003c   Data           4  errno.o(.data)
    .bss                                     0x20000040   Section    20100  main.o(.bss)
    .bss                                     0x20004ec4   Section      108  adc.o(.bss)
    .bss                                     0x20004f30   Section       40  cordic.o(.bss)
    .bss                                     0x20004f58   Section      100  spi.o(.bss)
    .bss                                     0x20004fbc   Section       76  tim.o(.bss)
    .bss                                     0x20005008   Section      148  usart.o(.bss)
    STACK                                    0x200050a0   Section     1024  startup_stm32g431xx.o(STACK)

    Global Symbols

    Symbol Name                              Value     Ov Type        Size  Object(Section)

    BuildAttributes$$THM_ISAv4$E$P$D$K$B$S$7EM$VFPi3$EXTD16$VFPS$VFMA$PE$A:L22UL41UL21$X:L11$S22US41US21$IEEE1$IW$USESV6$~STKCKD$USESV7$~SHL$OTIME$ROPI$IEEEX$EBA8$MICROLIB$REQ8$PRES8$EABIv2 0x00000000   Number         0  anon$$obj.o ABSOLUTE
    __ARM_use_no_argv                        0x00000000   Number         0  main.o ABSOLUTE
    _printf_a                                0x00000000   Number         0  stubs.o ABSOLUTE
    _printf_c                                0x00000000   Number         0  stubs.o ABSOLUTE
    _printf_charcount                        0x00000000   Number         0  stubs.o ABSOLUTE
    _printf_d                                0x00000000   Number         0  stubs.o ABSOLUTE
    _printf_e                                0x00000000   Number         0  stubs.o ABSOLUTE
    _printf_f                                0x00000000   Number         0  stubs.o ABSOLUTE
    _printf_flags                            0x00000000   Number         0  stubs.o ABSOLUTE
    _printf_fp_dec                           0x00000000   Number         0  stubs.o ABSOLUTE
    _printf_fp_hex                           0x00000000   Number         0  stubs.o ABSOLUTE
    _printf_g                                0x00000000   Number         0  stubs.o ABSOLUTE
    _printf_i                                0x00000000   Number         0  stubs.o ABSOLUTE
    _printf_int_dec                          0x00000000   Number         0  stubs.o ABSOLUTE
    _printf_l                                0x00000000   Number         0  stubs.o ABSOLUTE
    _printf_lc                               0x00000000   Number         0  stubs.o ABSOLUTE
    _printf_ll                               0x00000000   Number         0  stubs.o ABSOLUTE
    _printf_lld                              0x00000000   Number         0  stubs.o ABSOLUTE
    _printf_lli                              0x00000000   Number         0  stubs.o ABSOLUTE
    _printf_llo                              0x00000000   Number         0  stubs.o ABSOLUTE
    _printf_llu                              0x00000000   Number         0  stubs.o ABSOLUTE
    _printf_llx                              0x00000000   Number         0  stubs.o ABSOLUTE
    _printf_longlong_dec                     0x00000000   Number         0  stubs.o ABSOLUTE
    _printf_longlong_hex                     0x00000000   Number         0  stubs.o ABSOLUTE
    _printf_longlong_oct                     0x00000000   Number         0  stubs.o ABSOLUTE
    _printf_ls                               0x00000000   Number         0  stubs.o ABSOLUTE
    _printf_mbtowc                           0x00000000   Number         0  stubs.o ABSOLUTE
    _printf_n                                0x00000000   Number         0  stubs.o ABSOLUTE
    _printf_o                                0x00000000   Number         0  stubs.o ABSOLUTE
    _printf_p                                0x00000000   Number         0  stubs.o ABSOLUTE
    _printf_percent                          0x00000000   Number         0  stubs.o ABSOLUTE
    _printf_pre_padding                      0x00000000   Number         0  stubs.o ABSOLUTE
    _printf_return_value                     0x00000000   Number         0  stubs.o ABSOLUTE
    _printf_s                                0x00000000   Number         0  stubs.o ABSOLUTE
    _printf_sizespec                         0x00000000   Number         0  stubs.o ABSOLUTE
    _printf_str                              0x00000000   Number         0  stubs.o ABSOLUTE
    _printf_truncate_signed                  0x00000000   Number         0  stubs.o ABSOLUTE
    _printf_truncate_unsigned                0x00000000   Number         0  stubs.o ABSOLUTE
    _printf_u                                0x00000000   Number         0  stubs.o ABSOLUTE
    _printf_wc                               0x00000000   Number         0  stubs.o ABSOLUTE
    _printf_wctomb                           0x00000000   Number         0  stubs.o ABSOLUTE
    _printf_widthprec                        0x00000000   Number         0  stubs.o ABSOLUTE
    _printf_x                                0x00000000   Number         0  stubs.o ABSOLUTE
    __cpp_initialize__aeabi_                  - Undefined Weak Reference
    __cxa_finalize                            - Undefined Weak Reference
    __decompress                              - Undefined Weak Reference
    _clock_init                               - Undefined Weak Reference
    _microlib_exit                            - Undefined Weak Reference
    __Vectors_Size                           0x000001d8   Number         0  startup_stm32g431xx.o ABSOLUTE
    __Vectors                                0x08000000   Data           4  startup_stm32g431xx.o(RESET)
    __Vectors_End                            0x080001d8   Data           0  startup_stm32g431xx.o(RESET)
    __main                                   0x080001d9   Thumb Code     0  entry.o(.ARM.Collect$$$$00000000)
    _main_stk                                0x080001d9   Thumb Code     0  entry2.o(.ARM.Collect$$$$00000001)
    _main_scatterload                        0x080001dd   Thumb Code     0  entry5.o(.ARM.Collect$$$$00000004)
    __main_after_scatterload                 0x080001e1   Thumb Code     0  entry5.o(.ARM.Collect$$$$00000004)
    _main_clock                              0x080001e1   Thumb Code     0  entry7b.o(.ARM.Collect$$$$00000008)
    _main_cpp_init                           0x080001e1   Thumb Code     0  entry8b.o(.ARM.Collect$$$$0000000A)
    _main_init                               0x080001e1   Thumb Code     0  entry9a.o(.ARM.Collect$$$$0000000B)
    __rt_final_cpp                           0x080001e9   Thumb Code     0  entry10a.o(.ARM.Collect$$$$0000000D)
    __rt_final_exit                          0x080001e9   Thumb Code     0  entry11a.o(.ARM.Collect$$$$0000000F)
    Reset_Handler                            0x080001ed   Thumb Code     8  startup_stm32g431xx.o(.text)
    COMP1_2_3_IRQHandler                     0x08000207   Thumb Code     0  startup_stm32g431xx.o(.text)
    COMP4_IRQHandler                         0x08000207   Thumb Code     0  startup_stm32g431xx.o(.text)
    CORDIC_IRQHandler                        0x08000207   Thumb Code     0  startup_stm32g431xx.o(.text)
    CRS_IRQHandler                           0x08000207   Thumb Code     0  startup_stm32g431xx.o(.text)
    DMA1_Channel1_IRQHandler                 0x08000207   Thumb Code     0  startup_stm32g431xx.o(.text)
    DMA1_Channel2_IRQHandler                 0x08000207   Thumb Code     0  startup_stm32g431xx.o(.text)
    DMA1_Channel3_IRQHandler                 0x08000207   Thumb Code     0  startup_stm32g431xx.o(.text)
    DMA1_Channel4_IRQHandler                 0x08000207   Thumb Code     0  startup_stm32g431xx.o(.text)
    DMA1_Channel5_IRQHandler                 0x08000207   Thumb Code     0  startup_stm32g431xx.o(.text)
    DMA1_Channel6_IRQHandler                 0x08000207   Thumb Code     0  startup_stm32g431xx.o(.text)
    DMA2_Channel1_IRQHandler                 0x08000207   Thumb Code     0  startup_stm32g431xx.o(.text)
    DMA2_Channel2_IRQHandler                 0x08000207   Thumb Code     0  startup_stm32g431xx.o(.text)
    DMA2_Channel3_IRQHandler                 0x08000207   Thumb Code     0  startup_stm32g431xx.o(.text)
    DMA2_Channel4_IRQHandler                 0x08000207   Thumb Code     0  startup_stm32g431xx.o(.text)
    DMA2_Channel5_IRQHandler                 0x08000207   Thumb Code     0  startup_stm32g431xx.o(.text)
    DMA2_Channel6_IRQHandler                 0x08000207   Thumb Code     0  startup_stm32g431xx.o(.text)
    DMAMUX_OVR_IRQHandler                    0x08000207   Thumb Code     0  startup_stm32g431xx.o(.text)
    EXTI0_IRQHandler                         0x08000207   Thumb Code     0  startup_stm32g431xx.o(.text)
    EXTI15_10_IRQHandler                     0x08000207   Thumb Code     0  startup_stm32g431xx.o(.text)
    EXTI1_IRQHandler                         0x08000207   Thumb Code     0  startup_stm32g431xx.o(.text)
    EXTI2_IRQHandler                         0x08000207   Thumb Code     0  startup_stm32g431xx.o(.text)
    EXTI3_IRQHandler                         0x08000207   Thumb Code     0  startup_stm32g431xx.o(.text)
    EXTI4_IRQHandler                         0x08000207   Thumb Code     0  startup_stm32g431xx.o(.text)
    EXTI9_5_IRQHandler                       0x08000207   Thumb Code     0  startup_stm32g431xx.o(.text)
    FDCAN1_IT0_IRQHandler                    0x08000207   Thumb Code     0  startup_stm32g431xx.o(.text)
    FDCAN1_IT1_IRQHandler                    0x08000207   Thumb Code     0  startup_stm32g431xx.o(.text)
    FLASH_IRQHandler                         0x08000207   Thumb Code     0  startup_stm32g431xx.o(.text)
    FMAC_IRQHandler                          0x08000207   Thumb Code     0  startup_stm32g431xx.o(.text)
    FPU_IRQHandler                           0x08000207   Thumb Code     0  startup_stm32g431xx.o(.text)
    I2C1_ER_IRQHandler                       0x08000207   Thumb Code     0  startup_stm32g431xx.o(.text)
    I2C1_EV_IRQHandler                       0x08000207   Thumb Code     0  startup_stm32g431xx.o(.text)
    I2C2_ER_IRQHandler                       0x08000207   Thumb Code     0  startup_stm32g431xx.o(.text)
    I2C2_EV_IRQHandler                       0x08000207   Thumb Code     0  startup_stm32g431xx.o(.text)
    I2C3_ER_IRQHandler                       0x08000207   Thumb Code     0  startup_stm32g431xx.o(.text)
    I2C3_EV_IRQHandler                       0x08000207   Thumb Code     0  startup_stm32g431xx.o(.text)
    LPTIM1_IRQHandler                        0x08000207   Thumb Code     0  startup_stm32g431xx.o(.text)
    LPUART1_IRQHandler                       0x08000207   Thumb Code     0  startup_stm32g431xx.o(.text)
    PVD_PVM_IRQHandler                       0x08000207   Thumb Code     0  startup_stm32g431xx.o(.text)
    RCC_IRQHandler                           0x08000207   Thumb Code     0  startup_stm32g431xx.o(.text)
    RNG_IRQHandler                           0x08000207   Thumb Code     0  startup_stm32g431xx.o(.text)
    RTC_Alarm_IRQHandler                     0x08000207   Thumb Code     0  startup_stm32g431xx.o(.text)
    RTC_TAMP_LSECSS_IRQHandler               0x08000207   Thumb Code     0  startup_stm32g431xx.o(.text)
    RTC_WKUP_IRQHandler                      0x08000207   Thumb Code     0  startup_stm32g431xx.o(.text)
    SAI1_IRQHandler                          0x08000207   Thumb Code     0  startup_stm32g431xx.o(.text)
    SPI1_IRQHandler                          0x08000207   Thumb Code     0  startup_stm32g431xx.o(.text)
    SPI2_IRQHandler                          0x08000207   Thumb Code     0  startup_stm32g431xx.o(.text)
    SPI3_IRQHandler                          0x08000207   Thumb Code     0  startup_stm32g431xx.o(.text)
    TIM1_BRK_TIM15_IRQHandler                0x08000207   Thumb Code     0  startup_stm32g431xx.o(.text)
    TIM1_CC_IRQHandler                       0x08000207   Thumb Code     0  startup_stm32g431xx.o(.text)
    TIM1_TRG_COM_TIM17_IRQHandler            0x08000207   Thumb Code     0  startup_stm32g431xx.o(.text)
    TIM1_UP_TIM16_IRQHandler                 0x08000207   Thumb Code     0  startup_stm32g431xx.o(.text)
    TIM2_IRQHandler                          0x08000207   Thumb Code     0  startup_stm32g431xx.o(.text)
    TIM3_IRQHandler                          0x08000207   Thumb Code     0  startup_stm32g431xx.o(.text)
    TIM4_IRQHandler                          0x08000207   Thumb Code     0  startup_stm32g431xx.o(.text)
    TIM6_DAC_IRQHandler                      0x08000207   Thumb Code     0  startup_stm32g431xx.o(.text)
    TIM7_IRQHandler                          0x08000207   Thumb Code     0  startup_stm32g431xx.o(.text)
    TIM8_BRK_IRQHandler                      0x08000207   Thumb Code     0  startup_stm32g431xx.o(.text)
    TIM8_CC_IRQHandler                       0x08000207   Thumb Code     0  startup_stm32g431xx.o(.text)
    TIM8_TRG_COM_IRQHandler                  0x08000207   Thumb Code     0  startup_stm32g431xx.o(.text)
    TIM8_UP_IRQHandler                       0x08000207   Thumb Code     0  startup_stm32g431xx.o(.text)
    UART4_IRQHandler                         0x08000207   Thumb Code     0  startup_stm32g431xx.o(.text)
    UCPD1_IRQHandler                         0x08000207   Thumb Code     0  startup_stm32g431xx.o(.text)
    USART1_IRQHandler                        0x08000207   Thumb Code     0  startup_stm32g431xx.o(.text)
    USART2_IRQHandler                        0x08000207   Thumb Code     0  startup_stm32g431xx.o(.text)
    USART3_IRQHandler                        0x08000207   Thumb Code     0  startup_stm32g431xx.o(.text)
    USBWakeUp_IRQHandler                     0x08000207   Thumb Code     0  startup_stm32g431xx.o(.text)
    USB_HP_IRQHandler                        0x08000207   Thumb Code     0  startup_stm32g431xx.o(.text)
    USB_LP_IRQHandler                        0x08000207   Thumb Code     0  startup_stm32g431xx.o(.text)
    WWDG_IRQHandler                          0x08000207   Thumb Code     0  startup_stm32g431xx.o(.text)
    __aeabi_uldivmod                         0x08000211   Thumb Code    98  uldiv.o(.text)
    __aeabi_memset                           0x08000273   Thumb Code    14  memseta.o(.text)
    __aeabi_memset4                          0x08000273   Thumb Code     0  memseta.o(.text)
    __aeabi_memset8                          0x08000273   Thumb Code     0  memseta.o(.text)
    __aeabi_memclr                           0x08000281   Thumb Code     4  memseta.o(.text)
    __aeabi_memclr4                          0x08000281   Thumb Code     0  memseta.o(.text)
    __aeabi_memclr8                          0x08000281   Thumb Code     0  memseta.o(.text)
    _memset$wrapper                          0x08000285   Thumb Code    18  memseta.o(.text)
    __aeabi_dadd                             0x08000297   Thumb Code   322  dadd.o(.text)
    __aeabi_dsub                             0x080003d9   Thumb Code     6  dadd.o(.text)
    __aeabi_drsub                            0x080003df   Thumb Code     6  dadd.o(.text)
    __aeabi_dmul                             0x080003e5   Thumb Code   228  dmul.o(.text)
    __aeabi_ddiv                             0x080004c9   Thumb Code   222  ddiv.o(.text)
    __aeabi_i2d                              0x080005a7   Thumb Code    34  dflti.o(.text)
    __aeabi_d2uiz                            0x080005c9   Thumb Code    50  dfixui.o(.text)
    __aeabi_f2d                              0x080005fb   Thumb Code    38  f2d.o(.text)
    __aeabi_cdcmpeq                          0x08000621   Thumb Code     0  cdcmple.o(.text)
    __aeabi_cdcmple                          0x08000621   Thumb Code    48  cdcmple.o(.text)
    __aeabi_d2f                              0x08000651   Thumb Code    56  d2f.o(.text)
    __aeabi_uidiv                            0x08000689   Thumb Code     0  uidiv.o(.text)
    __aeabi_uidivmod                         0x08000689   Thumb Code    44  uidiv.o(.text)
    __aeabi_llsl                             0x080006b5   Thumb Code    30  llshl.o(.text)
    _ll_shift_l                              0x080006b5   Thumb Code     0  llshl.o(.text)
    __aeabi_llsr                             0x080006d3   Thumb Code    32  llushr.o(.text)
    _ll_ushift_r                             0x080006d3   Thumb Code     0  llushr.o(.text)
    __aeabi_lasr                             0x080006f3   Thumb Code    36  llsshr.o(.text)
    _ll_sshift_r                             0x080006f3   Thumb Code     0  llsshr.o(.text)
    __I$use$fp                               0x08000717   Thumb Code     0  iusefp.o(.text)
    _float_round                             0x08000717   Thumb Code    18  fepilogue.o(.text)
    _float_epilogue                          0x08000729   Thumb Code    92  fepilogue.o(.text)
    _double_round                            0x08000785   Thumb Code    30  depilogue.o(.text)
    _double_epilogue                         0x080007a3   Thumb Code   156  depilogue.o(.text)
    __ARM_scalbn                             0x0800083f   Thumb Code    46  dscalb.o(.text)
    scalbn                                   0x0800083f   Thumb Code     0  dscalb.o(.text)
    __aeabi_d2ulz                            0x0800086d   Thumb Code    48  dfixul.o(.text)
    __aeabi_cdrcmple                         0x0800089d   Thumb Code    48  cdrcmple.o(.text)
    __scatterload                            0x080008cd   Thumb Code    28  init.o(.text)
    __scatterload_rt2                        0x080008cd   Thumb Code     0  init.o(.text)
    _dsqrt                                   0x080008f1   Thumb Code   162  dsqrt.o(.text)
    arm_sin_cos_f32                          0x08000995   Thumb Code   292  arm_sin_cos_f32.o(.text.arm_sin_cos_f32)
    arm_sin_f32                              0x08000ab9   Thumb Code   144  arm_sin_f32.o(.text.arm_sin_f32)
    ADC1_2_IRQHandler                        0x08000b49   Thumb Code    10  stm32g4xx_it.o(i.ADC1_2_IRQHandler)
    ADC_Disable                              0x08000b59   Thumb Code   142  stm32g4xx_hal_adc.o(i.ADC_Disable)
    ADC_Enable                               0x08000bed   Thumb Code   182  stm32g4xx_hal_adc.o(i.ADC_Enable)
    ADC_Task                                 0x08000cb5   Thumb Code  1180  usermain.o(i.ADC_Task)
    Angle_Limit                              0x08001155   Thumb Code   212  foc.o(i.Angle_Limit)
    BusFault_Handler                         0x08001229   Thumb Code     4  stm32g4xx_it.o(i.BusFault_Handler)
    Data_Init                                0x0800122d   Thumb Code   474  usermain.o(i.Data_Init)
    DebugMon_Handler                         0x08001475   Thumb Code     2  stm32g4xx_it.o(i.DebugMon_Handler)
    Encoder_Task                             0x08001479   Thumb Code   320  usermain.o(i.Encoder_Task)
    Error_Handler                            0x080015d5   Thumb Code     6  main.o(i.Error_Handler)
    Getdq                                    0x080015dd   Thumb Code   104  foc.o(i.Getdq)
    HAL_ADCEx_Calibration_Start              0x08001655   Thumb Code   166  stm32g4xx_hal_adc_ex.o(i.HAL_ADCEx_Calibration_Start)
    HAL_ADCEx_EndOfSamplingCallback          0x08001705   Thumb Code     2  stm32g4xx_hal_adc_ex.o(i.HAL_ADCEx_EndOfSamplingCallback)
    HAL_ADCEx_InjectedConfigChannel          0x08001709   Thumb Code  1540  stm32g4xx_hal_adc_ex.o(i.HAL_ADCEx_InjectedConfigChannel)
    HAL_ADCEx_InjectedConvCpltCallback       0x08001d35   Thumb Code    66  stm32g4xx_it.o(i.HAL_ADCEx_InjectedConvCpltCallback)
    HAL_ADCEx_InjectedQueueOverflowCallback  0x08001d81   Thumb Code     2  stm32g4xx_hal_adc_ex.o(i.HAL_ADCEx_InjectedQueueOverflowCallback)
    HAL_ADCEx_InjectedStart                  0x08001d85   Thumb Code   254  stm32g4xx_hal_adc_ex.o(i.HAL_ADCEx_InjectedStart)
    HAL_ADCEx_LevelOutOfWindow2Callback      0x08001e8d   Thumb Code     2  stm32g4xx_hal_adc_ex.o(i.HAL_ADCEx_LevelOutOfWindow2Callback)
    HAL_ADCEx_LevelOutOfWindow3Callback      0x08001e8f   Thumb Code     2  stm32g4xx_hal_adc_ex.o(i.HAL_ADCEx_LevelOutOfWindow3Callback)
    HAL_ADCEx_MultiModeConfigChannel         0x08001e91   Thumb Code   260  stm32g4xx_hal_adc_ex.o(i.HAL_ADCEx_MultiModeConfigChannel)
    HAL_ADC_ConvCpltCallback                 0x08001f9d   Thumb Code     2  stm32g4xx_hal_adc.o(i.HAL_ADC_ConvCpltCallback)
    HAL_ADC_ErrorCallback                    0x08001f9f   Thumb Code     2  stm32g4xx_hal_adc.o(i.HAL_ADC_ErrorCallback)
    HAL_ADC_IRQHandler                       0x08001fa1   Thumb Code   808  stm32g4xx_hal_adc.o(i.HAL_ADC_IRQHandler)
    HAL_ADC_Init                             0x080022d1   Thumb Code   576  stm32g4xx_hal_adc.o(i.HAL_ADC_Init)
    HAL_ADC_LevelOutOfWindowCallback         0x0800252d   Thumb Code     2  stm32g4xx_hal_adc.o(i.HAL_ADC_LevelOutOfWindowCallback)
    HAL_ADC_MspInit                          0x08002531   Thumb Code   148  adc.o(i.HAL_ADC_MspInit)
    HAL_CORDIC_Init                          0x080025c9   Thumb Code    52  stm32g4xx_hal_cordic.o(i.HAL_CORDIC_Init)
    HAL_CORDIC_MspInit                       0x080025fd   Thumb Code    40  cordic.o(i.HAL_CORDIC_MspInit)
    HAL_GPIO_Init                            0x0800262d   Thumb Code   428  stm32g4xx_hal_gpio.o(i.HAL_GPIO_Init)
    HAL_GPIO_WritePin                        0x080027f9   Thumb Code    10  stm32g4xx_hal_gpio.o(i.HAL_GPIO_WritePin)
    HAL_GetTick                              0x08002805   Thumb Code     6  stm32g4xx_hal.o(i.HAL_GetTick)
    HAL_IncTick                              0x08002811   Thumb Code    16  stm32g4xx_hal.o(i.HAL_IncTick)
    HAL_Init                                 0x08002829   Thumb Code    30  stm32g4xx_hal.o(i.HAL_Init)
    HAL_InitTick                             0x08002849   Thumb Code    74  stm32g4xx_hal.o(i.HAL_InitTick)
    HAL_MspInit                              0x080028a1   Thumb Code    62  stm32g4xx_hal_msp.o(i.HAL_MspInit)
    HAL_NVIC_EnableIRQ                       0x080028e5   Thumb Code    40  stm32g4xx_hal_cortex.o(i.HAL_NVIC_EnableIRQ)
    HAL_NVIC_SetPriority                     0x0800290d   Thumb Code   122  stm32g4xx_hal_cortex.o(i.HAL_NVIC_SetPriority)
    HAL_NVIC_SetPriorityGrouping             0x08002989   Thumb Code    32  stm32g4xx_hal_cortex.o(i.HAL_NVIC_SetPriorityGrouping)
    HAL_PWREx_ControlVoltageScaling          0x080029b1   Thumb Code   268  stm32g4xx_hal_pwr_ex.o(i.HAL_PWREx_ControlVoltageScaling)
    HAL_PWREx_DisableUCPDDeadBattery         0x08002ac9   Thumb Code    14  stm32g4xx_hal_pwr_ex.o(i.HAL_PWREx_DisableUCPDDeadBattery)
    HAL_RCCEx_PeriphCLKConfig                0x08002add   Thumb Code   872  stm32g4xx_hal_rcc_ex.o(i.HAL_RCCEx_PeriphCLKConfig)
    HAL_RCC_ClockConfig                      0x08002e4d   Thumb Code   522  stm32g4xx_hal_rcc.o(i.HAL_RCC_ClockConfig)
    HAL_RCC_GetHCLKFreq                      0x08003071   Thumb Code     6  stm32g4xx_hal_rcc.o(i.HAL_RCC_GetHCLKFreq)
    HAL_RCC_GetPCLK1Freq                     0x0800307d   Thumb Code    26  stm32g4xx_hal_rcc.o(i.HAL_RCC_GetPCLK1Freq)
    HAL_RCC_GetPCLK2Freq                     0x080030a1   Thumb Code    26  stm32g4xx_hal_rcc.o(i.HAL_RCC_GetPCLK2Freq)
    HAL_RCC_GetSysClockFreq                  0x080030c5   Thumb Code   138  stm32g4xx_hal_rcc.o(i.HAL_RCC_GetSysClockFreq)
    HAL_RCC_OscConfig                        0x0800315d   Thumb Code  1360  stm32g4xx_hal_rcc.o(i.HAL_RCC_OscConfig)
    HAL_SPI_Init                             0x080036b9   Thumb Code   252  stm32g4xx_hal_spi.o(i.HAL_SPI_Init)
    HAL_SPI_MspInit                          0x080037b5   Thumb Code   110  spi.o(i.HAL_SPI_MspInit)
    HAL_SPI_TransmitReceive                  0x0800382d   Thumb Code   722  stm32g4xx_hal_spi.o(i.HAL_SPI_TransmitReceive)
    HAL_SYSTICK_Config                       0x08003aff   Thumb Code    52  stm32g4xx_hal_cortex.o(i.HAL_SYSTICK_Config)
    HAL_TIMEx_ConfigBreakDeadTime            0x08003b35   Thumb Code   192  stm32g4xx_hal_tim_ex.o(i.HAL_TIMEx_ConfigBreakDeadTime)
    HAL_TIMEx_MasterConfigSynchronization    0x08003bfd   Thumb Code   158  stm32g4xx_hal_tim_ex.o(i.HAL_TIMEx_MasterConfigSynchronization)
    HAL_TIMEx_PWMN_Start                     0x08003cb5   Thumb Code   206  stm32g4xx_hal_tim_ex.o(i.HAL_TIMEx_PWMN_Start)
    HAL_TIM_Base_Init                        0x08003d9d   Thumb Code   110  stm32g4xx_hal_tim.o(i.HAL_TIM_Base_Init)
    HAL_TIM_Base_MspInit                     0x08003e0d   Thumb Code    40  tim.o(i.HAL_TIM_Base_MspInit)
    HAL_TIM_Base_Start                       0x08003e3d   Thumb Code   118  stm32g4xx_hal_tim.o(i.HAL_TIM_Base_Start)
    HAL_TIM_ConfigClockSource                0x08003ecd   Thumb Code   300  stm32g4xx_hal_tim.o(i.HAL_TIM_ConfigClockSource)
    HAL_TIM_MspPostInit                      0x08004001   Thumb Code   166  tim.o(i.HAL_TIM_MspPostInit)
    HAL_TIM_PWM_ConfigChannel                0x080040b5   Thumb Code   368  stm32g4xx_hal_tim.o(i.HAL_TIM_PWM_ConfigChannel)
    HAL_TIM_PWM_Init                         0x08004225   Thumb Code   110  stm32g4xx_hal_tim.o(i.HAL_TIM_PWM_Init)
    HAL_TIM_PWM_MspInit                      0x08004293   Thumb Code     2  stm32g4xx_hal_tim.o(i.HAL_TIM_PWM_MspInit)
    HAL_TIM_PWM_Start                        0x08004295   Thumb Code   298  stm32g4xx_hal_tim.o(i.HAL_TIM_PWM_Start)
    HAL_UARTEx_DisableFifoMode               0x080043e1   Thumb Code    78  stm32g4xx_hal_uart_ex.o(i.HAL_UARTEx_DisableFifoMode)
    HAL_UARTEx_SetRxFifoThreshold            0x0800442f   Thumb Code    94  stm32g4xx_hal_uart_ex.o(i.HAL_UARTEx_SetRxFifoThreshold)
    HAL_UARTEx_SetTxFifoThreshold            0x0800448d   Thumb Code    94  stm32g4xx_hal_uart_ex.o(i.HAL_UARTEx_SetTxFifoThreshold)
    HAL_UART_Init                            0x080044eb   Thumb Code   120  stm32g4xx_hal_uart.o(i.HAL_UART_Init)
    HAL_UART_MspInit                         0x08004565   Thumb Code   134  usart.o(i.HAL_UART_MspInit)
    HAL_UART_Transmit                        0x080045f9   Thumb Code   194  stm32g4xx_hal_uart.o(i.HAL_UART_Transmit)
    HardFault_Handler                        0x080046bb   Thumb Code     4  stm32g4xx_it.o(i.HardFault_Handler)
    LdqID_Task                               0x08004841   Thumb Code   504  motorid.o(i.LdqID_Task)
    MT6701_ReadRaw                           0x08004a8d   Thumb Code    26  mt6701.o(i.MT6701_ReadRaw)
    MX_ADC1_Init                             0x08004aa9   Thumb Code   254  adc.o(i.MX_ADC1_Init)
    MX_CORDIC_Init                           0x08004bbd   Thumb Code    22  cordic.o(i.MX_CORDIC_Init)
    MX_GPIO_Init                             0x08004bdd   Thumb Code   196  gpio.o(i.MX_GPIO_Init)
    MX_SPI1_Init                             0x08004ca9   Thumb Code    72  spi.o(i.MX_SPI1_Init)
    MX_TIM1_Init                             0x08004cf9   Thumb Code   300  tim.o(i.MX_TIM1_Init)
    MX_USART1_UART_Init                      0x08004e2d   Thumb Code    98  usart.o(i.MX_USART1_UART_Init)
    MemManage_Handler                        0x08004e99   Thumb Code     4  stm32g4xx_it.o(i.MemManage_Handler)
    Mode_Task                                0x08004e9d   Thumb Code   340  usermain.o(i.Mode_Task)
    NMI_Handler                              0x08005011   Thumb Code     4  stm32g4xx_it.o(i.NMI_Handler)
    PID_I_Control                            0x08005015   Thumb Code   626  pid.o(i.PID_I_Control)
    PendSV_Handler                           0x08005287   Thumb Code     2  stm32g4xx_it.o(i.PendSV_Handler)
    RsID_Task                                0x08005329   Thumb Code   434  motorid.o(i.RsID_Task)
    SVC_Handler                              0x0800571d   Thumb Code     2  stm32g4xx_it.o(i.SVC_Handler)
    ScanFrequence_Init                       0x08005741   Thumb Code    92  motorid.o(i.ScanFrequence_Init)
    ScanFrequence_PrintBuff                  0x080057a9   Thumb Code   138  motorid.o(i.ScanFrequence_PrintBuff)
    ScanFrequence_Start                      0x0800584d   Thumb Code   140  motorid.o(i.ScanFrequence_Start)
    ScanFrequence_Task                       0x080058e1   Thumb Code   496  motorid.o(i.ScanFrequence_Task)
    Set_SPWM                                 0x08005ae1   Thumb Code   284  foc.o(i.Set_SPWM)
    Set_Svpwm                                0x08005c09   Thumb Code  1056  foc.o(i.Set_Svpwm)
    Start_Init                               0x08006029   Thumb Code   122  start_init.o(i.Start_Init)
    SysTick_Handler                          0x080060ad   Thumb Code     8  stm32g4xx_it.o(i.SysTick_Handler)
    SystemClock_Config                       0x080060b5   Thumb Code   104  main.o(i.SystemClock_Config)
    SystemInit                               0x0800611d   Thumb Code    14  system_stm32g4xx.o(i.SystemInit)
    TIM_Base_SetConfig                       0x08006131   Thumb Code   174  stm32g4xx_hal_tim.o(i.TIM_Base_SetConfig)
    TIM_CCxChannelCmd                        0x080061fd   Thumb Code    34  stm32g4xx_hal_tim.o(i.TIM_CCxChannelCmd)
    TIM_ETR_SetConfig                        0x08006241   Thumb Code    22  stm32g4xx_hal_tim.o(i.TIM_ETR_SetConfig)
    TIM_OC2_SetConfig                        0x0800631d   Thumb Code   156  stm32g4xx_hal_tim.o(i.TIM_OC2_SetConfig)
    UART_AdvFeatureConfig                    0x080066c1   Thumb Code   248  stm32g4xx_hal_uart.o(i.UART_AdvFeatureConfig)
    UART_CheckIdleState                      0x080067b9   Thumb Code   234  stm32g4xx_hal_uart.o(i.UART_CheckIdleState)
    UART_SetConfig                           0x08006911   Thumb Code   858  stm32g4xx_hal_uart.o(i.UART_SetConfig)
    UART_WaitOnFlagUntilTimeout              0x08006c95   Thumb Code   172  stm32g4xx_hal_uart.o(i.UART_WaitOnFlagUntilTimeout)
    UsageFault_Handler                       0x08006d41   Thumb Code     4  stm32g4xx_it.o(i.UsageFault_Handler)
    __0fprintf                               0x08006d45   Thumb Code    22  printfa.o(i.__0fprintf)
    __1fprintf                               0x08006d45   Thumb Code     0  printfa.o(i.__0fprintf)
    __2fprintf                               0x08006d45   Thumb Code     0  printfa.o(i.__0fprintf)
    __c89fprintf                             0x08006d45   Thumb Code     0  printfa.o(i.__0fprintf)
    fprintf                                  0x08006d45   Thumb Code     0  printfa.o(i.__0fprintf)
    __0printf                                0x08006d61   Thumb Code    22  printfa.o(i.__0printf)
    __1printf                                0x08006d61   Thumb Code     0  printfa.o(i.__0printf)
    __2printf                                0x08006d61   Thumb Code     0  printfa.o(i.__0printf)
    __c89printf                              0x08006d61   Thumb Code     0  printfa.o(i.__0printf)
    printf                                   0x08006d61   Thumb Code     0  printfa.o(i.__0printf)
    __ARM_fpclassify                         0x08006d81   Thumb Code    48  fpclassify.o(i.__ARM_fpclassify)
    __hardfp_ceil                            0x08006de9   Thumb Code   252  ceil.o(i.__hardfp_ceil)
    __hardfp_fabs                            0x08006f01   Thumb Code    20  fabs.o(i.__hardfp_fabs)
    __hardfp_floorf                          0x08006f15   Thumb Code    98  floorf.o(i.__hardfp_floorf)
    __hardfp_log                             0x08006f89   Thumb Code   872  log.o(i.__hardfp_log)
    __hardfp_log10                           0x08007351   Thumb Code   260  log10.o(i.__hardfp_log10)
    __hardfp_pow                             0x08007481   Thumb Code  3072  pow.o(i.__hardfp_pow)
    __hardfp_sqrtf                           0x080080d1   Thumb Code    58  sqrtf.o(i.__hardfp_sqrtf)
    __kernel_poly                            0x0800810b   Thumb Code   248  poly.o(i.__kernel_poly)
    __mathlib_dbl_divzero                    0x08008209   Thumb Code    28  dunder.o(i.__mathlib_dbl_divzero)
    __mathlib_dbl_infnan                     0x08008239   Thumb Code    20  dunder.o(i.__mathlib_dbl_infnan)
    __mathlib_dbl_infnan2                    0x0800824d   Thumb Code    20  dunder.o(i.__mathlib_dbl_infnan2)
    __mathlib_dbl_invalid                    0x08008261   Thumb Code    24  dunder.o(i.__mathlib_dbl_invalid)
    __mathlib_dbl_overflow                   0x08008281   Thumb Code    24  dunder.o(i.__mathlib_dbl_overflow)
    __mathlib_dbl_underflow                  0x080082a1   Thumb Code    24  dunder.o(i.__mathlib_dbl_underflow)
    __scatterload_copy                       0x080082c1   Thumb Code    14  handlers.o(i.__scatterload_copy)
    __scatterload_null                       0x080082cf   Thumb Code     2  handlers.o(i.__scatterload_null)
    __scatterload_zeroinit                   0x080082d1   Thumb Code    14  handlers.o(i.__scatterload_zeroinit)
    __set_errno                              0x080082e1   Thumb Code     6  errno.o(i.__set_errno)
    fabs                                     0x08008b9f   Thumb Code    24  fabs.o(i.fabs)
    fputc                                    0x08008bb9   Thumb Code    22  usart.o(i.fputc)
    generate_bode_frequencies                0x08008bd5   Thumb Code   262  motorid.o(i.generate_bode_frequencies)
    log                                      0x08008d01   Thumb Code    16  log.o(i.log)
    main                                     0x08008d11   Thumb Code   120  main.o(i.main)
    sqrt                                     0x08008d9d   Thumb Code   110  sqrt.o(i.sqrt)
    usermain                                 0x08008e0d   Thumb Code   170  usermain.o(i.usermain)
    UARTPrescTable                           0x08008ee2   Data          24  stm32g4xx_hal_uart.o(.constdata)
    AHBPrescTable                            0x08008f0a   Data          16  system_stm32g4xx.o(.constdata)
    APBPrescTable                            0x08008f1a   Data           8  system_stm32g4xx.o(.constdata)
    __mathlib_zero                           0x08008fe8   Data           8  qnan.o(.constdata)
    sinTable_f32                             0x08008ff0   Data        2052  arm_common_tables.o(.rodata.sinTable_f32)
    Region$$Table$$Base                      0x080097f4   Number         0  anon$$obj.o(Region$$Table)
    Region$$Table$$Limit                     0x08009814   Number         0  anon$$obj.o(Region$$Table)
    motor_flag                               0x20000000   Data           8  main.o(.data)
    svpwm_param                              0x20000008   Data           8  main.o(.data)
    ADC1InjectDate                           0x20000010   Data           8  main.o(.data)
    fre_cnt                                  0x20000018   Data           2  main.o(.data)
    adc_map                                  0x2000001a   Data           3  usermain.o(.data)
    pwm_map                                  0x2000001d   Data           3  usermain.o(.data)
    i_sign                                   0x20000020   Data           3  usermain.o(.data)
    uwTick                                   0x20000024   Data           4  stm32g4xx_hal.o(.data)
    uwTickPrio                               0x20000028   Data           4  stm32g4xx_hal.o(.data)
    uwTickFreq                               0x2000002c   Data           4  stm32g4xx_hal.o(.data)
    SystemCoreClock                          0x20000030   Data           4  system_stm32g4xx.o(.data)
    __stderr                                 0x20000034   Data           4  stderr.o(.data)
    __stdout                                 0x20000038   Data           4  stdout.o(.data)
    motor_param                              0x20000040   Data          48  main.o(.bss)
    spwm_param                               0x20000070   Data          28  main.o(.bss)
    adctask_param                            0x2000008c   Data          48  main.o(.bss)
    encodertask_param                        0x200000bc   Data          56  main.o(.bss)
    pid_param                                0x200000f4   Data          52  main.o(.bss)
    rsid_param                               0x20000128   Data          92  main.o(.bss)
    scanfre_buff                             0x20000184   Data       19200  main.o(.bss)
    scanfre_param                            0x20004c84   Data          56  main.o(.bss)
    freq_array                               0x20004cbc   Data         520  main.o(.bss)
    hadc1                                    0x20004ec4   Data         108  adc.o(.bss)
    hcordic                                  0x20004f30   Data          40  cordic.o(.bss)
    hspi1                                    0x20004f58   Data         100  spi.o(.bss)
    htim1                                    0x20004fbc   Data          76  tim.o(.bss)
    huart1                                   0x20005008   Data         148  usart.o(.bss)
    __initial_sp                             0x200054a0   Data           0  startup_stm32g431xx.o(STACK)



==============================================================================

Memory Map of the image

  Image Entry point : 0x080001d9

  Load Region LR_IROM1 (Base: 0x08000000, Size: 0x00009854, Max: 0x00020000, ABSOLUTE)

    Execution Region ER_IROM1 (Exec base: 0x08000000, Load base: 0x08000000, Size: 0x00009814, Max: 0x00020000, ABSOLUTE)

    Exec Addr    Load Addr    Size         Type   Attr      Idx    E Section Name        Object

    0x08000000   0x08000000   0x000001d8   Data   RO            3    RESET               startup_stm32g431xx.o
    0x080001d8   0x080001d8   0x00000000   Code   RO         5367  * .ARM.Collect$$$$00000000  mc_w.l(entry.o)
    0x080001d8   0x080001d8   0x00000004   Code   RO         5697    .ARM.Collect$$$$00000001  mc_w.l(entry2.o)
    0x080001dc   0x080001dc   0x00000004   Code   RO         5700    .ARM.Collect$$$$00000004  mc_w.l(entry5.o)
    0x080001e0   0x080001e0   0x00000000   Code   RO         5702    .ARM.Collect$$$$00000008  mc_w.l(entry7b.o)
    0x080001e0   0x080001e0   0x00000000   Code   RO         5704    .ARM.Collect$$$$0000000A  mc_w.l(entry8b.o)
    0x080001e0   0x080001e0   0x00000008   Code   RO         5705    .ARM.Collect$$$$0000000B  mc_w.l(entry9a.o)
    0x080001e8   0x080001e8   0x00000000   Code   RO         5707    .ARM.Collect$$$$0000000D  mc_w.l(entry10a.o)
    0x080001e8   0x080001e8   0x00000000   Code   RO         5709    .ARM.Collect$$$$0000000F  mc_w.l(entry11a.o)
    0x080001e8   0x080001e8   0x00000004   Code   RO         5698    .ARM.Collect$$$$00002712  mc_w.l(entry2.o)
    0x080001ec   0x080001ec   0x00000024   Code   RO            4    .text               startup_stm32g431xx.o
    0x08000210   0x08000210   0x00000062   Code   RO         5371    .text               mc_w.l(uldiv.o)
    0x08000272   0x08000272   0x00000024   Code   RO         5373    .text               mc_w.l(memseta.o)
    0x08000296   0x08000296   0x0000014e   Code   RO         5636    .text               mf_w.l(dadd.o)
    0x080003e4   0x080003e4   0x000000e4   Code   RO         5638    .text               mf_w.l(dmul.o)
    0x080004c8   0x080004c8   0x000000de   Code   RO         5640    .text               mf_w.l(ddiv.o)
    0x080005a6   0x080005a6   0x00000022   Code   RO         5642    .text               mf_w.l(dflti.o)
    0x080005c8   0x080005c8   0x00000032   Code   RO         5644    .text               mf_w.l(dfixui.o)
    0x080005fa   0x080005fa   0x00000026   Code   RO         5646    .text               mf_w.l(f2d.o)
    0x08000620   0x08000620   0x00000030   Code   RO         5648    .text               mf_w.l(cdcmple.o)
    0x08000650   0x08000650   0x00000038   Code   RO         5650    .text               mf_w.l(d2f.o)
    0x08000688   0x08000688   0x0000002c   Code   RO         5712    .text               mc_w.l(uidiv.o)
    0x080006b4   0x080006b4   0x0000001e   Code   RO         5714    .text               mc_w.l(llshl.o)
    0x080006d2   0x080006d2   0x00000020   Code   RO         5716    .text               mc_w.l(llushr.o)
    0x080006f2   0x080006f2   0x00000024   Code   RO         5718    .text               mc_w.l(llsshr.o)
    0x08000716   0x08000716   0x00000000   Code   RO         5727    .text               mc_w.l(iusefp.o)
    0x08000716   0x08000716   0x0000006e   Code   RO         5728    .text               mf_w.l(fepilogue.o)
    0x08000784   0x08000784   0x000000ba   Code   RO         5730    .text               mf_w.l(depilogue.o)
    0x0800083e   0x0800083e   0x0000002e   Code   RO         5734    .text               mf_w.l(dscalb.o)
    0x0800086c   0x0800086c   0x00000030   Code   RO         5736    .text               mf_w.l(dfixul.o)
    0x0800089c   0x0800089c   0x00000030   Code   RO         5738    .text               mf_w.l(cdrcmple.o)
    0x080008cc   0x080008cc   0x00000024   Code   RO         5740    .text               mc_w.l(init.o)
    0x080008f0   0x080008f0   0x000000a2   Code   RO         5742    .text               mf_w.l(dsqrt.o)
    0x08000992   0x08000992   0x00000002   PAD
    0x08000994   0x08000994   0x00000124   Code   RO         5183    .text.arm_sin_cos_f32  arm_cortexM4lf_math.lib(arm_sin_cos_f32.o)
    0x08000ab8   0x08000ab8   0x00000090   Code   RO         5174    .text.arm_sin_f32   arm_cortexM4lf_math.lib(arm_sin_f32.o)
    0x08000b48   0x08000b48   0x00000010   Code   RO          477    i.ADC1_2_IRQHandler  stm32g4xx_it.o
    0x08000b58   0x08000b58   0x00000094   Code   RO          891    i.ADC_Disable       stm32g4xx_hal_adc.o
    0x08000bec   0x08000bec   0x000000c8   Code   RO          892    i.ADC_Enable        stm32g4xx_hal_adc.o
    0x08000cb4   0x08000cb4   0x000004a0   Code   RO          592    i.ADC_Task          usermain.o
    0x08001154   0x08001154   0x000000d4   Code   RO          663    i.Angle_Limit       foc.o
    0x08001228   0x08001228   0x00000004   Code   RO          478    i.BusFault_Handler  stm32g4xx_it.o
    0x0800122c   0x0800122c   0x00000248   Code   RO          593    i.Data_Init         usermain.o
    0x08001474   0x08001474   0x00000002   Code   RO          479    i.DebugMon_Handler  stm32g4xx_it.o
    0x08001476   0x08001476   0x00000002   PAD
    0x08001478   0x08001478   0x0000015c   Code   RO          594    i.Encoder_Task      usermain.o
    0x080015d4   0x080015d4   0x00000006   Code   RO           13    i.Error_Handler     main.o
    0x080015da   0x080015da   0x00000002   PAD
    0x080015dc   0x080015dc   0x00000078   Code   RO          664    i.Getdq             foc.o
    0x08001654   0x08001654   0x000000b0   Code   RO         1165    i.HAL_ADCEx_Calibration_Start  stm32g4xx_hal_adc_ex.o
    0x08001704   0x08001704   0x00000002   Code   RO         1169    i.HAL_ADCEx_EndOfSamplingCallback  stm32g4xx_hal_adc_ex.o
    0x08001706   0x08001706   0x00000002   PAD
    0x08001708   0x08001708   0x0000062c   Code   RO         1171    i.HAL_ADCEx_InjectedConfigChannel  stm32g4xx_hal_adc_ex.o
    0x08001d34   0x08001d34   0x0000004c   Code   RO          480    i.HAL_ADCEx_InjectedConvCpltCallback  stm32g4xx_it.o
    0x08001d80   0x08001d80   0x00000002   Code   RO         1175    i.HAL_ADCEx_InjectedQueueOverflowCallback  stm32g4xx_hal_adc_ex.o
    0x08001d82   0x08001d82   0x00000002   PAD
    0x08001d84   0x08001d84   0x00000108   Code   RO         1176    i.HAL_ADCEx_InjectedStart  stm32g4xx_hal_adc_ex.o
    0x08001e8c   0x08001e8c   0x00000002   Code   RO         1180    i.HAL_ADCEx_LevelOutOfWindow2Callback  stm32g4xx_hal_adc_ex.o
    0x08001e8e   0x08001e8e   0x00000002   Code   RO         1181    i.HAL_ADCEx_LevelOutOfWindow3Callback  stm32g4xx_hal_adc_ex.o
    0x08001e90   0x08001e90   0x0000010c   Code   RO         1182    i.HAL_ADCEx_MultiModeConfigChannel  stm32g4xx_hal_adc_ex.o
    0x08001f9c   0x08001f9c   0x00000002   Code   RO          895    i.HAL_ADC_ConvCpltCallback  stm32g4xx_hal_adc.o
    0x08001f9e   0x08001f9e   0x00000002   Code   RO          898    i.HAL_ADC_ErrorCallback  stm32g4xx_hal_adc.o
    0x08001fa0   0x08001fa0   0x00000330   Code   RO          902    i.HAL_ADC_IRQHandler  stm32g4xx_hal_adc.o
    0x080022d0   0x080022d0   0x0000025c   Code   RO          903    i.HAL_ADC_Init      stm32g4xx_hal_adc.o
    0x0800252c   0x0800252c   0x00000002   Code   RO          904    i.HAL_ADC_LevelOutOfWindowCallback  stm32g4xx_hal_adc.o
    0x0800252e   0x0800252e   0x00000002   PAD
    0x08002530   0x08002530   0x00000098   Code   RO          250    i.HAL_ADC_MspInit   adc.o
    0x080025c8   0x080025c8   0x00000034   Code   RO         2973    i.HAL_CORDIC_Init   stm32g4xx_hal_cordic.o
    0x080025fc   0x080025fc   0x00000030   Code   RO          292    i.HAL_CORDIC_MspInit  cordic.o
    0x0800262c   0x0800262c   0x000001cc   Code   RO         2175    i.HAL_GPIO_Init     stm32g4xx_hal_gpio.o
    0x080027f8   0x080027f8   0x0000000a   Code   RO         2179    i.HAL_GPIO_WritePin  stm32g4xx_hal_gpio.o
    0x08002802   0x08002802   0x00000002   PAD
    0x08002804   0x08002804   0x0000000c   Code   RO         1410    i.HAL_GetTick       stm32g4xx_hal.o
    0x08002810   0x08002810   0x00000018   Code   RO         1416    i.HAL_IncTick       stm32g4xx_hal.o
    0x08002828   0x08002828   0x0000001e   Code   RO         1417    i.HAL_Init          stm32g4xx_hal.o
    0x08002846   0x08002846   0x00000002   PAD
    0x08002848   0x08002848   0x00000058   Code   RO         1418    i.HAL_InitTick      stm32g4xx_hal.o
    0x080028a0   0x080028a0   0x00000044   Code   RO          568    i.HAL_MspInit       stm32g4xx_hal_msp.o
    0x080028e4   0x080028e4   0x00000028   Code   RO         2822    i.HAL_NVIC_EnableIRQ  stm32g4xx_hal_cortex.o
    0x0800290c   0x0800290c   0x0000007a   Code   RO         2828    i.HAL_NVIC_SetPriority  stm32g4xx_hal_cortex.o
    0x08002986   0x08002986   0x00000002   PAD
    0x08002988   0x08002988   0x00000028   Code   RO         2829    i.HAL_NVIC_SetPriorityGrouping  stm32g4xx_hal_cortex.o
    0x080029b0   0x080029b0   0x00000118   Code   RO         2578    i.HAL_PWREx_ControlVoltageScaling  stm32g4xx_hal_pwr_ex.o
    0x08002ac8   0x08002ac8   0x00000014   Code   RO         2590    i.HAL_PWREx_DisableUCPDDeadBattery  stm32g4xx_hal_pwr_ex.o
    0x08002adc   0x08002adc   0x00000370   Code   RO         1782    i.HAL_RCCEx_PeriphCLKConfig  stm32g4xx_hal_rcc_ex.o
    0x08002e4c   0x08002e4c   0x00000224   Code   RO         1652    i.HAL_RCC_ClockConfig  stm32g4xx_hal_rcc.o
    0x08003070   0x08003070   0x0000000c   Code   RO         1658    i.HAL_RCC_GetHCLKFreq  stm32g4xx_hal_rcc.o
    0x0800307c   0x0800307c   0x00000024   Code   RO         1660    i.HAL_RCC_GetPCLK1Freq  stm32g4xx_hal_rcc.o
    0x080030a0   0x080030a0   0x00000024   Code   RO         1661    i.HAL_RCC_GetPCLK2Freq  stm32g4xx_hal_rcc.o
    0x080030c4   0x080030c4   0x00000098   Code   RO         1662    i.HAL_RCC_GetSysClockFreq  stm32g4xx_hal_rcc.o
    0x0800315c   0x0800315c   0x0000055c   Code   RO         1665    i.HAL_RCC_OscConfig  stm32g4xx_hal_rcc.o
    0x080036b8   0x080036b8   0x000000fc   Code   RO         3095    i.HAL_SPI_Init      stm32g4xx_hal_spi.o
    0x080037b4   0x080037b4   0x00000078   Code   RO          334    i.HAL_SPI_MspInit   spi.o
    0x0800382c   0x0800382c   0x000002d2   Code   RO         3104    i.HAL_SPI_TransmitReceive  stm32g4xx_hal_spi.o
    0x08003afe   0x08003afe   0x00000034   Code   RO         2833    i.HAL_SYSTICK_Config  stm32g4xx_hal_cortex.o
    0x08003b32   0x08003b32   0x00000002   PAD
    0x08003b34   0x08003b34   0x000000c8   Code   RO         4167    i.HAL_TIMEx_ConfigBreakDeadTime  stm32g4xx_hal_tim_ex.o
    0x08003bfc   0x08003bfc   0x000000b8   Code   RO         4204    i.HAL_TIMEx_MasterConfigSynchronization  stm32g4xx_hal_tim_ex.o
    0x08003cb4   0x08003cb4   0x000000e8   Code   RO         4216    i.HAL_TIMEx_PWMN_Start  stm32g4xx_hal_tim_ex.o
    0x08003d9c   0x08003d9c   0x0000006e   Code   RO         3437    i.HAL_TIM_Base_Init  stm32g4xx_hal_tim.o
    0x08003e0a   0x08003e0a   0x00000002   PAD
    0x08003e0c   0x08003e0c   0x00000030   Code   RO          376    i.HAL_TIM_Base_MspInit  tim.o
    0x08003e3c   0x08003e3c   0x00000090   Code   RO         3440    i.HAL_TIM_Base_Start  stm32g4xx_hal_tim.o
    0x08003ecc   0x08003ecc   0x00000134   Code   RO         3446    i.HAL_TIM_ConfigClockSource  stm32g4xx_hal_tim.o
    0x08004000   0x08004000   0x000000b4   Code   RO          377    i.HAL_TIM_MspPostInit  tim.o
    0x080040b4   0x080040b4   0x00000170   Code   RO         3509    i.HAL_TIM_PWM_ConfigChannel  stm32g4xx_hal_tim.o
    0x08004224   0x08004224   0x0000006e   Code   RO         3512    i.HAL_TIM_PWM_Init  stm32g4xx_hal_tim.o
    0x08004292   0x08004292   0x00000002   Code   RO         3514    i.HAL_TIM_PWM_MspInit  stm32g4xx_hal_tim.o
    0x08004294   0x08004294   0x0000014c   Code   RO         3517    i.HAL_TIM_PWM_Start  stm32g4xx_hal_tim.o
    0x080043e0   0x080043e0   0x0000004e   Code   RO         5016    i.HAL_UARTEx_DisableFifoMode  stm32g4xx_hal_uart_ex.o
    0x0800442e   0x0800442e   0x0000005e   Code   RO         5025    i.HAL_UARTEx_SetRxFifoThreshold  stm32g4xx_hal_uart_ex.o
    0x0800448c   0x0800448c   0x0000005e   Code   RO         5026    i.HAL_UARTEx_SetTxFifoThreshold  stm32g4xx_hal_uart_ex.o
    0x080044ea   0x080044ea   0x00000078   Code   RO         4620    i.HAL_UART_Init     stm32g4xx_hal_uart.o
    0x08004562   0x08004562   0x00000002   PAD
    0x08004564   0x08004564   0x00000094   Code   RO          424    i.HAL_UART_MspInit  usart.o
    0x080045f8   0x080045f8   0x000000c2   Code   RO         4629    i.HAL_UART_Transmit  stm32g4xx_hal_uart.o
    0x080046ba   0x080046ba   0x00000004   Code   RO          481    i.HardFault_Handler  stm32g4xx_it.o
    0x080046be   0x080046be   0x00000002   PAD
    0x080046c0   0x080046c0   0x00000010   Code   RO          917    i.LL_ADC_Enable     stm32g4xx_hal_adc.o
    0x080046d0   0x080046d0   0x0000000a   Code   RO          918    i.LL_ADC_GetMultimode  stm32g4xx_hal_adc.o
    0x080046da   0x080046da   0x00000012   Code   RO         1190    i.LL_ADC_GetOffsetChannel  stm32g4xx_hal_adc_ex.o
    0x080046ec   0x080046ec   0x0000000a   Code   RO         1191    i.LL_ADC_INJ_GetTrigAuto  stm32g4xx_hal_adc_ex.o
    0x080046f6   0x080046f6   0x0000000a   Code   RO          920    i.LL_ADC_INJ_IsConversionOngoing  stm32g4xx_hal_adc.o
    0x08004700   0x08004700   0x0000000a   Code   RO         1192    i.LL_ADC_INJ_IsConversionOngoing  stm32g4xx_hal_adc_ex.o
    0x0800470a   0x0800470a   0x00000002   PAD
    0x0800470c   0x0800470c   0x00000014   Code   RO         1193    i.LL_ADC_INJ_StartConversion  stm32g4xx_hal_adc_ex.o
    0x08004720   0x08004720   0x0000000a   Code   RO          921    i.LL_ADC_IsDisableOngoing  stm32g4xx_hal_adc.o
    0x0800472a   0x0800472a   0x0000000a   Code   RO          922    i.LL_ADC_IsEnabled  stm32g4xx_hal_adc.o
    0x08004734   0x08004734   0x0000000a   Code   RO         1194    i.LL_ADC_IsEnabled  stm32g4xx_hal_adc_ex.o
    0x0800473e   0x0800473e   0x0000000a   Code   RO          923    i.LL_ADC_IsInternalRegulatorEnabled  stm32g4xx_hal_adc.o
    0x08004748   0x08004748   0x0000000a   Code   RO          924    i.LL_ADC_REG_IsConversionOngoing  stm32g4xx_hal_adc.o
    0x08004752   0x08004752   0x0000000a   Code   RO         1195    i.LL_ADC_REG_IsConversionOngoing  stm32g4xx_hal_adc_ex.o
    0x0800475c   0x0800475c   0x00000012   Code   RO          925    i.LL_ADC_REG_IsTriggerSourceSWStart  stm32g4xx_hal_adc.o
    0x0800476e   0x0800476e   0x00000028   Code   RO         1196    i.LL_ADC_SetChannelSamplingTime  stm32g4xx_hal_adc_ex.o
    0x08004796   0x08004796   0x0000000c   Code   RO         1197    i.LL_ADC_SetCommonPathInternalCh  stm32g4xx_hal_adc_ex.o
    0x080047a2   0x080047a2   0x00000016   Code   RO         1198    i.LL_ADC_SetOffsetState  stm32g4xx_hal_adc_ex.o
    0x080047b8   0x080047b8   0x0000000c   Code   RO         1199    i.LL_ADC_SetSamplingTimeCommonConfig  stm32g4xx_hal_adc_ex.o
    0x080047c4   0x080047c4   0x0000007c   Code   RO          740    i.LdqID_Init        motorid.o
    0x08004840   0x08004840   0x00000214   Code   RO          741    i.LdqID_Task        motorid.o
    0x08004a54   0x08004a54   0x00000038   Code   RO          853    i.MT6701_Read       mt6701.o
    0x08004a8c   0x08004a8c   0x0000001a   Code   RO          854    i.MT6701_ReadRaw    mt6701.o
    0x08004aa6   0x08004aa6   0x00000002   PAD
    0x08004aa8   0x08004aa8   0x00000114   Code   RO          251    i.MX_ADC1_Init      adc.o
    0x08004bbc   0x08004bbc   0x00000020   Code   RO          293    i.MX_CORDIC_Init    cordic.o
    0x08004bdc   0x08004bdc   0x000000cc   Code   RO          225    i.MX_GPIO_Init      gpio.o
    0x08004ca8   0x08004ca8   0x00000050   Code   RO          335    i.MX_SPI1_Init      spi.o
    0x08004cf8   0x08004cf8   0x00000134   Code   RO          378    i.MX_TIM1_Init      tim.o
    0x08004e2c   0x08004e2c   0x0000006c   Code   RO          425    i.MX_USART1_UART_Init  usart.o
    0x08004e98   0x08004e98   0x00000004   Code   RO          482    i.MemManage_Handler  stm32g4xx_it.o
    0x08004e9c   0x08004e9c   0x00000174   Code   RO          595    i.Mode_Task         usermain.o
    0x08005010   0x08005010   0x00000004   Code   RO          483    i.NMI_Handler       stm32g4xx_it.o
    0x08005014   0x08005014   0x00000272   Code   RO          712    i.PID_I_Control     pid.o
    0x08005286   0x08005286   0x00000002   Code   RO          484    i.PendSV_Handler    stm32g4xx_it.o
    0x08005288   0x08005288   0x00000068   Code   RO         1666    i.RCC_GetSysClockFreqFromPLLSource  stm32g4xx_hal_rcc.o
    0x080052f0   0x080052f0   0x00000038   Code   RO          742    i.RsID_Init         motorid.o
    0x08005328   0x08005328   0x000001c0   Code   RO          743    i.RsID_Task         motorid.o
    0x080054e8   0x080054e8   0x00000064   Code   RO         3133    i.SPI_EndRxTxTransaction  stm32g4xx_hal_spi.o
    0x0800554c   0x0800554c   0x000000f8   Code   RO         3138    i.SPI_WaitFifoStateUntilTimeout  stm32g4xx_hal_spi.o
    0x08005644   0x08005644   0x000000d8   Code   RO         3139    i.SPI_WaitFlagStateUntilTimeout  stm32g4xx_hal_spi.o
    0x0800571c   0x0800571c   0x00000002   Code   RO          485    i.SVC_Handler       stm32g4xx_it.o
    0x0800571e   0x0800571e   0x00000002   PAD
    0x08005720   0x08005720   0x00000020   Code   RO          744    i.ScanFrequence_CntCal  motorid.o
    0x08005740   0x08005740   0x00000068   Code   RO          745    i.ScanFrequence_Init  motorid.o
    0x080057a8   0x080057a8   0x000000a4   Code   RO          746    i.ScanFrequence_PrintBuff  motorid.o
    0x0800584c   0x0800584c   0x00000094   Code   RO          747    i.ScanFrequence_Start  motorid.o
    0x080058e0   0x080058e0   0x00000200   Code   RO          748    i.ScanFrequence_Task  motorid.o
    0x08005ae0   0x08005ae0   0x00000128   Code   RO          665    i.Set_SPWM          foc.o
    0x08005c08   0x08005c08   0x00000420   Code   RO          666    i.Set_Svpwm         foc.o
    0x08006028   0x08006028   0x00000084   Code   RO          826    i.Start_Init        start_init.o
    0x080060ac   0x080060ac   0x00000008   Code   RO          486    i.SysTick_Handler   stm32g4xx_it.o
    0x080060b4   0x080060b4   0x00000068   Code   RO           14    i.SystemClock_Config  main.o
    0x0800611c   0x0800611c   0x00000014   Code   RO         5140    i.SystemInit        system_stm32g4xx.o
    0x08006130   0x08006130   0x000000cc   Code   RO         3530    i.TIM_Base_SetConfig  stm32g4xx_hal_tim.o
    0x080061fc   0x080061fc   0x00000022   Code   RO         3531    i.TIM_CCxChannelCmd  stm32g4xx_hal_tim.o
    0x0800621e   0x0800621e   0x00000022   Code   RO         4228    i.TIM_CCxNChannelCmd  stm32g4xx_hal_tim_ex.o
    0x08006240   0x08006240   0x00000016   Code   RO         3541    i.TIM_ETR_SetConfig  stm32g4xx_hal_tim.o
    0x08006256   0x08006256   0x00000002   PAD
    0x08006258   0x08006258   0x00000018   Code   RO         3542    i.TIM_ITRx_SetConfig  stm32g4xx_hal_tim.o
    0x08006270   0x08006270   0x000000ac   Code   RO         3543    i.TIM_OC1_SetConfig  stm32g4xx_hal_tim.o
    0x0800631c   0x0800631c   0x000000b4   Code   RO         3544    i.TIM_OC2_SetConfig  stm32g4xx_hal_tim.o
    0x080063d0   0x080063d0   0x000000b4   Code   RO         3545    i.TIM_OC3_SetConfig  stm32g4xx_hal_tim.o
    0x08006484   0x08006484   0x000000b4   Code   RO         3546    i.TIM_OC4_SetConfig  stm32g4xx_hal_tim.o
    0x08006538   0x08006538   0x00000070   Code   RO         3547    i.TIM_OC5_SetConfig  stm32g4xx_hal_tim.o
    0x080065a8   0x080065a8   0x00000070   Code   RO         3548    i.TIM_OC6_SetConfig  stm32g4xx_hal_tim.o
    0x08006618   0x08006618   0x00000026   Code   RO         3550    i.TIM_TI1_ConfigInputStage  stm32g4xx_hal_tim.o
    0x0800663e   0x0800663e   0x00000028   Code   RO         3552    i.TIM_TI2_ConfigInputStage  stm32g4xx_hal_tim.o
    0x08006666   0x08006666   0x00000002   PAD
    0x08006668   0x08006668   0x00000058   Code   RO         5030    i.UARTEx_SetNbDataToProcess  stm32g4xx_hal_uart_ex.o
    0x080066c0   0x080066c0   0x000000f8   Code   RO         4634    i.UART_AdvFeatureConfig  stm32g4xx_hal_uart.o
    0x080067b8   0x080067b8   0x000000ea   Code   RO         4635    i.UART_CheckIdleState  stm32g4xx_hal_uart.o
    0x080068a2   0x080068a2   0x00000002   PAD
    0x080068a4   0x080068a4   0x0000006c   Code   RO         4646    i.UART_EndRxTransfer  stm32g4xx_hal_uart.o
    0x08006910   0x08006910   0x00000384   Code   RO         4653    i.UART_SetConfig    stm32g4xx_hal_uart.o
    0x08006c94   0x08006c94   0x000000ac   Code   RO         4660    i.UART_WaitOnFlagUntilTimeout  stm32g4xx_hal_uart.o
    0x08006d40   0x08006d40   0x00000004   Code   RO          487    i.UsageFault_Handler  stm32g4xx_it.o
    0x08006d44   0x08006d44   0x0000001c   Code   RO         5607    i.__0fprintf        mc_w.l(printfa.o)
    0x08006d60   0x08006d60   0x00000020   Code   RO         5608    i.__0printf         mc_w.l(printfa.o)
    0x08006d80   0x08006d80   0x00000030   Code   RO         5666    i.__ARM_fpclassify  m_wm.l(fpclassify.o)
    0x08006db0   0x08006db0   0x00000010   Code   RO         2835    i.__NVIC_GetPriorityGrouping  stm32g4xx_hal_cortex.o
    0x08006dc0   0x08006dc0   0x00000028   Code   RO         2836    i.__NVIC_SetPriority  stm32g4xx_hal_cortex.o
    0x08006de8   0x08006de8   0x00000118   Code   RO         5311    i.__hardfp_ceil     m_wm.l(ceil.o)
    0x08006f00   0x08006f00   0x00000014   Code   RO         5317    i.__hardfp_fabs     m_wm.l(fabs.o)
    0x08006f14   0x08006f14   0x00000070   Code   RO         5323    i.__hardfp_floorf   m_wm.l(floorf.o)
    0x08006f84   0x08006f84   0x00000004   PAD
    0x08006f88   0x08006f88   0x000003c4   Code   RO         5668    i.__hardfp_log      m_wm.l(log.o)
    0x0800734c   0x0800734c   0x00000004   PAD
    0x08007350   0x08007350   0x00000130   Code   RO         5329    i.__hardfp_log10    m_wm.l(log10.o)
    0x08007480   0x08007480   0x00000c50   Code   RO         5341    i.__hardfp_pow      m_wm.l(pow.o)
    0x080080d0   0x080080d0   0x0000003a   Code   RO         5355    i.__hardfp_sqrtf    m_wm.l(sqrtf.o)
    0x0800810a   0x0800810a   0x000000f8   Code   RO         5682    i.__kernel_poly     m_wm.l(poly.o)
    0x08008202   0x08008202   0x00000006   PAD
    0x08008208   0x08008208   0x00000030   Code   RO         5652    i.__mathlib_dbl_divzero  m_wm.l(dunder.o)
    0x08008238   0x08008238   0x00000014   Code   RO         5653    i.__mathlib_dbl_infnan  m_wm.l(dunder.o)
    0x0800824c   0x0800824c   0x00000014   Code   RO         5654    i.__mathlib_dbl_infnan2  m_wm.l(dunder.o)
    0x08008260   0x08008260   0x00000020   Code   RO         5655    i.__mathlib_dbl_invalid  m_wm.l(dunder.o)
    0x08008280   0x08008280   0x00000020   Code   RO         5656    i.__mathlib_dbl_overflow  m_wm.l(dunder.o)
    0x080082a0   0x080082a0   0x00000020   Code   RO         5658    i.__mathlib_dbl_underflow  m_wm.l(dunder.o)
    0x080082c0   0x080082c0   0x0000000e   Code   RO         5746    i.__scatterload_copy  mc_w.l(handlers.o)
    0x080082ce   0x080082ce   0x00000002   Code   RO         5747    i.__scatterload_null  mc_w.l(handlers.o)
    0x080082d0   0x080082d0   0x0000000e   Code   RO         5748    i.__scatterload_zeroinit  mc_w.l(handlers.o)
    0x080082de   0x080082de   0x00000002   PAD
    0x080082e0   0x080082e0   0x0000000c   Code   RO         5722    i.__set_errno       mc_w.l(errno.o)
    0x080082ec   0x080082ec   0x00000184   Code   RO         5615    i._fp_digits        mc_w.l(printfa.o)
    0x08008470   0x08008470   0x000006dc   Code   RO         5616    i._printf_core      mc_w.l(printfa.o)
    0x08008b4c   0x08008b4c   0x00000024   Code   RO         5617    i._printf_post_padding  mc_w.l(printfa.o)
    0x08008b70   0x08008b70   0x0000002e   Code   RO         5618    i._printf_pre_padding  mc_w.l(printfa.o)
    0x08008b9e   0x08008b9e   0x00000018   Code   RO         5319    i.fabs              m_wm.l(fabs.o)
    0x08008bb6   0x08008bb6   0x00000002   PAD
    0x08008bb8   0x08008bb8   0x0000001c   Code   RO          427    i.fputc             usart.o
    0x08008bd4   0x08008bd4   0x0000012c   Code   RO          749    i.generate_bode_frequencies  motorid.o
    0x08008d00   0x08008d00   0x00000010   Code   RO         5670    i.log               m_wm.l(log.o)
    0x08008d10   0x08008d10   0x0000008c   Code   RO           15    i.main              main.o
    0x08008d9c   0x08008d9c   0x0000006e   Code   RO         5687    i.sqrt              m_wm.l(sqrt.o)
    0x08008e0a   0x08008e0a   0x00000002   PAD
    0x08008e0c   0x08008e0c   0x000000d4   Code   RO          596    i.usermain          usermain.o
    0x08008ee0   0x08008ee0   0x00000002   Data   RO          855    .constdata          mt6701.o
    0x08008ee2   0x08008ee2   0x00000018   Data   RO         4661    .constdata          stm32g4xx_hal_uart.o
    0x08008efa   0x08008efa   0x00000010   Data   RO         5032    .constdata          stm32g4xx_hal_uart_ex.o
    0x08008f0a   0x08008f0a   0x00000018   Data   RO         5141    .constdata          system_stm32g4xx.o
    0x08008f22   0x08008f22   0x00000006   PAD
    0x08008f28   0x08008f28   0x00000088   Data   RO         5344    .constdata          m_wm.l(pow.o)
    0x08008fb0   0x08008fb0   0x00000038   Data   RO         5671    .constdata          m_wm.l(log.o)
    0x08008fe8   0x08008fe8   0x00000008   Data   RO         5684    .constdata          m_wm.l(qnan.o)
    0x08008ff0   0x08008ff0   0x00000804   Data   RO         5304    .rodata.sinTable_f32  arm_cortexM4lf_math.lib(arm_common_tables.o)
    0x080097f4   0x080097f4   0x00000020   Data   RO         5744    Region$$Table       anon$$obj.o


    Execution Region RW_IRAM1 (Exec base: 0x20000000, Load base: 0x08009814, Size: 0x000054a0, Max: 0x00008000, ABSOLUTE)

    Exec Addr    Load Addr    Size         Type   Attr      Idx    E Section Name        Object

    0x20000000   0x08009814   0x0000001a   Data   RW           17    .data               main.o
    0x2000001a   0x0800982e   0x00000009   Data   RW          597    .data               usermain.o
    0x20000023   0x08009837   0x00000001   PAD
    0x20000024   0x08009838   0x0000000c   Data   RW         1437    .data               stm32g4xx_hal.o
    0x20000030   0x08009844   0x00000004   Data   RW         5142    .data               system_stm32g4xx.o
    0x20000034   0x08009848   0x00000004   Data   RW         5370    .data               mc_w.l(stderr.o)
    0x20000038   0x0800984c   0x00000004   Data   RW         5711    .data               mc_w.l(stdout.o)
    0x2000003c   0x08009850   0x00000004   Data   RW         5723    .data               mc_w.l(errno.o)
    0x20000040        -       0x00004e84   Zero   RW           16    .bss                main.o
    0x20004ec4        -       0x0000006c   Zero   RW          252    .bss                adc.o
    0x20004f30        -       0x00000028   Zero   RW          294    .bss                cordic.o
    0x20004f58        -       0x00000064   Zero   RW          336    .bss                spi.o
    0x20004fbc        -       0x0000004c   Zero   RW          379    .bss                tim.o
    0x20005008        -       0x00000094   Zero   RW          428    .bss                usart.o
    0x2000509c   0x08009854   0x00000004   PAD
    0x200050a0        -       0x00000400   Zero   RW            1    STACK               startup_stm32g431xx.o


==============================================================================

Image component sizes


      Code (inc. data)   RO Data    RW Data    ZI Data      Debug   Object Name

       428         26          0          0        108       1949   adc.o
        80         18          0          0         40       1524   cordic.o
      1684         84          0          0          0      22065   foc.o
       204          8          0          0          0        971   gpio.o
       250         20          0         26      20100     695531   main.o
      2420        190          0          0          0       8277   motorid.o
        82         10          2          0          0       1553   mt6701.o
       626          0          0          0          0       1279   pid.o
       200         18          0          0        100       1665   spi.o
       132         10          0          0          0        553   start_init.o
        36          8        472          0       1024        832   startup_stm32g431xx.o
       154         28          0         12          0       3661   stm32g4xx_hal.o
      1868         64          0          0          0      77269   stm32g4xx_hal_adc.o
      2460         90          0          0          0      79861   stm32g4xx_hal_adc_ex.o
        52          0          0          0          0       1102   stm32g4xx_hal_cordic.o
       310         22          0          0          0      34319   stm32g4xx_hal_cortex.o
       470         32          0          0          0       2040   stm32g4xx_hal_gpio.o
        68          6          0          0          0        850   stm32g4xx_hal_msp.o
       300         18          0          0          0       1405   stm32g4xx_hal_pwr_ex.o
      2260        106          0          0          0       7220   stm32g4xx_hal_rcc.o
       880          8          0          0          0       1868   stm32g4xx_hal_rcc_ex.o
      1538         12          0          0          0       5905   stm32g4xx_hal_spi.o
      2672        262          0          0          0      14871   stm32g4xx_hal_tim.o
       650         60          0          0          0       3811   stm32g4xx_hal_tim_ex.o
      1976         66         24          0          0      26114   stm32g4xx_hal_uart.o
       354         10         16          0          0       3645   stm32g4xx_hal_uart_ex.o
       126         16          0          0          0       5750   stm32g4xx_it.o
        20          6         24          4          0       1115   system_stm32g4xx.o
       536         30          0          0         76       2592   tim.o
       284         30          0          0        148       2366   usart.o
      2700        286          0          9          0       4747   usermain.o

    ----------------------------------------------------------------------
     25856       1544        576         52      21600    1016710   Object Totals
         0          0         32          0          0          0   (incl. Generated)
        36          0          6          1          4          0   (incl. Padding)

    ----------------------------------------------------------------------

      Code (inc. data)   RO Data    RW Data    ZI Data      Debug   Library Member Name

         0          0       2052          0          0       6294   arm_common_tables.o
       292         16          0          0          0       1600   arm_sin_cos_f32.o
       144         12          0          0          0       1092   arm_sin_f32.o
       280         28          0          0          0        156   ceil.o
       184         44          0          0          0        744   dunder.o
        44          0          0          0          0        248   fabs.o
       112         14          0          0          0        116   floorf.o
        48          0          0          0          0        124   fpclassify.o
       980         92         56          0          0        440   log.o
       304         44          0          0          0        200   log10.o
       248          0          0          0          0        152   poly.o
      3152        296        136          0          0        352   pow.o
         0          0          8          0          0          0   qnan.o
       110          0          0          0          0        148   sqrt.o
        58          0          0          0          0        136   sqrtf.o
         0          0          0          0          0          0   entry.o
         0          0          0          0          0          0   entry10a.o
         0          0          0          0          0          0   entry11a.o
         8          4          0          0          0          0   entry2.o
         4          0          0          0          0          0   entry5.o
         0          0          0          0          0          0   entry7b.o
         0          0          0          0          0          0   entry8b.o
         8          4          0          0          0          0   entry9a.o
        12          6          0          4          0         68   errno.o
        30          0          0          0          0          0   handlers.o
        36          8          0          0          0         68   init.o
         0          0          0          0          0          0   iusefp.o
        30          0          0          0          0         68   llshl.o
        36          0          0          0          0         68   llsshr.o
        32          0          0          0          0         68   llushr.o
        36          0          0          0          0        108   memseta.o
      2286         96          0          0          0        536   printfa.o
         0          0          0          4          0          0   stderr.o
         0          0          0          4          0          0   stdout.o
        44          0          0          0          0         80   uidiv.o
        98          0          0          0          0         92   uldiv.o
        48          0          0          0          0         68   cdcmple.o
        48          0          0          0          0         68   cdrcmple.o
        56          0          0          0          0         88   d2f.o
       334          0          0          0          0        148   dadd.o
       222          0          0          0          0        100   ddiv.o
       186          0          0          0          0        176   depilogue.o
        50          0          0          0          0         76   dfixui.o
        48          0          0          0          0         68   dfixul.o
        34          0          0          0          0         76   dflti.o
       228          0          0          0          0         96   dmul.o
        46          0          0          0          0         80   dscalb.o
       162          0          0          0          0        100   dsqrt.o
        38          0          0          0          0         68   f2d.o
       110          0          0          0          0        168   fepilogue.o

    ----------------------------------------------------------------------
     10248        672       2252         12          0      14338   Library Totals
        22          8          0          0          0          0   (incl. Padding)

    ----------------------------------------------------------------------

      Code (inc. data)   RO Data    RW Data    ZI Data      Debug   Library Name

       436         28       2052          0          0       8986   arm_cortexM4lf_math.lib
      5520        518        200          0          0       2816   m_wm.l
      2660        118          0         12          0       1156   mc_w.l
      1610          0          0          0          0       1380   mf_w.l

    ----------------------------------------------------------------------
     10248        672       2252         12          0      14338   Library Totals

    ----------------------------------------------------------------------

==============================================================================


      Code (inc. data)   RO Data    RW Data    ZI Data      Debug   

     36104       2216       2828         64      21600    1014436   Grand Totals
     36104       2216       2828         64      21600    1014436   ELF Image Totals
     36104       2216       2828         64          0          0   ROM Totals

==============================================================================

    Total RO  Size (Code + RO Data)                38932 (  38.02kB)
    Total RW  Size (RW Data + ZI Data)             21664 (  21.16kB)
    Total ROM Size (Code + RO Data + RW Data)      38996 (  38.08kB)

==============================================================================

