Component: ARM Compiler 5.06 update 6 (build 750) Tool: armlink [4d35ed]

==============================================================================

Section Cross References

    startup_stm32g431xx.o(STACK) refers (Special) to heapauxi.o(.text) for __use_two_region_memory
    startup_stm32g431xx.o(HEAP) refers (Special) to heapauxi.o(.text) for __use_two_region_memory
    startup_stm32g431xx.o(RESET) refers (Special) to heapauxi.o(.text) for __use_two_region_memory
    startup_stm32g431xx.o(RESET) refers to startup_stm32g431xx.o(STACK) for __initial_sp
    startup_stm32g431xx.o(RESET) refers to startup_stm32g431xx.o(.text) for Reset_Handler
    startup_stm32g431xx.o(RESET) refers to stm32g4xx_it.o(i.NMI_Handler) for NMI_Handler
    startup_stm32g431xx.o(RESET) refers to stm32g4xx_it.o(i.HardFault_Handler) for HardFault_Handler
    startup_stm32g431xx.o(RESET) refers to stm32g4xx_it.o(i.MemManage_Handler) for MemManage_Handler
    startup_stm32g431xx.o(RESET) refers to stm32g4xx_it.o(i.BusFault_Handler) for BusFault_Handler
    startup_stm32g431xx.o(RESET) refers to stm32g4xx_it.o(i.UsageFault_Handler) for UsageFault_Handler
    startup_stm32g431xx.o(RESET) refers to stm32g4xx_it.o(i.SVC_Handler) for SVC_Handler
    startup_stm32g431xx.o(RESET) refers to stm32g4xx_it.o(i.DebugMon_Handler) for DebugMon_Handler
    startup_stm32g431xx.o(RESET) refers to stm32g4xx_it.o(i.PendSV_Handler) for PendSV_Handler
    startup_stm32g431xx.o(RESET) refers to stm32g4xx_it.o(i.SysTick_Handler) for SysTick_Handler
    startup_stm32g431xx.o(RESET) refers to stm32g4xx_it.o(i.ADC1_2_IRQHandler) for ADC1_2_IRQHandler
    startup_stm32g431xx.o(.text) refers (Special) to heapauxi.o(.text) for __use_two_region_memory
    startup_stm32g431xx.o(.text) refers to system_stm32g4xx.o(i.SystemInit) for SystemInit
    startup_stm32g431xx.o(.text) refers to __main.o(!!!main) for __main
    startup_stm32g431xx.o(.text) refers to startup_stm32g431xx.o(HEAP) for Heap_Mem
    startup_stm32g431xx.o(.text) refers to startup_stm32g431xx.o(STACK) for Stack_Mem
    main.o(i.SystemClock_Config) refers to rt_memclr_w.o(.text) for __aeabi_memclr4
    main.o(i.SystemClock_Config) refers to stm32g4xx_hal_pwr_ex.o(i.HAL_PWREx_ControlVoltageScaling) for HAL_PWREx_ControlVoltageScaling
    main.o(i.SystemClock_Config) refers to stm32g4xx_hal_rcc.o(i.HAL_RCC_OscConfig) for HAL_RCC_OscConfig
    main.o(i.SystemClock_Config) refers to main.o(i.Error_Handler) for Error_Handler
    main.o(i.SystemClock_Config) refers to stm32g4xx_hal_rcc.o(i.HAL_RCC_ClockConfig) for HAL_RCC_ClockConfig
    main.o(i.main) refers to stm32g4xx_hal.o(i.HAL_Init) for HAL_Init
    main.o(i.main) refers to main.o(i.SystemClock_Config) for SystemClock_Config
    main.o(i.main) refers to gpio.o(i.MX_GPIO_Init) for MX_GPIO_Init
    main.o(i.main) refers to cordic.o(i.MX_CORDIC_Init) for MX_CORDIC_Init
    main.o(i.main) refers to adc.o(i.MX_ADC1_Init) for MX_ADC1_Init
    main.o(i.main) refers to tim.o(i.MX_TIM1_Init) for MX_TIM1_Init
    main.o(i.main) refers to spi.o(i.MX_SPI1_Init) for MX_SPI1_Init
    main.o(i.main) refers to start_init.o(i.Start_Init) for Start_Init
    gpio.o(i.MX_GPIO_Init) refers to rt_memclr_w.o(.text) for __aeabi_memclr4
    gpio.o(i.MX_GPIO_Init) refers to stm32g4xx_hal_gpio.o(i.HAL_GPIO_WritePin) for HAL_GPIO_WritePin
    gpio.o(i.MX_GPIO_Init) refers to stm32g4xx_hal_gpio.o(i.HAL_GPIO_Init) for HAL_GPIO_Init
    adc.o(i.HAL_ADC_MspDeInit) refers to stm32g4xx_hal_gpio.o(i.HAL_GPIO_DeInit) for HAL_GPIO_DeInit
    adc.o(i.HAL_ADC_MspDeInit) refers to stm32g4xx_hal_cortex.o(i.HAL_NVIC_DisableIRQ) for HAL_NVIC_DisableIRQ
    adc.o(i.HAL_ADC_MspInit) refers to rt_memclr_w.o(.text) for __aeabi_memclr4
    adc.o(i.HAL_ADC_MspInit) refers to stm32g4xx_hal_rcc_ex.o(i.HAL_RCCEx_PeriphCLKConfig) for HAL_RCCEx_PeriphCLKConfig
    adc.o(i.HAL_ADC_MspInit) refers to main.o(i.Error_Handler) for Error_Handler
    adc.o(i.HAL_ADC_MspInit) refers to stm32g4xx_hal_gpio.o(i.HAL_GPIO_Init) for HAL_GPIO_Init
    adc.o(i.HAL_ADC_MspInit) refers to stm32g4xx_hal_cortex.o(i.HAL_NVIC_SetPriority) for HAL_NVIC_SetPriority
    adc.o(i.HAL_ADC_MspInit) refers to stm32g4xx_hal_cortex.o(i.HAL_NVIC_EnableIRQ) for HAL_NVIC_EnableIRQ
    adc.o(i.MX_ADC1_Init) refers to rt_memclr_w.o(.text) for __aeabi_memclr4
    adc.o(i.MX_ADC1_Init) refers to stm32g4xx_hal_adc.o(i.HAL_ADC_Init) for HAL_ADC_Init
    adc.o(i.MX_ADC1_Init) refers to main.o(i.Error_Handler) for Error_Handler
    adc.o(i.MX_ADC1_Init) refers to stm32g4xx_hal_adc_ex.o(i.HAL_ADCEx_MultiModeConfigChannel) for HAL_ADCEx_MultiModeConfigChannel
    adc.o(i.MX_ADC1_Init) refers to stm32g4xx_hal_adc_ex.o(i.HAL_ADCEx_InjectedConfigChannel) for HAL_ADCEx_InjectedConfigChannel
    adc.o(i.MX_ADC1_Init) refers to adc.o(.bss) for hadc1
    cordic.o(i.MX_CORDIC_Init) refers to stm32g4xx_hal_cordic.o(i.HAL_CORDIC_Init) for HAL_CORDIC_Init
    cordic.o(i.MX_CORDIC_Init) refers to main.o(i.Error_Handler) for Error_Handler
[...]
    Software\\PID\\PID.c                     0x00000000   Number         0  pid.o ABSOLUTE
    Software\\Usermain\\usermain.c           0x00000000   Number         0  usermain.o ABSOLUTE
    arm_common_tables.c                      0x00000000   Number         0  arm_common_tables.o ABSOLUTE
    arm_sin_cos_f32.c                        0x00000000   Number         0  arm_sin_cos_f32.o ABSOLUTE
    dc.s                                     0x00000000   Number         0  dc.o ABSOLUTE
    startup_stm32g431xx.s                    0x00000000   Number         0  startup_stm32g431xx.o ABSOLUTE
    RESET                                    0x08000000   Section      472  startup_stm32g431xx.o(RESET)
    !!!main                                  0x080001d8   Section        8  __main.o(!!!main)
    !!!scatter                               0x080001e0   Section       52  __scatter.o(!!!scatter)
    !!handler_copy                           0x08000214   Section       26  __scatter_copy.o(!!handler_copy)
    !!handler_zi                             0x08000230   Section       28  __scatter_zi.o(!!handler_zi)
    .ARM.Collect$$libinit$$00000000          0x0800024c   Section        2  libinit.o(.ARM.Collect$$libinit$$00000000)
    .ARM.Collect$$libinit$$00000001          0x0800024e   Section        4  libinit2.o(.ARM.Collect$$libinit$$00000001)
    .ARM.Collect$$libinit$$00000004          0x08000252   Section        0  libinit2.o(.ARM.Collect$$libinit$$00000004)
    .ARM.Collect$$libinit$$0000000A          0x08000252   Section        0  libinit2.o(.ARM.Collect$$libinit$$0000000A)
    .ARM.Collect$$libinit$$0000000C          0x08000252   Section        0  libinit2.o(.ARM.Collect$$libinit$$0000000C)
    .ARM.Collect$$libinit$$0000000E          0x08000252   Section        0  libinit2.o(.ARM.Collect$$libinit$$0000000E)
    .ARM.Collect$$libinit$$00000011          0x08000252   Section        0  libinit2.o(.ARM.Collect$$libinit$$00000011)
    .ARM.Collect$$libinit$$00000013          0x08000252   Section        0  libinit2.o(.ARM.Collect$$libinit$$00000013)
    .ARM.Collect$$libinit$$00000015          0x08000252   Section        0  libinit2.o(.ARM.Collect$$libinit$$00000015)
    .ARM.Collect$$libinit$$00000017          0x08000252   Section        0  libinit2.o(.ARM.Collect$$libinit$$00000017)
    .ARM.Collect$$libinit$$00000019          0x08000252   Section        0  libinit2.o(.ARM.Collect$$libinit$$00000019)
    .ARM.Collect$$libinit$$0000001B          0x08000252   Section        0  libinit2.o(.ARM.Collect$$libinit$$0000001B)
    .ARM.Collect$$libinit$$0000001D          0x08000252   Section        0  libinit2.o(.ARM.Collect$$libinit$$0000001D)
    .ARM.Collect$$libinit$$0000001F          0x08000252   Section        0  libinit2.o(.ARM.Collect$$libinit$$0000001F)
    .ARM.Collect$$libinit$$00000021          0x08000252   Section        0  libinit2.o(.ARM.Collect$$libinit$$00000021)
    .ARM.Collect$$libinit$$00000023          0x08000252   Section        0  libinit2.o(.ARM.Collect$$libinit$$00000023)
    .ARM.Collect$$libinit$$00000025          0x08000252   Section        0  libinit2.o(.ARM.Collect$$libinit$$00000025)
    .ARM.Collect$$libinit$$0000002C          0x08000252   Section        0  libinit2.o(.ARM.Collect$$libinit$$0000002C)
    .ARM.Collect$$libinit$$0000002E          0x08000252   Section        0  libinit2.o(.ARM.Collect$$libinit$$0000002E)
    .ARM.Collect$$libinit$$00000030          0x08000252   Section        0  libinit2.o(.ARM.Collect$$libinit$$00000030)
    .ARM.Collect$$libinit$$00000032          0x08000252   Section        0  libinit2.o(.ARM.Collect$$libinit$$00000032)
    .ARM.Collect$$libinit$$00000033          0x08000252   Section        2  libinit2.o(.ARM.Collect$$libinit$$00000033)
    .ARM.Collect$$libshutdown$$00000000      0x08000254   Section        2  libshutdown.o(.ARM.Collect$$libshutdown$$00000000)
    .ARM.Collect$$libshutdown$$00000002      0x08000256   Section        0  libshutdown2.o(.ARM.Collect$$libshutdown$$00000002)
    .ARM.Collect$$libshutdown$$00000004      0x08000256   Section        0  libshutdown2.o(.ARM.Collect$$libshutdown$$00000004)
    .ARM.Collect$$libshutdown$$00000007      0x08000256   Section        0  libshutdown2.o(.ARM.Collect$$libshutdown$$00000007)
    .ARM.Collect$$libshutdown$$0000000A      0x08000256   Section        0  libshutdown2.o(.ARM.Collect$$libshutdown$$0000000A)
    .ARM.Collect$$libshutdown$$0000000C      0x08000256   Section        0  libshutdown2.o(.ARM.Collect$$libshutdown$$0000000C)
    .ARM.Collect$$libshutdown$$0000000F      0x08000256   Section        0  libshutdown2.o(.ARM.Collect$$libshutdown$$0000000F)
    .ARM.Collect$$libshutdown$$00000010      0x08000256   Section        2  libshutdown2.o(.ARM.Collect$$libshutdown$$00000010)
    .ARM.Collect$$rtentry$$00000000          0x08000258   Section        0  __rtentry.o(.ARM.Collect$$rtentry$$00000000)
    .ARM.Collect$$rtentry$$00000002          0x08000258   Section        0  __rtentry2.o(.ARM.Collect$$rtentry$$00000002)
    .ARM.Collect$$rtentry$$00000004          0x08000258   Section        6  __rtentry4.o(.ARM.Collect$$rtentry$$00000004)
    .ARM.Collect$$rtentry$$00000009          0x0800025e   Section        0  __rtentry2.o(.ARM.Collect$$rtentry$$00000009)
    .ARM.Collect$$rtentry$$0000000A          0x0800025e   Section        4  __rtentry2.o(.ARM.Collect$$rtentry$$0000000A)
    .ARM.Collect$$rtentry$$0000000C          0x08000262   Section        0  __rtentry2.o(.ARM.Collect$$rtentry$$0000000C)
    .ARM.Collect$$rtentry$$0000000D          0x08000262   Section        8  __rtentry2.o(.ARM.Collect$$rtentry$$0000000D)
    .ARM.Collect$$rtexit$$00000000           0x0800026a   Section        2  rtexit.o(.ARM.Collect$$rtexit$$00000000)
    .ARM.Collect$$rtexit$$00000002           0x0800026c   Section        0  rtexit2.o(.ARM.Collect$$rtexit$$00000002)
    .ARM.Collect$$rtexit$$00000003           0x0800026c   Section        4  rtexit2.o(.ARM.Collect$$rtexit$$00000003)
    .ARM.Collect$$rtexit$$00000004           0x08000270   Section        6  rtexit2.o(.ARM.Collect$$rtexit$$00000004)
    .text                                    0x08000278   Section       64  startup_stm32g431xx.o(.text)
    $v0                                      0x08000278   Number         0  startup_stm32g431xx.o(.text)
    .text                                    0x080002b8   Section       78  rt_memclr_w.o(.text)
    .text                                    0x08000306   Section        0  heapauxi.o(.text)
    .text                                    0x0800030c   Section        0  _rserrno.o(.text)
    .text                                    0x08000324   Section        8  rt_errno_addr_intlibspace.o(.text)
    .text                                    0x0800032c   Section        8  libspace.o(.text)
    .text                                    0x08000334   Section       74  sys_stackheap_outer.o(.text)
    .text                                    0x0800037e   Section        0  exit.o(.text)
    .text                                    0x08000390   Section        0  sys_exit.o(.text)
    .text                                    0x0800039c   Section        2  use_no_semi.o(.text)
    .text                                    0x0800039e   Section        0  indicate_semi.o(.text)
    [Anonymous Symbol]                       0x080003a0   Section        0  arm_sin_cos_f32.o(.text.arm_sin_cos_f32)
    i.ADC1_2_IRQHandler                      0x080004c4   Section        0  stm32g4xx_it.o(i.ADC1_2_IRQHandler)
    i.ADC_Disable                            0x080004d4   Section        0  stm32g4xx_hal_adc.o(i.ADC_Disable)
    i.ADC_Enable                             0x08000568   Section        0  stm32g4xx_hal_adc.o(i.ADC_Enable)
    i.ADC_Task                               0x08000630   Section        0  usermain.o(i.ADC_Task)
    i.Angle_Limit                            0x08000ad0   Section        0  foc.o(i.Angle_Limit)
    i.BusFault_Handler                       0x08000ba4   Section        0  stm32g4xx_it.o(i.BusFault_Handler)
    i.Data_Init                              0x08000ba8   Section        0  usermain.o(i.Data_Init)
    i.DebugMon_Handler                       0x08000dc4   Section        0  stm32g4xx_it.o(i.DebugMon_Handler)
    i.Encoder_Task                           0x08000dc8   Section        0  usermain.o(i.Encoder_Task)
    i.Error_Handler                          0x08000f24   Section        0  main.o(i.Error_Handler)
    i.Getdq                                  0x08000f2c   Section        0  foc.o(i.Getdq)
    i.HAL_ADCEx_Calibration_Start            0x08000fa4   Section        0  stm32g4xx_hal_adc_ex.o(i.HAL_ADCEx_Calibration_Start)
    i.HAL_ADCEx_EndOfSamplingCallback        0x08001054   Section        0  stm32g4xx_hal_adc_ex.o(i.HAL_ADCEx_EndOfSamplingCallback)
    i.HAL_ADCEx_InjectedConfigChannel        0x08001058   Section        0  stm32g4xx_hal_adc_ex.o(i.HAL_ADCEx_InjectedConfigChannel)
    i.HAL_ADCEx_InjectedConvCpltCallback     0x08001684   Section        0  stm32g4xx_it.o(i.HAL_ADCEx_InjectedConvCpltCallback)
    i.HAL_ADCEx_InjectedQueueOverflowCallback 0x080016d0   Section        0  stm32g4xx_hal_adc_ex.o(i.HAL_ADCEx_InjectedQueueOverflowCallback)
    i.HAL_ADCEx_InjectedStart                0x080016d4   Section        0  stm32g4xx_hal_adc_ex.o(i.HAL_ADCEx_InjectedStart)
    i.HAL_ADCEx_LevelOutOfWindow2Callback    0x080017dc   Section        0  stm32g4xx_hal_adc_ex.o(i.HAL_ADCEx_LevelOutOfWindow2Callback)
    i.HAL_ADCEx_LevelOutOfWindow3Callback    0x080017de   Section        0  stm32g4xx_hal_adc_ex.o(i.HAL_ADCEx_LevelOutOfWindow3Callback)
    i.HAL_ADCEx_MultiModeConfigChannel       0x080017e0   Section        0  stm32g4xx_hal_adc_ex.o(i.HAL_ADCEx_MultiModeConfigChannel)
    i.HAL_ADC_ConvCpltCallback               0x080018ec   Section        0  stm32g4xx_hal_adc.o(i.HAL_ADC_ConvCpltCallback)
    i.HAL_ADC_ErrorCallback                  0x080018ee   Section        0  stm32g4xx_hal_adc.o(i.HAL_ADC_ErrorCallback)
    i.HAL_ADC_IRQHandler                     0x080018f0   Section        0  stm32g4xx_hal_adc.o(i.HAL_ADC_IRQHandler)
    i.HAL_ADC_Init                           0x08001c20   Section        0  stm32g4xx_hal_adc.o(i.HAL_ADC_Init)
    i.HAL_ADC_LevelOutOfWindowCallback       0x08001e7c   Section        0  stm32g4xx_hal_adc.o(i.HAL_ADC_LevelOutOfWindowCallback)
    i.HAL_ADC_MspInit                        0x08001e80   Section        0  adc.o(i.HAL_ADC_MspInit)
    i.HAL_CORDIC_Init                        0x08001f18   Section        0  stm32g4xx_hal_cordic.o(i.HAL_CORDIC_Init)
    i.HAL_CORDIC_MspInit                     0x08001f4c   Section        0  cordic.o(i.HAL_CORDIC_MspInit)
    i.HAL_GPIO_Init                          0x08001f7c   Section        0  stm32g4xx_hal_gpio.o(i.HAL_GPIO_Init)
    i.HAL_GPIO_WritePin                      0x08002148   Section        0  stm32g4xx_hal_gpio.o(i.HAL_GPIO_WritePin)
    i.HAL_GetTick                            0x08002154   Section        0  stm32g4xx_hal.o(i.HAL_GetTick)
    i.HAL_IncTick                            0x08002160   Section        0  stm32g4xx_hal.o(i.HAL_IncTick)
    i.HAL_Init                               0x08002178   Section        0  stm32g4xx_hal.o(i.HAL_Init)
    i.HAL_InitTick                           0x08002198   Section        0  stm32g4xx_hal.o(i.HAL_InitTick)
    i.HAL_MspInit                            0x080021f0   Section        0  stm32g4xx_hal_msp.o(i.HAL_MspInit)
    i.HAL_NVIC_EnableIRQ                     0x08002234   Section        0  stm32g4xx_hal_cortex.o(i.HAL_NVIC_EnableIRQ)
    i.HAL_NVIC_SetPriority                   0x0800225c   Section        0  stm32g4xx_hal_cortex.o(i.HAL_NVIC_SetPriority)
    i.HAL_NVIC_SetPriorityGrouping           0x080022d8   Section        0  stm32g4xx_hal_cortex.o(i.HAL_NVIC_SetPriorityGrouping)
    i.HAL_PWREx_ControlVoltageScaling        0x08002300   Section        0  stm32g4xx_hal_pwr_ex.o(i.HAL_PWREx_ControlVoltageScaling)
    i.HAL_PWREx_DisableUCPDDeadBattery       0x08002418   Section        0  stm32g4xx_hal_pwr_ex.o(i.HAL_PWREx_DisableUCPDDeadBattery)
    i.HAL_RCCEx_PeriphCLKConfig              0x0800242c   Section        0  stm32g4xx_hal_rcc_ex.o(i.HAL_RCCEx_PeriphCLKConfig)
    i.HAL_RCC_ClockConfig                    0x0800279c   Section        0  stm32g4xx_hal_rcc.o(i.HAL_RCC_ClockConfig)
    i.HAL_RCC_GetSysClockFreq                0x080029c0   Section        0  stm32g4xx_hal_rcc.o(i.HAL_RCC_GetSysClockFreq)
    i.HAL_RCC_OscConfig                      0x08002a58   Section        0  stm32g4xx_hal_rcc.o(i.HAL_RCC_OscConfig)
    i.HAL_SPI_Init                           0x08002fb4   Section        0  stm32g4xx_hal_spi.o(i.HAL_SPI_Init)
    i.HAL_SPI_MspInit                        0x080030b0   Section        0  spi.o(i.HAL_SPI_MspInit)
    i.HAL_SPI_TransmitReceive                0x08003128   Section        0  stm32g4xx_hal_spi.o(i.HAL_SPI_TransmitReceive)
    i.HAL_SYSTICK_Config                     0x080033fa   Section        0  stm32g4xx_hal_cortex.o(i.HAL_SYSTICK_Config)
    i.HAL_TIMEx_ConfigBreakDeadTime          0x08003430   Section        0  stm32g4xx_hal_tim_ex.o(i.HAL_TIMEx_ConfigBreakDeadTime)
    i.HAL_TIMEx_MasterConfigSynchronization  0x080034f8   Section        0  stm32g4xx_hal_tim_ex.o(i.HAL_TIMEx_MasterConfigSynchronization)
    i.HAL_TIMEx_PWMN_Start                   0x080035b0   Section        0  stm32g4xx_hal_tim_ex.o(i.HAL_TIMEx_PWMN_Start)
    i.HAL_TIM_Base_Init                      0x08003698   Section        0  stm32g4xx_hal_tim.o(i.HAL_TIM_Base_Init)
    i.HAL_TIM_Base_MspInit                   0x08003708   Section        0  tim.o(i.HAL_TIM_Base_MspInit)
    i.HAL_TIM_Base_Start                     0x08003738   Section        0  stm32g4xx_hal_tim.o(i.HAL_TIM_Base_Start)
    i.HAL_TIM_ConfigClockSource              0x080037c8   Section        0  stm32g4xx_hal_tim.o(i.HAL_TIM_ConfigClockSource)
    i.HAL_TIM_MspPostInit                    0x080038fc   Section        0  tim.o(i.HAL_TIM_MspPostInit)
    i.HAL_TIM_PWM_ConfigChannel              0x080039b0   Section        0  stm32g4xx_hal_tim.o(i.HAL_TIM_PWM_ConfigChannel)
    i.HAL_TIM_PWM_Init                       0x08003b20   Section        0  stm32g4xx_hal_tim.o(i.HAL_TIM_PWM_Init)
    i.HAL_TIM_PWM_MspInit                    0x08003b8e   Section        0  stm32g4xx_hal_tim.o(i.HAL_TIM_PWM_MspInit)
    i.HAL_TIM_PWM_Start                      0x08003b90   Section        0  stm32g4xx_hal_tim.o(i.HAL_TIM_PWM_Start)
    i.HardFault_Handler                      0x08003cdc   Section        0  stm32g4xx_it.o(i.HardFault_Handler)
    i.LL_ADC_Enable                          0x08003ce0   Section        0  stm32g4xx_hal_adc.o(i.LL_ADC_Enable)
    LL_ADC_Enable                            0x08003ce1   Thumb Code    12  stm32g4xx_hal_adc.o(i.LL_ADC_Enable)
    i.LL_ADC_GetMultimode                    0x08003cf0   Section        0  stm32g4xx_hal_adc.o(i.LL_ADC_GetMultimode)
    LL_ADC_GetMultimode                      0x08003cf1   Thumb Code    10  stm32g4xx_hal_adc.o(i.LL_ADC_GetMultimode)
    i.LL_ADC_GetOffsetChannel                0x08003cfa   Section        0  stm32g4xx_hal_adc_ex.o(i.LL_ADC_GetOffsetChannel)
    LL_ADC_GetOffsetChannel                  0x08003cfb   Thumb Code    18  stm32g4xx_hal_adc_ex.o(i.LL_ADC_GetOffsetChannel)
    i.LL_ADC_INJ_GetTrigAuto                 0x08003d0c   Section        0  stm32g4xx_hal_adc_ex.o(i.LL_ADC_INJ_GetTrigAuto)
    LL_ADC_INJ_GetTrigAuto                   0x08003d0d   Thumb Code    10  stm32g4xx_hal_adc_ex.o(i.LL_ADC_INJ_GetTrigAuto)
    i.LL_ADC_INJ_IsConversionOngoing         0x08003d16   Section        0  stm32g4xx_hal_adc.o(i.LL_ADC_INJ_IsConversionOngoing)
    LL_ADC_INJ_IsConversionOngoing           0x08003d17   Thumb Code    10  stm32g4xx_hal_adc.o(i.LL_ADC_INJ_IsConversionOngoing)
    i.LL_ADC_INJ_IsConversionOngoing         0x08003d20   Section        0  stm32g4xx_hal_adc_ex.o(i.LL_ADC_INJ_IsConversionOngoing)
    LL_ADC_INJ_IsConversionOngoing           0x08003d21   Thumb Code    10  stm32g4xx_hal_adc_ex.o(i.LL_ADC_INJ_IsConversionOngoing)
    i.LL_ADC_INJ_StartConversion             0x08003d2c   Section        0  stm32g4xx_hal_adc_ex.o(i.LL_ADC_INJ_StartConversion)
    LL_ADC_INJ_StartConversion               0x08003d2d   Thumb Code    14  stm32g4xx_hal_adc_ex.o(i.LL_ADC_INJ_StartConversion)
    i.LL_ADC_IsDisableOngoing                0x08003d40   Section        0  stm32g4xx_hal_adc.o(i.LL_ADC_IsDisableOngoing)
    LL_ADC_IsDisableOngoing                  0x08003d41   Thumb Code    10  stm32g4xx_hal_adc.o(i.LL_ADC_IsDisableOngoing)
    i.LL_ADC_IsEnabled                       0x08003d4a   Section        0  stm32g4xx_hal_adc.o(i.LL_ADC_IsEnabled)
    LL_ADC_IsEnabled                         0x08003d4b   Thumb Code    10  stm32g4xx_hal_adc.o(i.LL_ADC_IsEnabled)
    i.LL_ADC_IsEnabled                       0x08003d54   Section        0  stm32g4xx_hal_adc_ex.o(i.LL_ADC_IsEnabled)
    LL_ADC_IsEnabled                         0x08003d55   Thumb Code    10  stm32g4xx_hal_adc_ex.o(i.LL_ADC_IsEnabled)
    i.LL_ADC_IsInternalRegulatorEnabled      0x08003d5e   Section        0  stm32g4xx_hal_adc.o(i.LL_ADC_IsInternalRegulatorEnabled)
    LL_ADC_IsInternalRegulatorEnabled        0x08003d5f   Thumb Code    10  stm32g4xx_hal_adc.o(i.LL_ADC_IsInternalRegulatorEnabled)
    i.LL_ADC_REG_IsConversionOngoing         0x08003d68   Section        0  stm32g4xx_hal_adc.o(i.LL_ADC_REG_IsConversionOngoing)
    LL_ADC_REG_IsConversionOngoing           0x08003d69   Thumb Code    10  stm32g4xx_hal_adc.o(i.LL_ADC_REG_IsConversionOngoing)
    i.LL_ADC_REG_IsConversionOngoing         0x08003d72   Section        0  stm32g4xx_hal_adc_ex.o(i.LL_ADC_REG_IsConversionOngoing)
    LL_ADC_REG_IsConversionOngoing           0x08003d73   Thumb Code    10  stm32g4xx_hal_adc_ex.o(i.LL_ADC_REG_IsConversionOngoing)
    i.LL_ADC_REG_IsTriggerSourceSWStart      0x08003d7c   Section        0  stm32g4xx_hal_adc.o(i.LL_ADC_REG_IsTriggerSourceSWStart)
    LL_ADC_REG_IsTriggerSourceSWStart        0x08003d7d   Thumb Code    18  stm32g4xx_hal_adc.o(i.LL_ADC_REG_IsTriggerSourceSWStart)
    i.LL_ADC_SetChannelSamplingTime          0x08003d8e   Section        0  stm32g4xx_hal_adc_ex.o(i.LL_ADC_SetChannelSamplingTime)
    LL_ADC_SetChannelSamplingTime            0x08003d8f   Thumb Code    40  stm32g4xx_hal_adc_ex.o(i.LL_ADC_SetChannelSamplingTime)
    i.LL_ADC_SetCommonPathInternalCh         0x08003db6   Section        0  stm32g4xx_hal_adc_ex.o(i.LL_ADC_SetCommonPathInternalCh)
    LL_ADC_SetCommonPathInternalCh           0x08003db7   Thumb Code    12  stm32g4xx_hal_adc_ex.o(i.LL_ADC_SetCommonPathInternalCh)
    i.LL_ADC_SetOffsetState                  0x08003dc2   Section        0  stm32g4xx_hal_adc_ex.o(i.LL_ADC_SetOffsetState)
    LL_ADC_SetOffsetState                    0x08003dc3   Thumb Code    22  stm32g4xx_hal_adc_ex.o(i.LL_ADC_SetOffsetState)
    i.LL_ADC_SetSamplingTimeCommonConfig     0x08003dd8   Section        0  stm32g4xx_hal_adc_ex.o(i.LL_ADC_SetSamplingTimeCommonConfig)
    LL_ADC_SetSamplingTimeCommonConfig       0x08003dd9   Thumb Code    12  stm32g4xx_hal_adc_ex.o(i.LL_ADC_SetSamplingTimeCommonConfig)
    i.LdqID_Init                             0x08003de4   Section        0  motorid.o(i.LdqID_Init)
    LdqID_Init                               0x08003de5   Thumb Code   102  motorid.o(i.LdqID_Init)
    i.LdqID_Task                             0x08003e60   Section        0  motorid.o(i.LdqID_Task)
    i.MT6701_Read                            0x08004074   Section        0  mt6701.o(i.MT6701_Read)
    MT6701_Read                              0x08004075   Thumb Code    46  mt6701.o(i.MT6701_Read)
    i.MT6701_ReadRaw                         0x080040ac   Section        0  mt6701.o(i.MT6701_ReadRaw)
    i.MX_ADC1_Init                           0x080040c8   Section        0  adc.o(i.MX_ADC1_Init)
    i.MX_CORDIC_Init                         0x080041dc   Section        0  cordic.o(i.MX_CORDIC_Init)
    i.MX_GPIO_Init                           0x080041fc   Section        0  gpio.o(i.MX_GPIO_Init)
    i.MX_SPI1_Init                           0x080042c8   Section        0  spi.o(i.MX_SPI1_Init)
    i.MX_TIM1_Init                           0x08004318   Section        0  tim.o(i.MX_TIM1_Init)
    i.MemManage_Handler                      0x0800444c   Section        0  stm32g4xx_it.o(i.MemManage_Handler)
    i.Mode_Task                              0x08004450   Section        0  usermain.o(i.Mode_Task)
    i.NMI_Handler                            0x08004540   Section        0  stm32g4xx_it.o(i.NMI_Handler)
    i.PID_I_Control                          0x08004544   Section        0  pid.o(i.PID_I_Control)
    i.PendSV_Handler                         0x080047b6   Section        0  stm32g4xx_it.o(i.PendSV_Handler)
    i.RCC_GetSysClockFreqFromPLLSource       0x080047b8   Section        0  stm32g4xx_hal_rcc.o(i.RCC_GetSysClockFreqFromPLLSource)
    RCC_GetSysClockFreqFromPLLSource         0x080047b9   Thumb Code    90  stm32g4xx_hal_rcc.o(i.RCC_GetSysClockFreqFromPLLSource)
    i.RsID_Init                              0x08004820   Section        0  motorid.o(i.RsID_Init)
    RsID_Init                                0x08004821   Thumb Code    46  motorid.o(i.RsID_Init)
    i.RsID_Task                              0x08004858   Section        0  motorid.o(i.RsID_Task)
    i.SPI_EndRxTxTransaction                 0x08004a18   Section        0  stm32g4xx_hal_spi.o(i.SPI_EndRxTxTransaction)
    SPI_EndRxTxTransaction                   0x08004a19   Thumb Code   100  stm32g4xx_hal_spi.o(i.SPI_EndRxTxTransaction)
    i.SPI_WaitFifoStateUntilTimeout          0x08004a7c   Section        0  stm32g4xx_hal_spi.o(i.SPI_WaitFifoStateUntilTimeout)
    SPI_WaitFifoStateUntilTimeout            0x08004a7d   Thumb Code   242  stm32g4xx_hal_spi.o(i.SPI_WaitFifoStateUntilTimeout)
    i.SPI_WaitFlagStateUntilTimeout          0x08004b74   Section        0  stm32g4xx_hal_spi.o(i.SPI_WaitFlagStateUntilTimeout)
    SPI_WaitFlagStateUntilTimeout            0x08004b75   Thumb Code   210  stm32g4xx_hal_spi.o(i.SPI_WaitFlagStateUntilTimeout)
    i.SVC_Handler                            0x08004c4c   Section        0  stm32g4xx_it.o(i.SVC_Handler)
    i.Set_SPWM                               0x08004c50   Section        0  foc.o(i.Set_SPWM)
    i.Set_Svpwm                              0x08004d78   Section        0  foc.o(i.Set_Svpwm)
    i.Start_Init                             0x08005198   Section        0  start_init.o(i.Start_Init)
    i.SysTick_Handler                        0x0800521c   Section        0  stm32g4xx_it.o(i.SysTick_Handler)
    i.SystemClock_Config                     0x08005224   Section        0  main.o(i.SystemClock_Config)
    i.SystemInit                             0x0800528c   Section        0  system_stm32g4xx.o(i.SystemInit)
    i.TIM_Base_SetConfig                     0x080052a0   Section        0  stm32g4xx_hal_tim.o(i.TIM_Base_SetConfig)
    i.TIM_CCxChannelCmd                      0x0800536c   Section        0  stm32g4xx_hal_tim.o(i.TIM_CCxChannelCmd)
    i.TIM_CCxNChannelCmd                     0x0800538e   Section        0  stm32g4xx_hal_tim_ex.o(i.TIM_CCxNChannelCmd)
    TIM_CCxNChannelCmd                       0x0800538f   Thumb Code    34  stm32g4xx_hal_tim_ex.o(i.TIM_CCxNChannelCmd)
    i.TIM_ETR_SetConfig                      0x080053b0   Section        0  stm32g4xx_hal_tim.o(i.TIM_ETR_SetConfig)
    i.TIM_ITRx_SetConfig                     0x080053c8   Section        0  stm32g4xx_hal_tim.o(i.TIM_ITRx_SetConfig)
    TIM_ITRx_SetConfig                       0x080053c9   Thumb Code    18  stm32g4xx_hal_tim.o(i.TIM_ITRx_SetConfig)
    i.TIM_OC1_SetConfig                      0x080053e0   Section        0  stm32g4xx_hal_tim.o(i.TIM_OC1_SetConfig)
    TIM_OC1_SetConfig                        0x080053e1   Thumb Code   146  stm32g4xx_hal_tim.o(i.TIM_OC1_SetConfig)
    i.TIM_OC2_SetConfig                      0x0800548c   Section        0  stm32g4xx_hal_tim.o(i.TIM_OC2_SetConfig)
    i.TIM_OC3_SetConfig                      0x08005540   Section        0  stm32g4xx_hal_tim.o(i.TIM_OC3_SetConfig)
    TIM_OC3_SetConfig                        0x08005541   Thumb Code   154  stm32g4xx_hal_tim.o(i.TIM_OC3_SetConfig)
    i.TIM_OC4_SetConfig                      0x080055f4   Section        0  stm32g4xx_hal_tim.o(i.TIM_OC4_SetConfig)
    TIM_OC4_SetConfig                        0x080055f5   Thumb Code   156  stm32g4xx_hal_tim.o(i.TIM_OC4_SetConfig)
    i.TIM_OC5_SetConfig                      0x080056a8   Section        0  stm32g4xx_hal_tim.o(i.TIM_OC5_SetConfig)
    TIM_OC5_SetConfig                        0x080056a9   Thumb Code    86  stm32g4xx_hal_tim.o(i.TIM_OC5_SetConfig)
    i.TIM_OC6_SetConfig                      0x08005718   Section        0  stm32g4xx_hal_tim.o(i.TIM_OC6_SetConfig)
    TIM_OC6_SetConfig                        0x08005719   Thumb Code    88  stm32g4xx_hal_tim.o(i.TIM_OC6_SetConfig)
    i.TIM_TI1_ConfigInputStage               0x08005788   Section        0  stm32g4xx_hal_tim.o(i.TIM_TI1_ConfigInputStage)
    TIM_TI1_ConfigInputStage                 0x08005789   Thumb Code    38  stm32g4xx_hal_tim.o(i.TIM_TI1_ConfigInputStage)
    i.TIM_TI2_ConfigInputStage               0x080057ae   Section        0  stm32g4xx_hal_tim.o(i.TIM_TI2_ConfigInputStage)
    TIM_TI2_ConfigInputStage                 0x080057af   Thumb Code    40  stm32g4xx_hal_tim.o(i.TIM_TI2_ConfigInputStage)
    i.UsageFault_Handler                     0x080057d6   Section        0  stm32g4xx_it.o(i.UsageFault_Handler)
    i.__NVIC_GetPriorityGrouping             0x080057dc   Section        0  stm32g4xx_hal_cortex.o(i.__NVIC_GetPriorityGrouping)
    __NVIC_GetPriorityGrouping               0x080057dd   Thumb Code    10  stm32g4xx_hal_cortex.o(i.__NVIC_GetPriorityGrouping)
    i.__NVIC_SetPriority                     0x080057ec   Section        0  stm32g4xx_hal_cortex.o(i.__NVIC_SetPriority)
    __NVIC_SetPriority                       0x080057ed   Thumb Code    32  stm32g4xx_hal_cortex.o(i.__NVIC_SetPriority)
    i.__hardfp_fabs                          0x08005814   Section        0  fabs.o(i.__hardfp_fabs)
    i.__hardfp_floorf                        0x08005828   Section        0  floorf.o(i.__hardfp_floorf)
    i.__hardfp_sqrtf                         0x08005898   Section        0  sqrtf.o(i.__hardfp_sqrtf)
    i.main                                   0x080058d2   Section        0  main.o(i.main)
    i.usermain                               0x080058f8   Section        0  usermain.o(i.usermain)
    x$fpl$dcmpinf                            0x080059cc   Section       24  dcmpi.o(x$fpl$dcmpinf)
    $v0                                      0x080059cc   Number         0  dcmpi.o(x$fpl$dcmpinf)
    x$fpl$dleqf                              0x080059e4   Section      120  dleqf.o(x$fpl$dleqf)
    $v0                                      0x080059e4   Number         0  dleqf.o(x$fpl$dleqf)
    x$fpl$dnaninf                            0x08005a5c   Section      156  dnaninf.o(x$fpl$dnaninf)
    $v0                                      0x08005a5c   Number         0  dnaninf.o(x$fpl$dnaninf)
    x$fpl$dretinf                            0x08005af8   Section       12  dretinf.o(x$fpl$dretinf)
    $v0                                      0x08005af8   Number         0  dretinf.o(x$fpl$dretinf)
    x$fpl$f2d                                0x08005b04   Section       86  f2d.o(x$fpl$f2d)
    $v0                                      0x08005b04   Number         0  f2d.o(x$fpl$f2d)
    x$fpl$fnaninf                            0x08005b5a   Section      140  fnaninf.o(x$fpl$fnaninf)
    $v0                                      0x08005b5a   Number         0  fnaninf.o(x$fpl$fnaninf)
    x$fpl$fpinit                             0x08005be6   Section       10  fpinit.o(x$fpl$fpinit)
    $v0                                      0x08005be6   Number         0  fpinit.o(x$fpl$fpinit)
    .constdata                               0x08005bf0   Section        2  mt6701.o(.constdata)
    x$fpl$usenofp                            0x08005bf0   Section        0  usenofp.o(x$fpl$usenofp)
    tx_buff                                  0x08005bf0   Data           2  mt6701.o(.constdata)
    .constdata                               0x08005bf2   Section       24  system_stm32g4xx.o(.constdata)
    .data                                    0x20000000   Section       24  main.o(.data)
    .data                                    0x20000018   Section        9  usermain.o(.data)
    .data                                    0x20000024   Section       12  stm32g4xx_hal.o(.data)
    .data                                    0x20000030   Section        4  system_stm32g4xx.o(.data)
    .bss                                     0x20000034   Section      324  main.o(.bss)
    .bss                                     0x20000178   Section      108  adc.o(.bss)
    .bss                                     0x200001e4   Section       40  cordic.o(.bss)
    .bss                                     0x2000020c   Section      100  spi.o(.bss)
    .bss                                     0x20000270   Section       76  tim.o(.bss)
    .bss                                     0x200002bc   Section       96  libspace.o(.bss)
    HEAP                                     0x20000320   Section      512  startup_stm32g431xx.o(HEAP)
    Heap_Mem                                 0x20000320   Data         512  startup_stm32g431xx.o(HEAP)
    STACK                                    0x20000520   Section     1024  startup_stm32g431xx.o(STACK)
    Stack_Mem                                0x20000520   Data        1024  startup_stm32g431xx.o(STACK)
    __initial_sp                             0x20000920   Data           0  startup_stm32g431xx.o(STACK)

    Global Symbols

    Symbol Name                              Value     Ov Type        Size  Object(Section)

    BuildAttributes$$THM_ISAv4$E$P$D$K$B$S$7EM$VFPi3$EXTD16$VFPS$VFMA$PE$A:L22UL41UL21$X:L11$S22US41US21$IEEE1$IW$USESV6$~STKCKD$USESV7$~SHL$OTIME$ROPI$IEEEJ$EBA8$UX$STANDARDLIB$REQ8$PRES8$EABIv2 0x00000000   Number         0  anon$$obj.o ABSOLUTE
    __ARM_use_no_argv                        0x00000000   Number         0  main.o ABSOLUTE
    __ARM_exceptions_init                     - Undefined Weak Reference
    __alloca_initialize                       - Undefined Weak Reference
    __arm_preinit_                            - Undefined Weak Reference
    __cpp_initialize__aeabi_                  - Undefined Weak Reference
    __cxa_finalize                            - Undefined Weak Reference
    __rt_locale                               - Undefined Weak Reference
    __sigvec_lookup                           - Undefined Weak Reference
    _atexit_init                              - Undefined Weak Reference
    _call_atexit_fns                          - Undefined Weak Reference
    _clock_init                               - Undefined Weak Reference
    _fp_trap_init                             - Undefined Weak Reference
    _fp_trap_shutdown                         - Undefined Weak Reference
    _get_lc_collate                           - Undefined Weak Reference
    _get_lc_ctype                             - Undefined Weak Reference
    _get_lc_monetary                          - Undefined Weak Reference
    _get_lc_numeric                           - Undefined Weak Reference
    _get_lc_time                              - Undefined Weak Reference
    _getenv_init                              - Undefined Weak Reference
    _handle_redirection                       - Undefined Weak Reference
    _init_alloc                               - Undefined Weak Reference
    _init_user_alloc                          - Undefined Weak Reference
    _initio                                   - Undefined Weak Reference
    _rand_init                                - Undefined Weak Reference
    _signal_finish                            - Undefined Weak Reference
    _signal_init                              - Undefined Weak Reference
    _terminate_alloc                          - Undefined Weak Reference
    _terminate_user_alloc                     - Undefined Weak Reference
    _terminateio                              - Undefined Weak Reference
    __Vectors_Size                           0x000001d8   Number         0  startup_stm32g431xx.o ABSOLUTE
    __Vectors                                0x08000000   Data           4  startup_stm32g431xx.o(RESET)
    __Vectors_End                            0x080001d8   Data           0  startup_stm32g431xx.o(RESET)
    __main                                   0x080001d9   Thumb Code     8  __main.o(!!!main)
    __scatterload                            0x080001e1   Thumb Code     0  __scatter.o(!!!scatter)
    __scatterload_rt2                        0x080001e1   Thumb Code    44  __scatter.o(!!!scatter)
    __scatterload_rt2_thumb_only             0x080001e1   Thumb Code     0  __scatter.o(!!!scatter)
    __scatterload_null                       0x080001ef   Thumb Code     0  __scatter.o(!!!scatter)
    __scatterload_copy                       0x08000215   Thumb Code    26  __scatter_copy.o(!!handler_copy)
    __scatterload_zeroinit                   0x08000231   Thumb Code    28  __scatter_zi.o(!!handler_zi)
    __rt_lib_init                            0x0800024d   Thumb Code     0  libinit.o(.ARM.Collect$$libinit$$00000000)
    __rt_lib_init_fp_1                       0x0800024f   Thumb Code     0  libinit2.o(.ARM.Collect$$libinit$$00000001)
    __rt_lib_init_alloca_1                   0x08000253   Thumb Code     0  libinit2.o(.ARM.Collect$$libinit$$0000002E)
    __rt_lib_init_argv_1                     0x08000253   Thumb Code     0  libinit2.o(.ARM.Collect$$libinit$$0000002C)
    __rt_lib_init_atexit_1                   0x08000253   Thumb Code     0  libinit2.o(.ARM.Collect$$libinit$$0000001B)
    __rt_lib_init_clock_1                    0x08000253   Thumb Code     0  libinit2.o(.ARM.Collect$$libinit$$00000021)
    __rt_lib_init_cpp_1                      0x08000253   Thumb Code     0  libinit2.o(.ARM.Collect$$libinit$$00000032)
    __rt_lib_init_exceptions_1               0x08000253   Thumb Code     0  libinit2.o(.ARM.Collect$$libinit$$00000030)
    __rt_lib_init_fp_trap_1                  0x08000253   Thumb Code     0  libinit2.o(.ARM.Collect$$libinit$$0000001F)
    __rt_lib_init_getenv_1                   0x08000253   Thumb Code     0  libinit2.o(.ARM.Collect$$libinit$$00000023)
    __rt_lib_init_heap_1                     0x08000253   Thumb Code     0  libinit2.o(.ARM.Collect$$libinit$$0000000A)
    __rt_lib_init_lc_collate_1               0x08000253   Thumb Code     0  libinit2.o(.ARM.Collect$$libinit$$00000011)
    __rt_lib_init_lc_ctype_1                 0x08000253   Thumb Code     0  libinit2.o(.ARM.Collect$$libinit$$00000013)
    __rt_lib_init_lc_monetary_1              0x08000253   Thumb Code     0  libinit2.o(.ARM.Collect$$libinit$$00000015)
    __rt_lib_init_lc_numeric_1               0x08000253   Thumb Code     0  libinit2.o(.ARM.Collect$$libinit$$00000017)
    __rt_lib_init_lc_time_1                  0x08000253   Thumb Code     0  libinit2.o(.ARM.Collect$$libinit$$00000019)
    __rt_lib_init_preinit_1                  0x08000253   Thumb Code     0  libinit2.o(.ARM.Collect$$libinit$$00000004)
    __rt_lib_init_rand_1                     0x08000253   Thumb Code     0  libinit2.o(.ARM.Collect$$libinit$$0000000E)
    __rt_lib_init_return                     0x08000253   Thumb Code     0  libinit2.o(.ARM.Collect$$libinit$$00000033)
    __rt_lib_init_signal_1                   0x08000253   Thumb Code     0  libinit2.o(.ARM.Collect$$libinit$$0000001D)
    __rt_lib_init_stdio_1                    0x08000253   Thumb Code     0  libinit2.o(.ARM.Collect$$libinit$$00000025)
    __rt_lib_init_user_alloc_1               0x08000253   Thumb Code     0  libinit2.o(.ARM.Collect$$libinit$$0000000C)
    __rt_lib_shutdown                        0x08000255   Thumb Code     0  libshutdown.o(.ARM.Collect$$libshutdown$$00000000)
    __rt_lib_shutdown_cpp_1                  0x08000257   Thumb Code     0  libshutdown2.o(.ARM.Collect$$libshutdown$$00000002)
    __rt_lib_shutdown_fp_trap_1              0x08000257   Thumb Code     0  libshutdown2.o(.ARM.Collect$$libshutdown$$00000007)
    __rt_lib_shutdown_heap_1                 0x08000257   Thumb Code     0  libshutdown2.o(.ARM.Collect$$libshutdown$$0000000F)
    __rt_lib_shutdown_return                 0x08000257   Thumb Code     0  libshutdown2.o(.ARM.Collect$$libshutdown$$00000010)
    __rt_lib_shutdown_signal_1               0x08000257   Thumb Code     0  libshutdown2.o(.ARM.Collect$$libshutdown$$0000000A)
    __rt_lib_shutdown_stdio_1                0x08000257   Thumb Code     0  libshutdown2.o(.ARM.Collect$$libshutdown$$00000004)
    __rt_lib_shutdown_user_alloc_1           0x08000257   Thumb Code     0  libshutdown2.o(.ARM.Collect$$libshutdown$$0000000C)
    __rt_entry                               0x08000259   Thumb Code     0  __rtentry.o(.ARM.Collect$$rtentry$$00000000)
    __rt_entry_presh_1                       0x08000259   Thumb Code     0  __rtentry2.o(.ARM.Collect$$rtentry$$00000002)
    __rt_entry_sh                            0x08000259   Thumb Code     0  __rtentry4.o(.ARM.Collect$$rtentry$$00000004)
    __rt_entry_li                            0x0800025f   Thumb Code     0  __rtentry2.o(.ARM.Collect$$rtentry$$0000000A)
    __rt_entry_postsh_1                      0x0800025f   Thumb Code     0  __rtentry2.o(.ARM.Collect$$rtentry$$00000009)
    __rt_entry_main                          0x08000263   Thumb Code     0  __rtentry2.o(.ARM.Collect$$rtentry$$0000000D)
    __rt_entry_postli_1                      0x08000263   Thumb Code     0  __rtentry2.o(.ARM.Collect$$rtentry$$0000000C)
    __rt_exit                                0x0800026b   Thumb Code     0  rtexit.o(.ARM.Collect$$rtexit$$00000000)
    __rt_exit_ls                             0x0800026d   Thumb Code     0  rtexit2.o(.ARM.Collect$$rtexit$$00000003)
    __rt_exit_prels_1                        0x0800026d   Thumb Code     0  rtexit2.o(.ARM.Collect$$rtexit$$00000002)
    __rt_exit_exit                           0x08000271   Thumb Code     0  rtexit2.o(.ARM.Collect$$rtexit$$00000004)
    Reset_Handler                            0x08000279   Thumb Code     8  startup_stm32g431xx.o(.text)
    COMP1_2_3_IRQHandler                     0x08000293   Thumb Code     0  startup_stm32g431xx.o(.text)
    COMP4_IRQHandler                         0x08000293   Thumb Code     0  startup_stm32g431xx.o(.text)
    CORDIC_IRQHandler                        0x08000293   Thumb Code     0  startup_stm32g431xx.o(.text)
    CRS_IRQHandler                           0x08000293   Thumb Code     0  startup_stm32g431xx.o(.text)
    DMA1_Channel1_IRQHandler                 0x08000293   Thumb Code     0  startup_stm32g431xx.o(.text)
    DMA1_Channel2_IRQHandler                 0x08000293   Thumb Code     0  startup_stm32g431xx.o(.text)
    DMA1_Channel3_IRQHandler                 0x08000293   Thumb Code     0  startup_stm32g431xx.o(.text)
    DMA1_Channel4_IRQHandler                 0x08000293   Thumb Code     0  startup_stm32g431xx.o(.text)
    DMA1_Channel5_IRQHandler                 0x08000293   Thumb Code     0  startup_stm32g431xx.o(.text)
    DMA1_Channel6_IRQHandler                 0x08000293   Thumb Code     0  startup_stm32g431xx.o(.text)
    DMA2_Channel1_IRQHandler                 0x08000293   Thumb Code     0  startup_stm32g431xx.o(.text)
    DMA2_Channel2_IRQHandler                 0x08000293   Thumb Code     0  startup_stm32g431xx.o(.text)
    DMA2_Channel3_IRQHandler                 0x08000293   Thumb Code     0  startup_stm32g431xx.o(.text)
    DMA2_Channel4_IRQHandler                 0x08000293   Thumb Code     0  startup_stm32g431xx.o(.text)
    DMA2_Channel5_IRQHandler                 0x08000293   Thumb Code     0  startup_stm32g431xx.o(.text)
    DMA2_Channel6_IRQHandler                 0x08000293   Thumb Code     0  startup_stm32g431xx.o(.text)
    DMAMUX_OVR_IRQHandler                    0x08000293   Thumb Code     0  startup_stm32g431xx.o(.text)
    EXTI0_IRQHandler                         0x08000293   Thumb Code     0  startup_stm32g431xx.o(.text)
    EXTI15_10_IRQHandler                     0x08000293   Thumb Code     0  startup_stm32g431xx.o(.text)
    EXTI1_IRQHandler                         0x08000293   Thumb Code     0  startup_stm32g431xx.o(.text)
    EXTI2_IRQHandler                         0x08000293   Thumb Code     0  startup_stm32g431xx.o(.text)
    EXTI3_IRQHandler                         0x08000293   Thumb Code     0  startup_stm32g431xx.o(.text)
    EXTI4_IRQHandler                         0x08000293   Thumb Code     0  startup_stm32g431xx.o(.text)
    EXTI9_5_IRQHandler                       0x08000293   Thumb Code     0  startup_stm32g431xx.o(.text)
    FDCAN1_IT0_IRQHandler                    0x08000293   Thumb Code     0  startup_stm32g431xx.o(.text)
    FDCAN1_IT1_IRQHandler                    0x08000293   Thumb Code     0  startup_stm32g431xx.o(.text)
    FLASH_IRQHandler                         0x08000293   Thumb Code     0  startup_stm32g431xx.o(.text)
    FMAC_IRQHandler                          0x08000293   Thumb Code     0  startup_stm32g431xx.o(.text)
    FPU_IRQHandler                           0x08000293   Thumb Code     0  startup_stm32g431xx.o(.text)
    I2C1_ER_IRQHandler                       0x08000293   Thumb Code     0  startup_stm32g431xx.o(.text)
    I2C1_EV_IRQHandler                       0x08000293   Thumb Code     0  startup_stm32g431xx.o(.text)
    I2C2_ER_IRQHandler                       0x08000293   Thumb Code     0  startup_stm32g431xx.o(.text)
    I2C2_EV_IRQHandler                       0x08000293   Thumb Code     0  startup_stm32g431xx.o(.text)
    I2C3_ER_IRQHandler                       0x08000293   Thumb Code     0  startup_stm32g431xx.o(.text)
    I2C3_EV_IRQHandler                       0x08000293   Thumb Code     0  startup_stm32g431xx.o(.text)
    LPTIM1_IRQHandler                        0x08000293   Thumb Code     0  startup_stm32g431xx.o(.text)
    LPUART1_IRQHandler                       0x08000293   Thumb Code     0  startup_stm32g431xx.o(.text)
    PVD_PVM_IRQHandler                       0x08000293   Thumb Code     0  startup_stm32g431xx.o(.text)
    RCC_IRQHandler                           0x08000293   Thumb Code     0  startup_stm32g431xx.o(.text)
    RNG_IRQHandler                           0x08000293   Thumb Code     0  startup_stm32g431xx.o(.text)
    RTC_Alarm_IRQHandler                     0x08000293   Thumb Code     0  startup_stm32g431xx.o(.text)
    RTC_TAMP_LSECSS_IRQHandler               0x08000293   Thumb Code     0  startup_stm32g431xx.o(.text)
    RTC_WKUP_IRQHandler                      0x08000293   Thumb Code     0  startup_stm32g431xx.o(.text)
    SAI1_IRQHandler                          0x08000293   Thumb Code     0  startup_stm32g431xx.o(.text)
    SPI1_IRQHandler                          0x08000293   Thumb Code     0  startup_stm32g431xx.o(.text)
    SPI2_IRQHandler                          0x08000293   Thumb Code     0  startup_stm32g431xx.o(.text)
    SPI3_IRQHandler                          0x08000293   Thumb Code     0  startup_stm32g431xx.o(.text)
    TIM1_BRK_TIM15_IRQHandler                0x08000293   Thumb Code     0  startup_stm32g431xx.o(.text)
    TIM1_CC_IRQHandler                       0x08000293   Thumb Code     0  startup_stm32g431xx.o(.text)
    TIM1_TRG_COM_TIM17_IRQHandler            0x08000293   Thumb Code     0  startup_stm32g431xx.o(.text)
    TIM1_UP_TIM16_IRQHandler                 0x08000293   Thumb Code     0  startup_stm32g431xx.o(.text)
    TIM2_IRQHandler                          0x08000293   Thumb Code     0  startup_stm32g431xx.o(.text)
    TIM3_IRQHandler                          0x08000293   Thumb Code     0  startup_stm32g431xx.o(.text)
    TIM4_IRQHandler                          0x08000293   Thumb Code     0  startup_stm32g431xx.o(.text)
    TIM6_DAC_IRQHandler                      0x08000293   Thumb Code     0  startup_stm32g431xx.o(.text)
    TIM7_IRQHandler                          0x08000293   Thumb Code     0  startup_stm32g431xx.o(.text)
    TIM8_BRK_IRQHandler                      0x08000293   Thumb Code     0  startup_stm32g431xx.o(.text)
    TIM8_CC_IRQHandler                       0x08000293   Thumb Code     0  startup_stm32g431xx.o(.text)
    TIM8_TRG_COM_IRQHandler                  0x08000293   Thumb Code     0  startup_stm32g431xx.o(.text)
    TIM8_UP_IRQHandler                       0x08000293   Thumb Code     0  startup_stm32g431xx.o(.text)
    UART4_IRQHandler                         0x08000293   Thumb Code     0  startup_stm32g431xx.o(.text)
    UCPD1_IRQHandler                         0x08000293   Thumb Code     0  startup_stm32g431xx.o(.text)
    USART1_IRQHandler                        0x08000293   Thumb Code     0  startup_stm32g431xx.o(.text)
    USART2_IRQHandler                        0x08000293   Thumb Code     0  startup_stm32g431xx.o(.text)
    USART3_IRQHandler                        0x08000293   Thumb Code     0  startup_stm32g431xx.o(.text)
    USBWakeUp_IRQHandler                     0x08000293   Thumb Code     0  startup_stm32g431xx.o(.text)
    USB_HP_IRQHandler                        0x08000293   Thumb Code     0  startup_stm32g431xx.o(.text)
    USB_LP_IRQHandler                        0x08000293   Thumb Code     0  startup_stm32g431xx.o(.text)
    WWDG_IRQHandler                          0x08000293   Thumb Code     0  startup_stm32g431xx.o(.text)
    __user_initial_stackheap                 0x08000295   Thumb Code     0  startup_stm32g431xx.o(.text)
    __aeabi_memclr4                          0x080002b9   Thumb Code     0  rt_memclr_w.o(.text)
    __aeabi_memclr8                          0x080002b9   Thumb Code     0  rt_memclr_w.o(.text)
    __rt_memclr_w                            0x080002b9   Thumb Code    78  rt_memclr_w.o(.text)
    _memset_w                                0x080002bd   Thumb Code     0  rt_memclr_w.o(.text)
    __use_two_region_memory                  0x08000307   Thumb Code     2  heapauxi.o(.text)
    __rt_heap_escrow$2region                 0x08000309   Thumb Code     2  heapauxi.o(.text)
    __rt_heap_expand$2region                 0x0800030b   Thumb Code     2  heapauxi.o(.text)
    __read_errno                             0x0800030d   Thumb Code    10  _rserrno.o(.text)
    __set_errno                              0x08000317   Thumb Code    12  _rserrno.o(.text)
    __aeabi_errno_addr                       0x08000325   Thumb Code     8  rt_errno_addr_intlibspace.o(.text)
    __errno$intlibspace                      0x08000325   Thumb Code     0  rt_errno_addr_intlibspace.o(.text)
    __rt_errno_addr$intlibspace              0x08000325   Thumb Code     0  rt_errno_addr_intlibspace.o(.text)
    __user_libspace                          0x0800032d   Thumb Code     8  libspace.o(.text)
    __user_perproc_libspace                  0x0800032d   Thumb Code     0  libspace.o(.text)
    __user_perthread_libspace                0x0800032d   Thumb Code     0  libspace.o(.text)
    __user_setup_stackheap                   0x08000335   Thumb Code    74  sys_stackheap_outer.o(.text)
    exit                                     0x0800037f   Thumb Code    18  exit.o(.text)
    _sys_exit                                0x08000391   Thumb Code     8  sys_exit.o(.text)
    __I$use$semihosting                      0x0800039d   Thumb Code     0  use_no_semi.o(.text)
    __use_no_semihosting_swi                 0x0800039d   Thumb Code     2  use_no_semi.o(.text)
    __semihosting_library_function           0x0800039f   Thumb Code     0  indicate_semi.o(.text)
    arm_sin_cos_f32                          0x080003a1   Thumb Code   292  arm_sin_cos_f32.o(.text.arm_sin_cos_f32)
    ADC1_2_IRQHandler                        0x080004c5   Thumb Code    10  stm32g4xx_it.o(i.ADC1_2_IRQHandler)
    ADC_Disable                              0x080004d5   Thumb Code   142  stm32g4xx_hal_adc.o(i.ADC_Disable)
    ADC_Enable                               0x08000569   Thumb Code   182  stm32g4xx_hal_adc.o(i.ADC_Enable)
    ADC_Task                                 0x08000631   Thumb Code  1180  usermain.o(i.ADC_Task)
    Angle_Limit                              0x08000ad1   Thumb Code   212  foc.o(i.Angle_Limit)
    BusFault_Handler                         0x08000ba5   Thumb Code     4  stm32g4xx_it.o(i.BusFault_Handler)
    Data_Init                                0x08000ba9   Thumb Code   444  usermain.o(i.Data_Init)
    DebugMon_Handler                         0x08000dc5   Thumb Code     2  stm32g4xx_it.o(i.DebugMon_Handler)
    Encoder_Task                             0x08000dc9   Thumb Code   320  usermain.o(i.Encoder_Task)
    Error_Handler                            0x08000f25   Thumb Code     6  main.o(i.Error_Handler)
    Getdq                                    0x08000f2d   Thumb Code   104  foc.o(i.Getdq)
    HAL_ADCEx_Calibration_Start              0x08000fa5   Thumb Code   166  stm32g4xx_hal_adc_ex.o(i.HAL_ADCEx_Calibration_Start)
    HAL_ADCEx_EndOfSamplingCallback          0x08001055   Thumb Code     2  stm32g4xx_hal_adc_ex.o(i.HAL_ADCEx_EndOfSamplingCallback)
    HAL_ADCEx_InjectedConfigChannel          0x08001059   Thumb Code  1540  stm32g4xx_hal_adc_ex.o(i.HAL_ADCEx_InjectedConfigChannel)
    HAL_ADCEx_InjectedConvCpltCallback       0x08001685   Thumb Code    66  stm32g4xx_it.o(i.HAL_ADCEx_InjectedConvCpltCallback)
    HAL_ADCEx_InjectedQueueOverflowCallback  0x080016d1   Thumb Code     2  stm32g4xx_hal_adc_ex.o(i.HAL_ADCEx_InjectedQueueOverflowCallback)
    HAL_ADCEx_InjectedStart                  0x080016d5   Thumb Code   254  stm32g4xx_hal_adc_ex.o(i.HAL_ADCEx_InjectedStart)
    HAL_ADCEx_LevelOutOfWindow2Callback      0x080017dd   Thumb Code     2  stm32g4xx_hal_adc_ex.o(i.HAL_ADCEx_LevelOutOfWindow2Callback)
    HAL_ADCEx_LevelOutOfWindow3Callback      0x080017df   Thumb Code     2  stm32g4xx_hal_adc_ex.o(i.HAL_ADCEx_LevelOutOfWindow3Callback)
    HAL_ADCEx_MultiModeConfigChannel         0x080017e1   Thumb Code   260  stm32g4xx_hal_adc_ex.o(i.HAL_ADCEx_MultiModeConfigChannel)
    HAL_ADC_ConvCpltCallback                 0x080018ed   Thumb Code     2  stm32g4xx_hal_adc.o(i.HAL_ADC_ConvCpltCallback)
    HAL_ADC_ErrorCallback                    0x080018ef   Thumb Code     2  stm32g4xx_hal_adc.o(i.HAL_ADC_ErrorCallback)
    HAL_ADC_IRQHandler                       0x080018f1   Thumb Code   808  stm32g4xx_hal_adc.o(i.HAL_ADC_IRQHandler)
    HAL_ADC_Init                             0x08001c21   Thumb Code   576  stm32g4xx_hal_adc.o(i.HAL_ADC_Init)
    HAL_ADC_LevelOutOfWindowCallback         0x08001e7d   Thumb Code     2  stm32g4xx_hal_adc.o(i.HAL_ADC_LevelOutOfWindowCallback)
    HAL_ADC_MspInit                          0x08001e81   Thumb Code   148  adc.o(i.HAL_ADC_MspInit)
    HAL_CORDIC_Init                          0x08001f19   Thumb Code    52  stm32g4xx_hal_cordic.o(i.HAL_CORDIC_Init)
    HAL_CORDIC_MspInit                       0x08001f4d   Thumb Code    40  cordic.o(i.HAL_CORDIC_MspInit)
    HAL_GPIO_Init                            0x08001f7d   Thumb Code   428  stm32g4xx_hal_gpio.o(i.HAL_GPIO_Init)
    HAL_GPIO_WritePin                        0x08002149   Thumb Code    10  stm32g4xx_hal_gpio.o(i.HAL_GPIO_WritePin)
    HAL_GetTick                              0x08002155   Thumb Code     6  stm32g4xx_hal.o(i.HAL_GetTick)
    HAL_IncTick                              0x08002161   Thumb Code    16  stm32g4xx_hal.o(i.HAL_IncTick)
    HAL_Init                                 0x08002179   Thumb Code    30  stm32g4xx_hal.o(i.HAL_Init)
    HAL_InitTick                             0x08002199   Thumb Code    74  stm32g4xx_hal.o(i.HAL_InitTick)
    HAL_MspInit                              0x080021f1   Thumb Code    62  stm32g4xx_hal_msp.o(i.HAL_MspInit)
    HAL_NVIC_EnableIRQ                       0x08002235   Thumb Code    40  stm32g4xx_hal_cortex.o(i.HAL_NVIC_EnableIRQ)
    HAL_NVIC_SetPriority                     0x0800225d   Thumb Code   122  stm32g4xx_hal_cortex.o(i.HAL_NVIC_SetPriority)
    HAL_NVIC_SetPriorityGrouping             0x080022d9   Thumb Code    32  stm32g4xx_hal_cortex.o(i.HAL_NVIC_SetPriorityGrouping)
    HAL_PWREx_ControlVoltageScaling          0x08002301   Thumb Code   268  stm32g4xx_hal_pwr_ex.o(i.HAL_PWREx_ControlVoltageScaling)
    HAL_PWREx_DisableUCPDDeadBattery         0x08002419   Thumb Code    14  stm32g4xx_hal_pwr_ex.o(i.HAL_PWREx_DisableUCPDDeadBattery)
    HAL_RCCEx_PeriphCLKConfig                0x0800242d   Thumb Code   872  stm32g4xx_hal_rcc_ex.o(i.HAL_RCCEx_PeriphCLKConfig)
    HAL_RCC_ClockConfig                      0x0800279d   Thumb Code   522  stm32g4xx_hal_rcc.o(i.HAL_RCC_ClockConfig)
    HAL_RCC_GetSysClockFreq                  0x080029c1   Thumb Code   138  stm32g4xx_hal_rcc.o(i.HAL_RCC_GetSysClockFreq)
    HAL_RCC_OscConfig                        0x08002a59   Thumb Code  1360  stm32g4xx_hal_rcc.o(i.HAL_RCC_OscConfig)
    HAL_SPI_Init                             0x08002fb5   Thumb Code   252  stm32g4xx_hal_spi.o(i.HAL_SPI_Init)
    HAL_SPI_MspInit                          0x080030b1   Thumb Code   110  spi.o(i.HAL_SPI_MspInit)
    HAL_SPI_TransmitReceive                  0x08003129   Thumb Code   722  stm32g4xx_hal_spi.o(i.HAL_SPI_TransmitReceive)
    HAL_SYSTICK_Config                       0x080033fb   Thumb Code    52  stm32g4xx_hal_cortex.o(i.HAL_SYSTICK_Config)
    HAL_TIMEx_ConfigBreakDeadTime            0x08003431   Thumb Code   192  stm32g4xx_hal_tim_ex.o(i.HAL_TIMEx_ConfigBreakDeadTime)
    HAL_TIMEx_MasterConfigSynchronization    0x080034f9   Thumb Code   158  stm32g4xx_hal_tim_ex.o(i.HAL_TIMEx_MasterConfigSynchronization)
    HAL_TIMEx_PWMN_Start                     0x080035b1   Thumb Code   206  stm32g4xx_hal_tim_ex.o(i.HAL_TIMEx_PWMN_Start)
    HAL_TIM_Base_Init                        0x08003699   Thumb Code   110  stm32g4xx_hal_tim.o(i.HAL_TIM_Base_Init)
    HAL_TIM_Base_MspInit                     0x08003709   Thumb Code    40  tim.o(i.HAL_TIM_Base_MspInit)
    HAL_TIM_Base_Start                       0x08003739   Thumb Code   118  stm32g4xx_hal_tim.o(i.HAL_TIM_Base_Start)
    HAL_TIM_ConfigClockSource                0x080037c9   Thumb Code   300  stm32g4xx_hal_tim.o(i.HAL_TIM_ConfigClockSource)
    HAL_TIM_MspPostInit                      0x080038fd   Thumb Code   166  tim.o(i.HAL_TIM_MspPostInit)
    HAL_TIM_PWM_ConfigChannel                0x080039b1   Thumb Code   368  stm32g4xx_hal_tim.o(i.HAL_TIM_PWM_ConfigChannel)
    HAL_TIM_PWM_Init                         0x08003b21   Thumb Code   110  stm32g4xx_hal_tim.o(i.HAL_TIM_PWM_Init)
    HAL_TIM_PWM_MspInit                      0x08003b8f   Thumb Code     2  stm32g4xx_hal_tim.o(i.HAL_TIM_PWM_MspInit)
    HAL_TIM_PWM_Start                        0x08003b91   Thumb Code   298  stm32g4xx_hal_tim.o(i.HAL_TIM_PWM_Start)
    HardFault_Handler                        0x08003cdd   Thumb Code     4  stm32g4xx_it.o(i.HardFault_Handler)
    LdqID_Task                               0x08003e61   Thumb Code   504  motorid.o(i.LdqID_Task)
    MT6701_ReadRaw                           0x080040ad   Thumb Code    26  mt6701.o(i.MT6701_ReadRaw)
    MX_ADC1_Init                             0x080040c9   Thumb Code   254  adc.o(i.MX_ADC1_Init)
    MX_CORDIC_Init                           0x080041dd   Thumb Code    22  cordic.o(i.MX_CORDIC_Init)
    MX_GPIO_Init                             0x080041fd   Thumb Code   196  gpio.o(i.MX_GPIO_Init)
    MX_SPI1_Init                             0x080042c9   Thumb Code    72  spi.o(i.MX_SPI1_Init)
    MX_TIM1_Init                             0x08004319   Thumb Code   300  tim.o(i.MX_TIM1_Init)
    MemManage_Handler                        0x0800444d   Thumb Code     4  stm32g4xx_it.o(i.MemManage_Handler)
    Mode_Task                                0x08004451   Thumb Code   210  usermain.o(i.Mode_Task)
    NMI_Handler                              0x08004541   Thumb Code     4  stm32g4xx_it.o(i.NMI_Handler)
    PID_I_Control                            0x08004545   Thumb Code   626  pid.o(i.PID_I_Control)
    PendSV_Handler                           0x080047b7   Thumb Code     2  stm32g4xx_it.o(i.PendSV_Handler)
    RsID_Task                                0x08004859   Thumb Code   434  motorid.o(i.RsID_Task)
    SVC_Handler                              0x08004c4d   Thumb Code     2  stm32g4xx_it.o(i.SVC_Handler)
    Set_SPWM                                 0x08004c51   Thumb Code   284  foc.o(i.Set_SPWM)
    Set_Svpwm                                0x08004d79   Thumb Code  1056  foc.o(i.Set_Svpwm)
    Start_Init                               0x08005199   Thumb Code   122  start_init.o(i.Start_Init)
    SysTick_Handler                          0x0800521d   Thumb Code     8  stm32g4xx_it.o(i.SysTick_Handler)
    SystemClock_Config                       0x08005225   Thumb Code   104  main.o(i.SystemClock_Config)
    SystemInit                               0x0800528d   Thumb Code    14  system_stm32g4xx.o(i.SystemInit)
    TIM_Base_SetConfig                       0x080052a1   Thumb Code   174  stm32g4xx_hal_tim.o(i.TIM_Base_SetConfig)
    TIM_CCxChannelCmd                        0x0800536d   Thumb Code    34  stm32g4xx_hal_tim.o(i.TIM_CCxChannelCmd)
    TIM_ETR_SetConfig                        0x080053b1   Thumb Code    22  stm32g4xx_hal_tim.o(i.TIM_ETR_SetConfig)
    TIM_OC2_SetConfig                        0x0800548d   Thumb Code   156  stm32g4xx_hal_tim.o(i.TIM_OC2_SetConfig)
    UsageFault_Handler                       0x080057d7   Thumb Code     4  stm32g4xx_it.o(i.UsageFault_Handler)
    __hardfp_fabs                            0x08005815   Thumb Code    20  fabs.o(i.__hardfp_fabs)
    __hardfp_floorf                          0x08005829   Thumb Code    98  floorf.o(i.__hardfp_floorf)
    __hardfp_sqrtf                           0x08005899   Thumb Code    58  sqrtf.o(i.__hardfp_sqrtf)
    main                                     0x080058d3   Thumb Code    36  main.o(i.main)
    usermain                                 0x080058f9   Thumb Code   170  usermain.o(i.usermain)
    __fpl_dcmp_Inf                           0x080059cd   Thumb Code    24  dcmpi.o(x$fpl$dcmpinf)
    __aeabi_cdcmple                          0x080059e5   Thumb Code     0  dleqf.o(x$fpl$dleqf)
    _dcmple                                  0x080059e5   Thumb Code   120  dleqf.o(x$fpl$dleqf)
    __fpl_dcmple_InfNaN                      0x08005a47   Thumb Code     0  dleqf.o(x$fpl$dleqf)
    __fpl_dnaninf                            0x08005a5d   Thumb Code   156  dnaninf.o(x$fpl$dnaninf)
    __fpl_dretinf                            0x08005af9   Thumb Code    12  dretinf.o(x$fpl$dretinf)
    __aeabi_f2d                              0x08005b05   Thumb Code     0  f2d.o(x$fpl$f2d)
    _f2d                                     0x08005b05   Thumb Code    86  f2d.o(x$fpl$f2d)
    __fpl_fnaninf                            0x08005b5b   Thumb Code   140  fnaninf.o(x$fpl$fnaninf)
    _fp_init                                 0x08005be7   Thumb Code    10  fpinit.o(x$fpl$fpinit)
    __fplib_config_fpu_vfp                   0x08005bef   Thumb Code     0  fpinit.o(x$fpl$fpinit)
    __fplib_config_pureend_doubles           0x08005bef   Thumb Code     0  fpinit.o(x$fpl$fpinit)
    __I$use$fp                               0x08005bf0   Number         0  usenofp.o(x$fpl$usenofp)
    AHBPrescTable                            0x08005bf2   Data          16  system_stm32g4xx.o(.constdata)
    APBPrescTable                            0x08005c02   Data           8  system_stm32g4xx.o(.constdata)
    sinTable_f32                             0x08005c0c   Data        2052  arm_common_tables.o(.rodata.sinTable_f32)
    Region$$Table$$Base                      0x08006410   Number         0  anon$$obj.o(Region$$Table)
    Region$$Table$$Limit                     0x08006430   Number         0  anon$$obj.o(Region$$Table)
    motor_flag                               0x20000000   Data           8  main.o(.data)
    svpwm_param                              0x20000008   Data           8  main.o(.data)
    ADC1InjectDate                           0x20000010   Data           8  main.o(.data)
    adc_map                                  0x20000018   Data           3  usermain.o(.data)
    pwm_map                                  0x2000001b   Data           3  usermain.o(.data)
    i_sign                                   0x2000001e   Data           3  usermain.o(.data)
    uwTick                                   0x20000024   Data           4  stm32g4xx_hal.o(.data)
    uwTickPrio                               0x20000028   Data           4  stm32g4xx_hal.o(.data)
    uwTickFreq                               0x2000002c   Data           4  stm32g4xx_hal.o(.data)
    SystemCoreClock                          0x20000030   Data           4  system_stm32g4xx.o(.data)
    motor_param                              0x20000034   Data          48  main.o(.bss)
    spwm_param                               0x20000064   Data          28  main.o(.bss)
    adctask_param                            0x20000080   Data          48  main.o(.bss)
    encodertask_param                        0x200000b0   Data          56  main.o(.bss)
    pid_param                                0x200000e8   Data          52  main.o(.bss)
    rsid_param                               0x2000011c   Data          92  main.o(.bss)
    hadc1                                    0x20000178   Data         108  adc.o(.bss)
    hcordic                                  0x200001e4   Data          40  cordic.o(.bss)
    hspi1                                    0x2000020c   Data         100  spi.o(.bss)
    htim1                                    0x20000270   Data          76  tim.o(.bss)
    __libspace_start                         0x200002bc   Data          96  libspace.o(.bss)
    __temporary_stack_top$libspace           0x2000031c   Data           0  libspace.o(.bss)



==============================================================================

Memory Map of the image

  Image Entry point : 0x080001d9

  Load Region LR_IROM1 (Base: 0x08000000, Size: 0x00006464, Max: 0x00020000, ABSOLUTE)

    Execution Region ER_IROM1 (Exec base: 0x08000000, Load base: 0x08000000, Size: 0x00006430, Max: 0x00020000, ABSOLUTE)

    Exec Addr    Load Addr    Size         Type   Attr      Idx    E Section Name        Object

    0x08000000   0x08000000   0x000001d8   Data   RO            3    RESET               startup_stm32g431xx.o
    0x080001d8   0x080001d8   0x00000008   Code   RO         4649  * !!!main             c_w.l(__main.o)
    0x080001e0   0x080001e0   0x00000034   Code   RO         4850    !!!scatter          c_w.l(__scatter.o)
    0x08000214   0x08000214   0x0000001a   Code   RO         4852    !!handler_copy      c_w.l(__scatter_copy.o)
    0x0800022e   0x0800022e   0x00000002   PAD
    0x08000230   0x08000230   0x0000001c   Code   RO         4854    !!handler_zi        c_w.l(__scatter_zi.o)
    0x0800024c   0x0800024c   0x00000002   Code   RO         4723    .ARM.Collect$$libinit$$00000000  c_w.l(libinit.o)
    0x0800024e   0x0800024e   0x00000004   Code   RO         4726    .ARM.Collect$$libinit$$00000001  c_w.l(libinit2.o)
    0x08000252   0x08000252   0x00000000   Code   RO         4729    .ARM.Collect$$libinit$$00000004  c_w.l(libinit2.o)
    0x08000252   0x08000252   0x00000000   Code   RO         4732    .ARM.Collect$$libinit$$0000000A  c_w.l(libinit2.o)
    0x08000252   0x08000252   0x00000000   Code   RO         4734    .ARM.Collect$$libinit$$0000000C  c_w.l(libinit2.o)
    0x08000252   0x08000252   0x00000000   Code   RO         4736    .ARM.Collect$$libinit$$0000000E  c_w.l(libinit2.o)
    0x08000252   0x08000252   0x00000000   Code   RO         4739    .ARM.Collect$$libinit$$00000011  c_w.l(libinit2.o)
    0x08000252   0x08000252   0x00000000   Code   RO         4741    .ARM.Collect$$libinit$$00000013  c_w.l(libinit2.o)
    0x08000252   0x08000252   0x00000000   Code   RO         4743    .ARM.Collect$$libinit$$00000015  c_w.l(libinit2.o)
    0x08000252   0x08000252   0x00000000   Code   RO         4745    .ARM.Collect$$libinit$$00000017  c_w.l(libinit2.o)
    0x08000252   0x08000252   0x00000000   Code   RO         4747    .ARM.Collect$$libinit$$00000019  c_w.l(libinit2.o)
    0x08000252   0x08000252   0x00000000   Code   RO         4749    .ARM.Collect$$libinit$$0000001B  c_w.l(libinit2.o)
    0x08000252   0x08000252   0x00000000   Code   RO         4751    .ARM.Collect$$libinit$$0000001D  c_w.l(libinit2.o)
    0x08000252   0x08000252   0x00000000   Code   RO         4753    .ARM.Collect$$libinit$$0000001F  c_w.l(libinit2.o)
    0x08000252   0x08000252   0x00000000   Code   RO         4755    .ARM.Collect$$libinit$$00000021  c_w.l(libinit2.o)
    0x08000252   0x08000252   0x00000000   Code   RO         4757    .ARM.Collect$$libinit$$00000023  c_w.l(libinit2.o)
    0x08000252   0x08000252   0x00000000   Code   RO         4759    .ARM.Collect$$libinit$$00000025  c_w.l(libinit2.o)
    0x08000252   0x08000252   0x00000000   Code   RO         4763    .ARM.Collect$$libinit$$0000002C  c_w.l(libinit2.o)
    0x08000252   0x08000252   0x00000000   Code   RO         4765    .ARM.Collect$$libinit$$0000002E  c_w.l(libinit2.o)
    0x08000252   0x08000252   0x00000000   Code   RO         4767    .ARM.Collect$$libinit$$00000030  c_w.l(libinit2.o)
    0x08000252   0x08000252   0x00000000   Code   RO         4769    .ARM.Collect$$libinit$$00000032  c_w.l(libinit2.o)
    0x08000252   0x08000252   0x00000002   Code   RO         4770    .ARM.Collect$$libinit$$00000033  c_w.l(libinit2.o)
    0x08000254   0x08000254   0x00000002   Code   RO         4790    .ARM.Collect$$libshutdown$$00000000  c_w.l(libshutdown.o)
    0x08000256   0x08000256   0x00000000   Code   RO         4803    .ARM.Collect$$libshutdown$$00000002  c_w.l(libshutdown2.o)
    0x08000256   0x08000256   0x00000000   Code   RO         4805    .ARM.Collect$$libshutdown$$00000004  c_w.l(libshutdown2.o)
    0x08000256   0x08000256   0x00000000   Code   RO         4808    .ARM.Collect$$libshutdown$$00000007  c_w.l(libshutdown2.o)
    0x08000256   0x08000256   0x00000000   Code   RO         4811    .ARM.Collect$$libshutdown$$0000000A  c_w.l(libshutdown2.o)
    0x08000256   0x08000256   0x00000000   Code   RO         4813    .ARM.Collect$$libshutdown$$0000000C  c_w.l(libshutdown2.o)
    0x08000256   0x08000256   0x00000000   Code   RO         4816    .ARM.Collect$$libshutdown$$0000000F  c_w.l(libshutdown2.o)
    0x08000256   0x08000256   0x00000002   Code   RO         4817    .ARM.Collect$$libshutdown$$00000010  c_w.l(libshutdown2.o)
    0x08000258   0x08000258   0x00000000   Code   RO         4679    .ARM.Collect$$rtentry$$00000000  c_w.l(__rtentry.o)
    0x08000258   0x08000258   0x00000000   Code   RO         4692    .ARM.Collect$$rtentry$$00000002  c_w.l(__rtentry2.o)
    0x08000258   0x08000258   0x00000006   Code   RO         4704    .ARM.Collect$$rtentry$$00000004  c_w.l(__rtentry4.o)
    0x0800025e   0x0800025e   0x00000000   Code   RO         4694    .ARM.Collect$$rtentry$$00000009  c_w.l(__rtentry2.o)
    0x0800025e   0x0800025e   0x00000004   Code   RO         4695    .ARM.Collect$$rtentry$$0000000A  c_w.l(__rtentry2.o)
    0x08000262   0x08000262   0x00000000   Code   RO         4697    .ARM.Collect$$rtentry$$0000000C  c_w.l(__rtentry2.o)
    0x08000262   0x08000262   0x00000008   Code   RO         4698    .ARM.Collect$$rtentry$$0000000D  c_w.l(__rtentry2.o)
    0x0800026a   0x0800026a   0x00000002   Code   RO         4724    .ARM.Collect$$rtexit$$00000000  c_w.l(rtexit.o)
    0x0800026c   0x0800026c   0x00000000   Code   RO         4772    .ARM.Collect$$rtexit$$00000002  c_w.l(rtexit2.o)
    0x0800026c   0x0800026c   0x00000004   Code   RO         4773    .ARM.Collect$$rtexit$$00000003  c_w.l(rtexit2.o)
    0x08000270   0x08000270   0x00000006   Code   RO         4774    .ARM.Collect$$rtexit$$00000004  c_w.l(rtexit2.o)
    0x08000276   0x08000276   0x00000002   PAD
    0x08000278   0x08000278   0x00000040   Code   RO            4    .text               startup_stm32g431xx.o
    0x080002b8   0x080002b8   0x0000004e   Code   RO         4645    .text               c_w.l(rt_memclr_w.o)
    0x08000306   0x08000306   0x00000006   Code   RO         4647    .text               c_w.l(heapauxi.o)
    0x0800030c   0x0800030c   0x00000016   Code   RO         4680    .text               c_w.l(_rserrno.o)
    0x08000322   0x08000322   0x00000002   PAD
    0x08000324   0x08000324   0x00000008   Code   RO         4709    .text               c_w.l(rt_errno_addr_intlibspace.o)
    0x0800032c   0x0800032c   0x00000008   Code   RO         4711    .text               c_w.l(libspace.o)
    0x08000334   0x08000334   0x0000004a   Code   RO         4714    .text               c_w.l(sys_stackheap_outer.o)
    0x0800037e   0x0800037e   0x00000012   Code   RO         4716    .text               c_w.l(exit.o)
    0x08000390   0x08000390   0x0000000c   Code   RO         4782    .text               c_w.l(sys_exit.o)
    0x0800039c   0x0800039c   0x00000002   Code   RO         4793    .text               c_w.l(use_no_semi.o)
    0x0800039e   0x0800039e   0x00000000   Code   RO         4795    .text               c_w.l(indicate_semi.o)
    0x0800039e   0x0800039e   0x00000002   PAD
    0x080003a0   0x080003a0   0x00000124   Code   RO         4515    .text.arm_sin_cos_f32  arm_cortexM4lf_math.lib(arm_sin_cos_f32.o)
    0x080004c4   0x080004c4   0x00000010   Code   RO          405    i.ADC1_2_IRQHandler  stm32g4xx_it.o
    0x080004d4   0x080004d4   0x00000094   Code   RO          780    i.ADC_Disable       stm32g4xx_hal_adc.o
    0x08000568   0x08000568   0x000000c8   Code   RO          781    i.ADC_Enable        stm32g4xx_hal_adc.o
    0x08000630   0x08000630   0x000004a0   Code   RO          520    i.ADC_Task          usermain.o
    0x08000ad0   0x08000ad0   0x000000d4   Code   RO          594    i.Angle_Limit       foc.o
    0x08000ba4   0x08000ba4   0x00000004   Code   RO          406    i.BusFault_Handler  stm32g4xx_it.o
    0x08000ba8   0x08000ba8   0x0000021c   Code   RO          521    i.Data_Init         usermain.o
    0x08000dc4   0x08000dc4   0x00000002   Code   RO          407    i.DebugMon_Handler  stm32g4xx_it.o
    0x08000dc6   0x08000dc6   0x00000002   PAD
    0x08000dc8   0x08000dc8   0x0000015c   Code   RO          522    i.Encoder_Task      usermain.o
    0x08000f24   0x08000f24   0x00000006   Code   RO           13    i.Error_Handler     main.o
    0x08000f2a   0x08000f2a   0x00000002   PAD
    0x08000f2c   0x08000f2c   0x00000078   Code   RO          595    i.Getdq             foc.o
    0x08000fa4   0x08000fa4   0x000000b0   Code   RO         1054    i.HAL_ADCEx_Calibration_Start  stm32g4xx_hal_adc_ex.o
    0x08001054   0x08001054   0x00000002   Code   RO         1058    i.HAL_ADCEx_EndOfSamplingCallback  stm32g4xx_hal_adc_ex.o
    0x08001056   0x08001056   0x00000002   PAD
    0x08001058   0x08001058   0x0000062c   Code   RO         1060    i.HAL_ADCEx_InjectedConfigChannel  stm32g4xx_hal_adc_ex.o
    0x08001684   0x08001684   0x0000004c   Code   RO          408    i.HAL_ADCEx_InjectedConvCpltCallback  stm32g4xx_it.o
    0x080016d0   0x080016d0   0x00000002   Code   RO         1064    i.HAL_ADCEx_InjectedQueueOverflowCallback  stm32g4xx_hal_adc_ex.o
    0x080016d2   0x080016d2   0x00000002   PAD
    0x080016d4   0x080016d4   0x00000108   Code   RO         1065    i.HAL_ADCEx_InjectedStart  stm32g4xx_hal_adc_ex.o
    0x080017dc   0x080017dc   0x00000002   Code   RO         1069    i.HAL_ADCEx_LevelOutOfWindow2Callback  stm32g4xx_hal_adc_ex.o
    0x080017de   0x080017de   0x00000002   Code   RO         1070    i.HAL_ADCEx_LevelOutOfWindow3Callback  stm32g4xx_hal_adc_ex.o
    0x080017e0   0x080017e0   0x0000010c   Code   RO         1071    i.HAL_ADCEx_MultiModeConfigChannel  stm32g4xx_hal_adc_ex.o
    0x080018ec   0x080018ec   0x00000002   Code   RO          784    i.HAL_ADC_ConvCpltCallback  stm32g4xx_hal_adc.o
    0x080018ee   0x080018ee   0x00000002   Code   RO          787    i.HAL_ADC_ErrorCallback  stm32g4xx_hal_adc.o
    0x080018f0   0x080018f0   0x00000330   Code   RO          791    i.HAL_ADC_IRQHandler  stm32g4xx_hal_adc.o
    0x08001c20   0x08001c20   0x0000025c   Code   RO          792    i.HAL_ADC_Init      stm32g4xx_hal_adc.o
    0x08001e7c   0x08001e7c   0x00000002   Code   RO          793    i.HAL_ADC_LevelOutOfWindowCallback  stm32g4xx_hal_adc.o
    0x08001e7e   0x08001e7e   0x00000002   PAD
    0x08001e80   0x08001e80   0x00000098   Code   RO          232    i.HAL_ADC_MspInit   adc.o
    0x08001f18   0x08001f18   0x00000034   Code   RO         2862    i.HAL_CORDIC_Init   stm32g4xx_hal_cordic.o
    0x08001f4c   0x08001f4c   0x00000030   Code   RO          274    i.HAL_CORDIC_MspInit  cordic.o
    0x08001f7c   0x08001f7c   0x000001cc   Code   RO         2064    i.HAL_GPIO_Init     stm32g4xx_hal_gpio.o
    0x08002148   0x08002148   0x0000000a   Code   RO         2068    i.HAL_GPIO_WritePin  stm32g4xx_hal_gpio.o
    0x08002152   0x08002152   0x00000002   PAD
    0x08002154   0x08002154   0x0000000c   Code   RO         1299    i.HAL_GetTick       stm32g4xx_hal.o
    0x08002160   0x08002160   0x00000018   Code   RO         1305    i.HAL_IncTick       stm32g4xx_hal.o
    0x08002178   0x08002178   0x0000001e   Code   RO         1306    i.HAL_Init          stm32g4xx_hal.o
    0x08002196   0x08002196   0x00000002   PAD
    0x08002198   0x08002198   0x00000058   Code   RO         1307    i.HAL_InitTick      stm32g4xx_hal.o
    0x080021f0   0x080021f0   0x00000044   Code   RO          496    i.HAL_MspInit       stm32g4xx_hal_msp.o
    0x08002234   0x08002234   0x00000028   Code   RO         2711    i.HAL_NVIC_EnableIRQ  stm32g4xx_hal_cortex.o
    0x0800225c   0x0800225c   0x0000007a   Code   RO         2717    i.HAL_NVIC_SetPriority  stm32g4xx_hal_cortex.o
    0x080022d6   0x080022d6   0x00000002   PAD
    0x080022d8   0x080022d8   0x00000028   Code   RO         2718    i.HAL_NVIC_SetPriorityGrouping  stm32g4xx_hal_cortex.o
    0x08002300   0x08002300   0x00000118   Code   RO         2467    i.HAL_PWREx_ControlVoltageScaling  stm32g4xx_hal_pwr_ex.o
    0x08002418   0x08002418   0x00000014   Code   RO         2479    i.HAL_PWREx_DisableUCPDDeadBattery  stm32g4xx_hal_pwr_ex.o
    0x0800242c   0x0800242c   0x00000370   Code   RO         1671    i.HAL_RCCEx_PeriphCLKConfig  stm32g4xx_hal_rcc_ex.o
    0x0800279c   0x0800279c   0x00000224   Code   RO         1541    i.HAL_RCC_ClockConfig  stm32g4xx_hal_rcc.o
    0x080029c0   0x080029c0   0x00000098   Code   RO         1551    i.HAL_RCC_GetSysClockFreq  stm32g4xx_hal_rcc.o
    0x08002a58   0x08002a58   0x0000055c   Code   RO         1554    i.HAL_RCC_OscConfig  stm32g4xx_hal_rcc.o
    0x08002fb4   0x08002fb4   0x000000fc   Code   RO         2984    i.HAL_SPI_Init      stm32g4xx_hal_spi.o
    0x080030b0   0x080030b0   0x00000078   Code   RO          316    i.HAL_SPI_MspInit   spi.o
    0x08003128   0x08003128   0x000002d2   Code   RO         2993    i.HAL_SPI_TransmitReceive  stm32g4xx_hal_spi.o
    0x080033fa   0x080033fa   0x00000034   Code   RO         2722    i.HAL_SYSTICK_Config  stm32g4xx_hal_cortex.o
    0x0800342e   0x0800342e   0x00000002   PAD
    0x08003430   0x08003430   0x000000c8   Code   RO         4056    i.HAL_TIMEx_ConfigBreakDeadTime  stm32g4xx_hal_tim_ex.o
    0x080034f8   0x080034f8   0x000000b8   Code   RO         4093    i.HAL_TIMEx_MasterConfigSynchronization  stm32g4xx_hal_tim_ex.o
    0x080035b0   0x080035b0   0x000000e8   Code   RO         4105    i.HAL_TIMEx_PWMN_Start  stm32g4xx_hal_tim_ex.o
    0x08003698   0x08003698   0x0000006e   Code   RO         3326    i.HAL_TIM_Base_Init  stm32g4xx_hal_tim.o
    0x08003706   0x08003706   0x00000002   PAD
    0x08003708   0x08003708   0x00000030   Code   RO          358    i.HAL_TIM_Base_MspInit  tim.o
    0x08003738   0x08003738   0x00000090   Code   RO         3329    i.HAL_TIM_Base_Start  stm32g4xx_hal_tim.o
    0x080037c8   0x080037c8   0x00000134   Code   RO         3335    i.HAL_TIM_ConfigClockSource  stm32g4xx_hal_tim.o
    0x080038fc   0x080038fc   0x000000b4   Code   RO          359    i.HAL_TIM_MspPostInit  tim.o
    0x080039b0   0x080039b0   0x00000170   Code   RO         3398    i.HAL_TIM_PWM_ConfigChannel  stm32g4xx_hal_tim.o
    0x08003b20   0x08003b20   0x0000006e   Code   RO         3401    i.HAL_TIM_PWM_Init  stm32g4xx_hal_tim.o
    0x08003b8e   0x08003b8e   0x00000002   Code   RO         3403    i.HAL_TIM_PWM_MspInit  stm32g4xx_hal_tim.o
    0x08003b90   0x08003b90   0x0000014c   Code   RO         3406    i.HAL_TIM_PWM_Start  stm32g4xx_hal_tim.o
    0x08003cdc   0x08003cdc   0x00000004   Code   RO          409    i.HardFault_Handler  stm32g4xx_it.o
    0x08003ce0   0x08003ce0   0x00000010   Code   RO          806    i.LL_ADC_Enable     stm32g4xx_hal_adc.o
    0x08003cf0   0x08003cf0   0x0000000a   Code   RO          807    i.LL_ADC_GetMultimode  stm32g4xx_hal_adc.o
    0x08003cfa   0x08003cfa   0x00000012   Code   RO         1079    i.LL_ADC_GetOffsetChannel  stm32g4xx_hal_adc_ex.o
    0x08003d0c   0x08003d0c   0x0000000a   Code   RO         1080    i.LL_ADC_INJ_GetTrigAuto  stm32g4xx_hal_adc_ex.o
    0x08003d16   0x08003d16   0x0000000a   Code   RO          809    i.LL_ADC_INJ_IsConversionOngoing  stm32g4xx_hal_adc.o
    0x08003d20   0x08003d20   0x0000000a   Code   RO         1081    i.LL_ADC_INJ_IsConversionOngoing  stm32g4xx_hal_adc_ex.o
    0x08003d2a   0x08003d2a   0x00000002   PAD
    0x08003d2c   0x08003d2c   0x00000014   Code   RO         1082    i.LL_ADC_INJ_StartConversion  stm32g4xx_hal_adc_ex.o
    0x08003d40   0x08003d40   0x0000000a   Code   RO          810    i.LL_ADC_IsDisableOngoing  stm32g4xx_hal_adc.o
    0x08003d4a   0x08003d4a   0x0000000a   Code   RO          811    i.LL_ADC_IsEnabled  stm32g4xx_hal_adc.o
    0x08003d54   0x08003d54   0x0000000a   Code   RO         1083    i.LL_ADC_IsEnabled  stm32g4xx_hal_adc_ex.o
    0x08003d5e   0x08003d5e   0x0000000a   Code   RO          812    i.LL_ADC_IsInternalRegulatorEnabled  stm32g4xx_hal_adc.o
    0x08003d68   0x08003d68   0x0000000a   Code   RO          813    i.LL_ADC_REG_IsConversionOngoing  stm32g4xx_hal_adc.o
    0x08003d72   0x08003d72   0x0000000a   Code   RO         1084    i.LL_ADC_REG_IsConversionOngoing  stm32g4xx_hal_adc_ex.o
    0x08003d7c   0x08003d7c   0x00000012   Code   RO          814    i.LL_ADC_REG_IsTriggerSourceSWStart  stm32g4xx_hal_adc.o
    0x08003d8e   0x08003d8e   0x00000028   Code   RO         1085    i.LL_ADC_SetChannelSamplingTime  stm32g4xx_hal_adc_ex.o
    0x08003db6   0x08003db6   0x0000000c   Code   RO         1086    i.LL_ADC_SetCommonPathInternalCh  stm32g4xx_hal_adc_ex.o
    0x08003dc2   0x08003dc2   0x00000016   Code   RO         1087    i.LL_ADC_SetOffsetState  stm32g4xx_hal_adc_ex.o
    0x08003dd8   0x08003dd8   0x0000000c   Code   RO         1088    i.LL_ADC_SetSamplingTimeCommonConfig  stm32g4xx_hal_adc_ex.o
    0x08003de4   0x08003de4   0x0000007c   Code   RO          671    i.LdqID_Init        motorid.o
    0x08003e60   0x08003e60   0x00000214   Code   RO          672    i.LdqID_Task        motorid.o
    0x08004074   0x08004074   0x00000038   Code   RO          742    i.MT6701_Read       mt6701.o
    0x080040ac   0x080040ac   0x0000001a   Code   RO          743    i.MT6701_ReadRaw    mt6701.o
    0x080040c6   0x080040c6   0x00000002   PAD
    0x080040c8   0x080040c8   0x00000114   Code   RO          233    i.MX_ADC1_Init      adc.o
    0x080041dc   0x080041dc   0x00000020   Code   RO          275    i.MX_CORDIC_Init    cordic.o
    0x080041fc   0x080041fc   0x000000cc   Code   RO          207    i.MX_GPIO_Init      gpio.o
    0x080042c8   0x080042c8   0x00000050   Code   RO          317    i.MX_SPI1_Init      spi.o
    0x08004318   0x08004318   0x00000134   Code   RO          360    i.MX_TIM1_Init      tim.o
    0x0800444c   0x0800444c   0x00000004   Code   RO          410    i.MemManage_Handler  stm32g4xx_it.o
    0x08004450   0x08004450   0x000000f0   Code   RO          523    i.Mode_Task         usermain.o
    0x08004540   0x08004540   0x00000004   Code   RO          411    i.NMI_Handler       stm32g4xx_it.o
    0x08004544   0x08004544   0x00000272   Code   RO          643    i.PID_I_Control     pid.o
    0x080047b6   0x080047b6   0x00000002   Code   RO          412    i.PendSV_Handler    stm32g4xx_it.o
    0x080047b8   0x080047b8   0x00000068   Code   RO         1555    i.RCC_GetSysClockFreqFromPLLSource  stm32g4xx_hal_rcc.o
    0x08004820   0x08004820   0x00000038   Code   RO          673    i.RsID_Init         motorid.o
    0x08004858   0x08004858   0x000001c0   Code   RO          674    i.RsID_Task         motorid.o
    0x08004a18   0x08004a18   0x00000064   Code   RO         3022    i.SPI_EndRxTxTransaction  stm32g4xx_hal_spi.o
    0x08004a7c   0x08004a7c   0x000000f8   Code   RO         3027    i.SPI_WaitFifoStateUntilTimeout  stm32g4xx_hal_spi.o
    0x08004b74   0x08004b74   0x000000d8   Code   RO         3028    i.SPI_WaitFlagStateUntilTimeout  stm32g4xx_hal_spi.o
    0x08004c4c   0x08004c4c   0x00000002   Code   RO          413    i.SVC_Handler       stm32g4xx_it.o
    0x08004c4e   0x08004c4e   0x00000002   PAD
    0x08004c50   0x08004c50   0x00000128   Code   RO          596    i.Set_SPWM          foc.o
    0x08004d78   0x08004d78   0x00000420   Code   RO          597    i.Set_Svpwm         foc.o
    0x08005198   0x08005198   0x00000084   Code   RO          715    i.Start_Init        start_init.o
    0x0800521c   0x0800521c   0x00000008   Code   RO          414    i.SysTick_Handler   stm32g4xx_it.o
    0x08005224   0x08005224   0x00000068   Code   RO           14    i.SystemClock_Config  main.o
    0x0800528c   0x0800528c   0x00000014   Code   RO         4481    i.SystemInit        system_stm32g4xx.o
    0x080052a0   0x080052a0   0x000000cc   Code   RO         3419    i.TIM_Base_SetConfig  stm32g4xx_hal_tim.o
    0x0800536c   0x0800536c   0x00000022   Code   RO         3420    i.TIM_CCxChannelCmd  stm32g4xx_hal_tim.o
    0x0800538e   0x0800538e   0x00000022   Code   RO         4117    i.TIM_CCxNChannelCmd  stm32g4xx_hal_tim_ex.o
    0x080053b0   0x080053b0   0x00000016   Code   RO         3430    i.TIM_ETR_SetConfig  stm32g4xx_hal_tim.o
    0x080053c6   0x080053c6   0x00000002   PAD
    0x080053c8   0x080053c8   0x00000018   Code   RO         3431    i.TIM_ITRx_SetConfig  stm32g4xx_hal_tim.o
    0x080053e0   0x080053e0   0x000000ac   Code   RO         3432    i.TIM_OC1_SetConfig  stm32g4xx_hal_tim.o
    0x0800548c   0x0800548c   0x000000b4   Code   RO         3433    i.TIM_OC2_SetConfig  stm32g4xx_hal_tim.o
    0x08005540   0x08005540   0x000000b4   Code   RO         3434    i.TIM_OC3_SetConfig  stm32g4xx_hal_tim.o
    0x080055f4   0x080055f4   0x000000b4   Code   RO         3435    i.TIM_OC4_SetConfig  stm32g4xx_hal_tim.o
    0x080056a8   0x080056a8   0x00000070   Code   RO         3436    i.TIM_OC5_SetConfig  stm32g4xx_hal_tim.o
    0x08005718   0x08005718   0x00000070   Code   RO         3437    i.TIM_OC6_SetConfig  stm32g4xx_hal_tim.o
    0x08005788   0x08005788   0x00000026   Code   RO         3439    i.TIM_TI1_ConfigInputStage  stm32g4xx_hal_tim.o
    0x080057ae   0x080057ae   0x00000028   Code   RO         3441    i.TIM_TI2_ConfigInputStage  stm32g4xx_hal_tim.o
    0x080057d6   0x080057d6   0x00000004   Code   RO          415    i.UsageFault_Handler  stm32g4xx_it.o
    0x080057da   0x080057da   0x00000002   PAD
    0x080057dc   0x080057dc   0x00000010   Code   RO         2724    i.__NVIC_GetPriorityGrouping  stm32g4xx_hal_cortex.o
    0x080057ec   0x080057ec   0x00000028   Code   RO         2725    i.__NVIC_SetPriority  stm32g4xx_hal_cortex.o
    0x08005814   0x08005814   0x00000014   Code   RO         4655    i.__hardfp_fabs     m_wm.l(fabs.o)
    0x08005828   0x08005828   0x00000070   Code   RO         4661    i.__hardfp_floorf   m_wm.l(floorf.o)
    0x08005898   0x08005898   0x0000003a   Code   RO         4667    i.__hardfp_sqrtf    m_wm.l(sqrtf.o)
    0x080058d2   0x080058d2   0x00000024   Code   RO           15    i.main              main.o
    0x080058f6   0x080058f6   0x00000002   PAD
    0x080058f8   0x080058f8   0x000000d4   Code   RO          524    i.usermain          usermain.o
    0x080059cc   0x080059cc   0x00000018   Code   RO         4682    x$fpl$dcmpinf       fz_wm.l(dcmpi.o)
    0x080059e4   0x080059e4   0x00000078   Code   RO         4651    x$fpl$dleqf         fz_wm.l(dleqf.o)
    0x08005a5c   0x08005a5c   0x0000009c   Code   RO         4684    x$fpl$dnaninf       fz_wm.l(dnaninf.o)
    0x08005af8   0x08005af8   0x0000000c   Code   RO         4686    x$fpl$dretinf       fz_wm.l(dretinf.o)
    0x08005b04   0x08005b04   0x00000056   Code   RO         4653    x$fpl$f2d           fz_wm.l(f2d.o)
    0x08005b5a   0x08005b5a   0x0000008c   Code   RO         4688    x$fpl$fnaninf       fz_wm.l(fnaninf.o)
    0x08005be6   0x08005be6   0x0000000a   Code   RO         4780    x$fpl$fpinit        fz_wm.l(fpinit.o)
    0x08005bf0   0x08005bf0   0x00000000   Code   RO         4690    x$fpl$usenofp       fz_wm.l(usenofp.o)
    0x08005bf0   0x08005bf0   0x00000002   Data   RO          744    .constdata          mt6701.o
    0x08005bf2   0x08005bf2   0x00000018   Data   RO         4482    .constdata          system_stm32g4xx.o
    0x08005c0a   0x08005c0a   0x00000002   PAD
    0x08005c0c   0x08005c0c   0x00000804   Data   RO         4636    .rodata.sinTable_f32  arm_cortexM4lf_math.lib(arm_common_tables.o)
    0x08006410   0x08006410   0x00000020   Data   RO         4848    Region$$Table       anon$$obj.o


    Execution Region RW_IRAM1 (Exec base: 0x20000000, Load base: 0x08006430, Size: 0x00000920, Max: 0x00008000, ABSOLUTE)

    Exec Addr    Load Addr    Size         Type   Attr      Idx    E Section Name        Object

    0x20000000   0x08006430   0x00000018   Data   RW           17    .data               main.o
    0x20000018   0x08006448   0x00000009   Data   RW          525    .data               usermain.o
    0x20000021   0x08006451   0x00000003   PAD
    0x20000024   0x08006454   0x0000000c   Data   RW         1326    .data               stm32g4xx_hal.o
    0x20000030   0x08006460   0x00000004   Data   RW         4483    .data               system_stm32g4xx.o
    0x20000034        -       0x00000144   Zero   RW           16    .bss                main.o
    0x20000178        -       0x0000006c   Zero   RW          234    .bss                adc.o
    0x200001e4        -       0x00000028   Zero   RW          276    .bss                cordic.o
    0x2000020c        -       0x00000064   Zero   RW          318    .bss                spi.o
    0x20000270        -       0x0000004c   Zero   RW          361    .bss                tim.o
    0x200002bc        -       0x00000060   Zero   RW         4712    .bss                c_w.l(libspace.o)
    0x2000031c   0x08006464   0x00000004   PAD
    0x20000320        -       0x00000200   Zero   RW            2    HEAP                startup_stm32g431xx.o
    0x20000520        -       0x00000400   Zero   RW            1    STACK               startup_stm32g431xx.o


==============================================================================

Image component sizes


      Code (inc. data)   RO Data    RW Data    ZI Data      Debug   Object Name

       428         26          0          0        108       1949   adc.o
        80         18          0          0         40       1524   cordic.o
      1684         84          0          0          0      22065   foc.o
       204          8          0          0          0        971   gpio.o
       146          0          0         24        324     674640   main.o
      1160         80          0          0          0       3540   motorid.o
        82         10          2          0          0       1553   mt6701.o
       626          0          0          0          0       1279   pid.o
       200         18          0          0        100       1665   spi.o
       132         10          0          0          0        553   start_init.o
        64         26        472          0       1536        840   startup_stm32g431xx.o
       154         28          0         12          0       3661   stm32g4xx_hal.o
      1868         64          0          0          0      77269   stm32g4xx_hal_adc.o
      2460         90          0          0          0      79861   stm32g4xx_hal_adc_ex.o
        52          0          0          0          0       1102   stm32g4xx_hal_cordic.o
       310         22          0          0          0      34319   stm32g4xx_hal_cortex.o
       470         32          0          0          0       2040   stm32g4xx_hal_gpio.o
        68          6          0          0          0        850   stm32g4xx_hal_msp.o
       300         18          0          0          0       1405   stm32g4xx_hal_pwr_ex.o
      2176         80          0          0          0       5504   stm32g4xx_hal_rcc.o
       880          8          0          0          0       1868   stm32g4xx_hal_rcc_ex.o
      1538         12          0          0          0       5905   stm32g4xx_hal_spi.o
      2672        262          0          0          0      14871   stm32g4xx_hal_tim.o
       650         60          0          0          0       3811   stm32g4xx_hal_tim_ex.o
       126         16          0          0          0       5750   stm32g4xx_it.o
        20          6         24          4          0       1115   system_stm32g4xx.o
       536         30          0          0         76       2592   tim.o
      2524        270          0          9          0       4592   usermain.o

    ----------------------------------------------------------------------
     21642       1284        532         52       2184     957094   Object Totals
         0          0         32          0          0          0   (incl. Generated)
        32          0          2          3          0          0   (incl. Padding)

    ----------------------------------------------------------------------

      Code (inc. data)   RO Data    RW Data    ZI Data      Debug   Library Member Name

         0          0       2052          0          0       6294   arm_common_tables.o
       292         16          0          0          0       1600   arm_sin_cos_f32.o
         8          0          0          0          0         68   __main.o
         0          0          0          0          0          0   __rtentry.o
        12          0          0          0          0          0   __rtentry2.o
         6          0          0          0          0          0   __rtentry4.o
        52          8          0          0          0          0   __scatter.o
        26          0          0          0          0          0   __scatter_copy.o
        28          0          0          0          0          0   __scatter_zi.o
        22          0          0          0          0        100   _rserrno.o
        18          0          0          0          0         80   exit.o
         6          0          0          0          0        152   heapauxi.o
         0          0          0          0          0          0   indicate_semi.o
         2          0          0          0          0          0   libinit.o
         6          0          0          0          0          0   libinit2.o
         2          0          0          0          0          0   libshutdown.o
         2          0          0          0          0          0   libshutdown2.o
         8          4          0          0         96         68   libspace.o
         8          4          0          0          0         68   rt_errno_addr_intlibspace.o
        78          0          0          0          0         80   rt_memclr_w.o
         2          0          0          0          0          0   rtexit.o
        10          0          0          0          0          0   rtexit2.o
        12          4          0          0          0         68   sys_exit.o
        74          0          0          0          0         80   sys_stackheap_outer.o
         2          0          0          0          0         68   use_no_semi.o
        24          0          0          0          0        116   dcmpi.o
       120          4          0          0          0        140   dleqf.o
       156          4          0          0          0        140   dnaninf.o
        12          0          0          0          0        116   dretinf.o
        86          4          0          0          0        132   f2d.o
       140          4          0          0          0        132   fnaninf.o
        10          0          0          0          0        116   fpinit.o
         0          0          0          0          0          0   usenofp.o
        20          0          0          0          0        124   fabs.o
       112         14          0          0          0        116   floorf.o
        58          0          0          0          0        136   sqrtf.o

    ----------------------------------------------------------------------
      1422         66       2052          0        100       9994   Library Totals
         8          0          0          0          4          0   (incl. Padding)

    ----------------------------------------------------------------------

      Code (inc. data)   RO Data    RW Data    ZI Data      Debug   Library Name

       292         16       2052          0          0       7894   arm_cortexM4lf_math.lib
       384         20          0          0         96        832   c_w.l
       548         16          0          0          0        892   fz_wm.l
       190         14          0          0          0        376   m_wm.l

    ----------------------------------------------------------------------
      1422         66       2052          0        100       9994   Library Totals

    ----------------------------------------------------------------------

==============================================================================


      Code (inc. data)   RO Data    RW Data    ZI Data      Debug   

     23064       1350       2584         52       2284     954276   Grand Totals
     23064       1350       2584         52       2284     954276   ELF Image Totals
     23064       1350       2584         52          0          0   ROM Totals

==============================================================================

    Total RO  Size (Code + RO Data)                25648 (  25.05kB)
    Total RW  Size (RW Data + ZI Data)              2336 (   2.28kB)
    Total ROM Size (Code + RO Data + RW Data)      25700 (  25.10kB)

==============================================================================

